Archive member included to satisfy reference by file (symbol)

c:/st/stm32cubeide_1.6.1/stm32cubeide/plugins/com.st.stm32cube.ide.mcu.externaltools.gnu-tools-for-stm32.9-2020-q2-update.win32_1.5.0.202011040924/tools/bin/../lib/gcc/arm-none-eabi/9.3.1/../../../../arm-none-eabi/lib/thumb/v7e-m+fp/hard\libc_nano.a(lib_a-errno.o)
                              Src/syscalls.o (__errno)
c:/st/stm32cubeide_1.6.1/stm32cubeide/plugins/com.st.stm32cube.ide.mcu.externaltools.gnu-tools-for-stm32.9-2020-q2-update.win32_1.5.0.202011040924/tools/bin/../lib/gcc/arm-none-eabi/9.3.1/../../../../arm-none-eabi/lib/thumb/v7e-m+fp/hard\libc_nano.a(lib_a-exit.o)
                              c:/st/stm32cubeide_1.6.1/stm32cubeide/plugins/com.st.stm32cube.ide.mcu.externaltools.gnu-tools-for-stm32.9-2020-q2-update.win32_1.5.0.202011040924/tools/bin/../lib/gcc/arm-none-eabi/9.3.1/../../../../arm-none-eabi/lib/thumb/v7e-m+fp/hard/crt0.o (exit)
c:/st/stm32cubeide_1.6.1/stm32cubeide/plugins/com.st.stm32cube.ide.mcu.externaltools.gnu-tools-for-stm32.9-2020-q2-update.win32_1.5.0.202011040924/tools/bin/../lib/gcc/arm-none-eabi/9.3.1/../../../../arm-none-eabi/lib/thumb/v7e-m+fp/hard\libc_nano.a(lib_a-impure.o)
                              c:/st/stm32cubeide_1.6.1/stm32cubeide/plugins/com.st.stm32cube.ide.mcu.externaltools.gnu-tools-for-stm32.9-2020-q2-update.win32_1.5.0.202011040924/tools/bin/../lib/gcc/arm-none-eabi/9.3.1/../../../../arm-none-eabi/lib/thumb/v7e-m+fp/hard\libc_nano.a(lib_a-exit.o) (_global_impure_ptr)
c:/st/stm32cubeide_1.6.1/stm32cubeide/plugins/com.st.stm32cube.ide.mcu.externaltools.gnu-tools-for-stm32.9-2020-q2-update.win32_1.5.0.202011040924/tools/bin/../lib/gcc/arm-none-eabi/9.3.1/../../../../arm-none-eabi/lib/thumb/v7e-m+fp/hard\libc_nano.a(lib_a-init.o)
                              c:/st/stm32cubeide_1.6.1/stm32cubeide/plugins/com.st.stm32cube.ide.mcu.externaltools.gnu-tools-for-stm32.9-2020-q2-update.win32_1.5.0.202011040924/tools/bin/../lib/gcc/arm-none-eabi/9.3.1/../../../../arm-none-eabi/lib/thumb/v7e-m+fp/hard/crt0.o (__libc_init_array)
c:/st/stm32cubeide_1.6.1/stm32cubeide/plugins/com.st.stm32cube.ide.mcu.externaltools.gnu-tools-for-stm32.9-2020-q2-update.win32_1.5.0.202011040924/tools/bin/../lib/gcc/arm-none-eabi/9.3.1/../../../../arm-none-eabi/lib/thumb/v7e-m+fp/hard\libc_nano.a(lib_a-memset.o)
                              c:/st/stm32cubeide_1.6.1/stm32cubeide/plugins/com.st.stm32cube.ide.mcu.externaltools.gnu-tools-for-stm32.9-2020-q2-update.win32_1.5.0.202011040924/tools/bin/../lib/gcc/arm-none-eabi/9.3.1/../../../../arm-none-eabi/lib/thumb/v7e-m+fp/hard/crt0.o (memset)
c:/st/stm32cubeide_1.6.1/stm32cubeide/plugins/com.st.stm32cube.ide.mcu.externaltools.gnu-tools-for-stm32.9-2020-q2-update.win32_1.5.0.202011040924/tools/bin/../lib/gcc/arm-none-eabi/9.3.1/../../../../arm-none-eabi/lib/thumb/v7e-m+fp/hard\libc_nano.a(lib_a-sprintf.o)
                              Src/esp82xx_lib.o (sprintf)
c:/st/stm32cubeide_1.6.1/stm32cubeide/plugins/com.st.stm32cube.ide.mcu.externaltools.gnu-tools-for-stm32.9-2020-q2-update.win32_1.5.0.202011040924/tools/bin/../lib/gcc/arm-none-eabi/9.3.1/../../../../arm-none-eabi/lib/thumb/v7e-m+fp/hard\libc_nano.a(lib_a-strcmp.o)
                              Src/esp82xx_lib.o (strcmp)
c:/st/stm32cubeide_1.6.1/stm32cubeide/plugins/com.st.stm32cube.ide.mcu.externaltools.gnu-tools-for-stm32.9-2020-q2-update.win32_1.5.0.202011040924/tools/bin/../lib/gcc/arm-none-eabi/9.3.1/../../../../arm-none-eabi/lib/thumb/v7e-m+fp/hard\libc_nano.a(lib_a-strlen.o)
                              Src/circular_buffer.o (strlen)
c:/st/stm32cubeide_1.6.1/stm32cubeide/plugins/com.st.stm32cube.ide.mcu.externaltools.gnu-tools-for-stm32.9-2020-q2-update.win32_1.5.0.202011040924/tools/bin/../lib/gcc/arm-none-eabi/9.3.1/../../../../arm-none-eabi/lib/thumb/v7e-m+fp/hard\libc_nano.a(lib_a-nano-svfprintf.o)
                              c:/st/stm32cubeide_1.6.1/stm32cubeide/plugins/com.st.stm32cube.ide.mcu.externaltools.gnu-tools-for-stm32.9-2020-q2-update.win32_1.5.0.202011040924/tools/bin/../lib/gcc/arm-none-eabi/9.3.1/../../../../arm-none-eabi/lib/thumb/v7e-m+fp/hard\libc_nano.a(lib_a-sprintf.o) (_svfprintf_r)
c:/st/stm32cubeide_1.6.1/stm32cubeide/plugins/com.st.stm32cube.ide.mcu.externaltools.gnu-tools-for-stm32.9-2020-q2-update.win32_1.5.0.202011040924/tools/bin/../lib/gcc/arm-none-eabi/9.3.1/../../../../arm-none-eabi/lib/thumb/v7e-m+fp/hard\libc_nano.a(lib_a-nano-vfprintf_i.o)
                              c:/st/stm32cubeide_1.6.1/stm32cubeide/plugins/com.st.stm32cube.ide.mcu.externaltools.gnu-tools-for-stm32.9-2020-q2-update.win32_1.5.0.202011040924/tools/bin/../lib/gcc/arm-none-eabi/9.3.1/../../../../arm-none-eabi/lib/thumb/v7e-m+fp/hard\libc_nano.a(lib_a-nano-svfprintf.o) (_printf_i)
[...]
Memory Configuration

Name             Origin             Length             Attributes
RAM              0x0000000020000000 0x0000000000020000 xrw
FLASH            0x0000000008000000 0x0000000000080000 xr
*default*        0x0000000000000000 0xffffffffffffffff

Linker script and memory map

LOAD c:/st/stm32cubeide_1.6.1/stm32cubeide/plugins/com.st.stm32cube.ide.mcu.externaltools.gnu-tools-for-stm32.9-2020-q2-update.win32_1.5.0.202011040924/tools/bin/../lib/gcc/arm-none-eabi/9.3.1/thumb/v7e-m+fp/hard/crti.o
LOAD c:/st/stm32cubeide_1.6.1/stm32cubeide/plugins/com.st.stm32cube.ide.mcu.externaltools.gnu-tools-for-stm32.9-2020-q2-update.win32_1.5.0.202011040924/tools/bin/../lib/gcc/arm-none-eabi/9.3.1/thumb/v7e-m+fp/hard/crtbegin.o
LOAD c:/st/stm32cubeide_1.6.1/stm32cubeide/plugins/com.st.stm32cube.ide.mcu.externaltools.gnu-tools-for-stm32.9-2020-q2-update.win32_1.5.0.202011040924/tools/bin/../lib/gcc/arm-none-eabi/9.3.1/../../../../arm-none-eabi/lib/thumb/v7e-m+fp/hard/crt0.o
LOAD Src/circular_buffer.o
LOAD Src/esp82xx_driver.o
LOAD Src/esp82xx_lib.o
LOAD Src/fifo.o
LOAD Src/hardware_modules.o
LOAD Src/main.o
LOAD Src/syscalls.o
LOAD Src/sysmem.o
LOAD Startup/startup_stm32f411retx.o
START GROUP
LOAD c:/st/stm32cubeide_1.6.1/stm32cubeide/plugins/com.st.stm32cube.ide.mcu.externaltools.gnu-tools-for-stm32.9-2020-q2-update.win32_1.5.0.202011040924/tools/bin/../lib/gcc/arm-none-eabi/9.3.1/../../../../arm-none-eabi/lib/thumb/v7e-m+fp/hard\libc_nano.a
LOAD c:/st/stm32cubeide_1.6.1/stm32cubeide/plugins/com.st.stm32cube.ide.mcu.externaltools.gnu-tools-for-stm32.9-2020-q2-update.win32_1.5.0.202011040924/tools/bin/../lib/gcc/arm-none-eabi/9.3.1/../../../../arm-none-eabi/lib/thumb/v7e-m+fp/hard\libm.a
END GROUP
START GROUP
LOAD c:/st/stm32cubeide_1.6.1/stm32cubeide/plugins/com.st.stm32cube.ide.mcu.externaltools.gnu-tools-for-stm32.9-2020-q2-update.win32_1.5.0.202011040924/tools/bin/../lib/gcc/arm-none-eabi/9.3.1/thumb/v7e-m+fp/hard\libgcc.a
LOAD c:/st/stm32cubeide_1.6.1/stm32cubeide/plugins/com.st.stm32cube.ide.mcu.externaltools.gnu-tools-for-stm32.9-2020-q2-update.win32_1.5.0.202011040924/tools/bin/../lib/gcc/arm-none-eabi/9.3.1/../../../../arm-none-eabi/lib/thumb/v7e-m+fp/hard\libc_nano.a
END GROUP
START GROUP
LOAD c:/st/stm32cubeide_1.6.1/stm32cubeide/plugins/com.st.stm32cube.ide.mcu.externaltools.gnu-tools-for-stm32.9-2020-q2-update.win32_1.5.0.202011040924/tools/bin/../lib/gcc/arm-none-eabi/9.3.1/thumb/v7e-m+fp/hard\libgcc.a
LOAD c:/st/stm32cubeide_1.6.1/stm32cubeide/plugins/com.st.stm32cube.ide.mcu.externaltools.gnu-tools-for-stm32.9-2020-q2-update.win32_1.5.0.202011040924/tools/bin/../lib/gcc/arm-none-eabi/9.3.1/../../../../arm-none-eabi/lib/thumb/v7e-m+fp/hard\libc_nano.a
LOAD c:/st/stm32cubeide_1.6.1/stm32cubeide/plugins/com.st.stm32cube.ide.mcu.externaltools.gnu-tools-for-stm32.9-2020-q2-update.win32_1.5.0.202011040924/tools/bin/../lib/gcc/arm-none-eabi/9.3.1/../../../../arm-none-eabi/lib/thumb/v7e-m+fp/hard\libnosys.a
END GROUP
START GROUP
LOAD c:/st/stm32cubeide_1.6.1/stm32cubeide/plugins/com.st.stm32cube.ide.mcu.externaltools.gnu-tools-for-stm32.9-2020-q2-update.win32_1.5.0.202011040924/tools/bin/../lib/gcc/arm-none-eabi/9.3.1/thumb/v7e-m+fp/hard\libgcc.a
LOAD c:/st/stm32cubeide_1.6.1/stm32cubeide/plugins/com.st.stm32cube.ide.mcu.externaltools.gnu-tools-for-stm32.9-2020-q2-update.win32_1.5.0.202011040924/tools/bin/../lib/gcc/arm-none-eabi/9.3.1/../../../../arm-none-eabi/lib/thumb/v7e-m+fp/hard\libc_nano.a
LOAD c:/st/stm32cubeide_1.6.1/stm32cubeide/plugins/com.st.stm32cube.ide.mcu.externaltools.gnu-tools-for-stm32.9-2020-q2-update.win32_1.5.0.202011040924/tools/bin/../lib/gcc/arm-none-eabi/9.3.1/../../../../arm-none-eabi/lib/thumb/v7e-m+fp/hard\libnosys.a
END GROUP
LOAD c:/st/stm32cubeide_1.6.1/stm32cubeide/plugins/com.st.stm32cube.ide.mcu.externaltools.gnu-tools-for-stm32.9-2020-q2-update.win32_1.5.0.202011040924/tools/bin/../lib/gcc/arm-none-eabi/9.3.1/thumb/v7e-m+fp/hard/crtend.o
LOAD c:/st/stm32cubeide_1.6.1/stm32cubeide/plugins/com.st.stm32cube.ide.mcu.externaltools.gnu-tools-for-stm32.9-2020-q2-update.win32_1.5.0.202011040924/tools/bin/../lib/gcc/arm-none-eabi/9.3.1/thumb/v7e-m+fp/hard/crtn.o
                0x0000000020020000                _estack = (ORIGIN (RAM) + LENGTH (RAM))
                0x0000000000000200                _Min_Heap_Size = 0x200
                0x0000000000000400                _Min_Stack_Size = 0x400

.isr_vector     0x0000000008000000      0x198
                0x0000000008000000                . = ALIGN (0x4)
 *(.isr_vector)
 .isr_vector    0x0000000008000000      0x198 Startup/startup_stm32f411retx.o
                0x0000000008000000                g_pfnVectors
                0x0000000008000198                . = ALIGN (0x4)

.text           0x00000000080001a0     0x1e1c
                0x00000000080001a0                . = ALIGN (0x4)
 *(.text)
 .text          0x00000000080001a0       0x40 c:/st/stm32cubeide_1.6.1/stm32cubeide/plugins/com.st.stm32cube.ide.mcu.externaltools.gnu-tools-for-stm32.9-2020-q2-update.win32_1.5.0.202011040924/tools/bin/../lib/gcc/arm-none-eabi/9.3.1/thumb/v7e-m+fp/hard/crtbegin.o
 .text          0x00000000080001e0       0x14 c:/st/stm32cubeide_1.6.1/stm32cubeide/plugins/com.st.stm32cube.ide.mcu.externaltools.gnu-tools-for-stm32.9-2020-q2-update.win32_1.5.0.202011040924/tools/bin/../lib/gcc/arm-none-eabi/9.3.1/../../../../arm-none-eabi/lib/thumb/v7e-m+fp/hard\libc_nano.a(lib_a-strcmp.o)
                0x00000000080001e0                strcmp
 .text          0x00000000080001f4       0x10 c:/st/stm32cubeide_1.6.1/stm32cubeide/plugins/com.st.stm32cube.ide.mcu.externaltools.gnu-tools-for-stm32.9-2020-q2-update.win32_1.5.0.202011040924/tools/bin/../lib/gcc/arm-none-eabi/9.3.1/../../../../arm-none-eabi/lib/thumb/v7e-m+fp/hard\libc_nano.a(lib_a-strlen.o)
                0x00000000080001f4                strlen
 *fill*         0x0000000008000204        0xc 
 .text          0x0000000008000210       0xa0 c:/st/stm32cubeide_1.6.1/stm32cubeide/plugins/com.st.stm32cube.ide.mcu.externaltools.gnu-tools-for-stm32.9-2020-q2-update.win32_1.5.0.202011040924/tools/bin/../lib/gcc/arm-none-eabi/9.3.1/../../../../arm-none-eabi/lib/thumb/v7e-m+fp/hard\libc_nano.a(lib_a-memchr.o)
                0x0000000008000210                memchr
 *(.text*)
 .text.circular_buffer_init
                0x00000000080002b0       0x68 Src/circular_buffer.o
                0x00000000080002b0                circular_buffer_init
 .text.buff_store_char
                0x0000000008000318       0x46 Src/circular_buffer.o
 .text.find_str
                0x000000000800035e       0x86 Src/circular_buffer.o
                0x000000000800035e                find_str
 .text.buffer_clear
                0x00000000080003e4       0x6c Src/circular_buffer.o
                0x00000000080003e4                buffer_clear
 .text.buffer_peek
                0x0000000008000450       0x94 Src/circular_buffer.o
                0x0000000008000450                buffer_peek
 .text.buffer_read
                0x00000000080004e4       0xc8 Src/circular_buffer.o
                0x00000000080004e4                buffer_read
 .text.buffer_write
                0x00000000080005ac       0xd4 Src/circular_buffer.o
                0x00000000080005ac                buffer_write
 .text.is_data  0x0000000008000680       0x88 Src/circular_buffer.o
                0x0000000008000680                is_data
 .text.get_first_char
                0x0000000008000708       0x70 Src/circular_buffer.o
 .text.is_response
                0x0000000008000778       0x90 Src/circular_buffer.o
                0x0000000008000778                is_response
 .text.get_next_strs
                0x0000000008000808       0x68 Src/circular_buffer.o
                0x0000000008000808                get_next_strs
 .text.buffer_send_string
                0x0000000008000870       0x32 Src/circular_buffer.o
                0x0000000008000870                buffer_send_string
 *fill*         0x00000000080008a2        0x2 
 .text.process_copy
                0x00000000080008a4      0x124 Src/circular_buffer.o
 .text.copy_up_to_string
                0x00000000080009c8       0x1e Src/circular_buffer.o
                0x00000000080009c8                copy_up_to_string
 *fill*         0x00000000080009e6        0x2 
 .text.esp82_uart_callback
                0x00000000080009e8       0xa0 Src/circular_buffer.o
                0x00000000080009e8                esp82_uart_callback
 .text.debug_uart_callback
                0x0000000008000a88       0xa0 Src/circular_buffer.o
                0x0000000008000a88                debug_uart_callback
 .text.__NVIC_EnableIRQ
                0x0000000008000b28       0x3c Src/esp82xx_driver.o
 .text.debug_uart_init
                0x0000000008000b64       0xf8 Src/esp82xx_driver.o
                0x0000000008000b64                debug_uart_init
 .text.esp_rs_pin_init
                0x0000000008000c5c       0x3c Src/esp82xx_driver.o
                0x0000000008000c5c                esp_rs_pin_init
 .text.esp_rs_pin_enable
                0x0000000008000c98       0x20 Src/esp82xx_driver.o
                0x0000000008000c98                esp_rs_pin_enable
 .text.esp_uart_init
                0x0000000008000cb8       0xf8 Src/esp82xx_driver.o
                0x0000000008000cb8                esp_uart_init
 .text.systick_delay_ms
                0x0000000008000db0       0x54 Src/esp82xx_driver.o
                0x0000000008000db0                systick_delay_ms
 .text.compute_uart_bd
                0x0000000008000e04       0x26 Src/esp82xx_driver.o
 .text.esp82xx_sever_init
                0x0000000008000e2a       0x36 Src/esp82xx_lib.o
                0x0000000008000e2a                esp82xx_sever_init
 .text.esp82xx_reset
                0x0000000008000e60       0x4c Src/esp82xx_lib.o
 .text.esp82xx_startup_test
                0x0000000008000eac       0x4c Src/esp82xx_lib.o
 .text.esp82xx_sta_mode
                0x0000000008000ef8       0x4c Src/esp82xx_lib.o
 .text.esp82xx_ap_connect
                0x0000000008000f44       0x8c Src/esp82xx_lib.o
 .text.esp82xx_get_local_ip
                0x0000000008000fd0       0xa8 Src/esp82xx_lib.o
 .text.esp82xx_multi_conn_en
                0x0000000008001078       0x4c Src/esp82xx_lib.o
 .text.esp82xx_create_tcp_server
                0x00000000080010c4       0x4c Src/esp82xx_lib.o
 .text.send_server_data
                0x0000000008001110       0xa8 Src/esp82xx_lib.o
 .text.process_server_data
                0x00000000080011b8       0xb4 Src/esp82xx_lib.o
                0x00000000080011b8                process_server_data
 .text.server_begin
                0x000000000800126c      0x174 Src/esp82xx_lib.o
                0x000000000800126c                server_begin
 .text.USART1_IRQHandler
                0x00000000080013e0        0xc Src/esp82xx_lib.o
                0x00000000080013e0                USART1_IRQHandler
 .text.USART2_IRQHandler
                0x00000000080013ec        0xc Src/esp82xx_lib.o
                0x00000000080013ec                USART2_IRQHandler
 .text.light_init
                0x00000000080013f8       0x3c Src/hardware_modules.o
                0x00000000080013f8                light_init
 .text.valve_init
                0x0000000008001434       0x3c Src/hardware_modules.o
                0x0000000008001434                valve_init
 .text.pump_init
                0x0000000008001470       0x3c Src/hardware_modules.o
                0x0000000008001470                pump_init
 .text.gripper_init
                0x00000000080014ac       0x3c Src/hardware_modules.o
                0x00000000080014ac                gripper_init
 .text.light_on
                0x00000000080014e8       0x20 Src/hardware_modules.o
                0x00000000080014e8                light_on
 .text.light_off
                0x0000000008001508       0x20 Src/hardware_modules.o
                0x0000000008001508                light_off
 .text.valve_on
                0x0000000008001528       0x20 Src/hardware_modules.o
                0x0000000008001528                valve_on
 .text.valve_off
                0x0000000008001548       0x20 Src/hardware_modules.o
                0x0000000008001548                valve_off
 .text.pump_on  0x0000000008001568       0x20 Src/hardware_modules.o
                0x0000000008001568                pump_on
 .text.pump_off
                0x0000000008001588       0x20 Src/hardware_modules.o
                0x0000000008001588                pump_off
 .text.gripper_on
                0x00000000080015a8       0x20 Src/hardware_modules.o
                0x00000000080015a8                gripper_on
 .text.gripper_off
                0x00000000080015c8       0x20 Src/hardware_modules.o
                0x00000000080015c8                gripper_off
 .text.main     0x00000000080015e8       0x3c Src/main.o
                0x00000000080015e8                main
 .text._sbrk    0x0000000008001624       0x6c Src/sysmem.o
                0x0000000008001624                _sbrk
 .text.Reset_Handler
                0x0000000008001690       0x50 Startup/startup_stm32f411retx.o
                0x0000000008001690                Reset_Handler
 .text.Default_Handler
                0x00000000080016e0        0x2 Startup/startup_stm32f411retx.o
                0x00000000080016e0                RTC_Alarm_IRQHandler
                0x00000000080016e0                EXTI2_IRQHandler
                0x00000000080016e0                DebugMon_Handler
                0x00000000080016e0                SPI4_IRQHandler
                0x00000000080016e0                TIM1_CC_IRQHandler
                0x00000000080016e0                DMA2_Stream5_IRQHandler
                0x00000000080016e0                HardFault_Handler
                0x00000000080016e0                DMA1_Stream5_IRQHandler
                0x00000000080016e0                SysTick_Handler
                0x00000000080016e0                PVD_IRQHandler
                0x00000000080016e0                SDIO_IRQHandler
                0x00000000080016e0                TAMP_STAMP_IRQHandler
                0x00000000080016e0                PendSV_Handler
                0x00000000080016e0                NMI_Handler
                0x00000000080016e0                EXTI3_IRQHandler
                0x00000000080016e0                TIM1_UP_TIM10_IRQHandler
                0x00000000080016e0                I2C3_ER_IRQHandler
                0x00000000080016e0                EXTI0_IRQHandler
                0x00000000080016e0                I2C2_EV_IRQHandler
                0x00000000080016e0                DMA1_Stream2_IRQHandler
                0x00000000080016e0                FPU_IRQHandler
                0x00000000080016e0                UsageFault_Handler
                0x00000000080016e0                DMA2_Stream2_IRQHandler
                0x00000000080016e0                SPI1_IRQHandler
                0x00000000080016e0                TIM1_BRK_TIM9_IRQHandler
                0x00000000080016e0                DMA2_Stream3_IRQHandler
                0x00000000080016e0                USART6_IRQHandler
                0x00000000080016e0                DMA2_Stream0_IRQHandler
                0x00000000080016e0                TIM4_IRQHandler
                0x00000000080016e0                I2C1_EV_IRQHandler
                0x00000000080016e0                DMA1_Stream6_IRQHandler
                0x00000000080016e0                DMA1_Stream1_IRQHandler
                0x00000000080016e0                TIM3_IRQHandler
                0x00000000080016e0                RCC_IRQHandler
                0x00000000080016e0                Default_Handler
                0x00000000080016e0                EXTI15_10_IRQHandler
                0x00000000080016e0                ADC_IRQHandler
                0x00000000080016e0                DMA1_Stream7_IRQHandler
                0x00000000080016e0                SPI5_IRQHandler
                0x00000000080016e0                TIM5_IRQHandler
                0x00000000080016e0                DMA2_Stream7_IRQHandler
                0x00000000080016e0                I2C3_EV_IRQHandler
                0x00000000080016e0                EXTI9_5_IRQHandler
                0x00000000080016e0                RTC_WKUP_IRQHandler
                0x00000000080016e0                SPI2_IRQHandler
                0x00000000080016e0                MemManage_Handler
                0x00000000080016e0                DMA1_Stream0_IRQHandler
                0x00000000080016e0                SVC_Handler
                0x00000000080016e0                EXTI4_IRQHandler
                0x00000000080016e0                WWDG_IRQHandler
                0x00000000080016e0                TIM2_IRQHandler
                0x00000000080016e0                OTG_FS_WKUP_IRQHandler
                0x00000000080016e0                TIM1_TRG_COM_TIM11_IRQHandler
                0x00000000080016e0                EXTI1_IRQHandler
                0x00000000080016e0                I2C2_ER_IRQHandler
                0x00000000080016e0                DMA2_Stream1_IRQHandler
                0x00000000080016e0                FLASH_IRQHandler
                0x00000000080016e0                DMA2_Stream4_IRQHandler
                0x00000000080016e0                BusFault_Handler
                0x00000000080016e0                OTG_FS_IRQHandler
                0x00000000080016e0                SPI3_IRQHandler
                0x00000000080016e0                DMA1_Stream4_IRQHandler
                0x00000000080016e0                I2C1_ER_IRQHandler
                0x00000000080016e0                DMA2_Stream6_IRQHandler
                0x00000000080016e0                DMA1_Stream3_IRQHandler
 *fill*         0x00000000080016e2        0x2 
 .text.__errno  0x00000000080016e4        0xc c:/st/stm32cubeide_1.6.1/stm32cubeide/plugins/com.st.stm32cube.ide.mcu.externaltools.gnu-tools-for-stm32.9-2020-q2-update.win32_1.5.0.202011040924/tools/bin/../lib/gcc/arm-none-eabi/9.3.1/../../../../arm-none-eabi/lib/thumb/v7e-m+fp/hard\libc_nano.a(lib_a-errno.o)
                0x00000000080016e4                __errno
 .text.__libc_init_array
                0x00000000080016f0       0x48 c:/st/stm32cubeide_1.6.1/stm32cubeide/plugins/com.st.stm32cube.ide.mcu.externaltools.gnu-tools-for-stm32.9-2020-q2-update.win32_1.5.0.202011040924/tools/bin/../lib/gcc/arm-none-eabi/9.3.1/../../../../arm-none-eabi/lib/thumb/v7e-m+fp/hard\libc_nano.a(lib_a-init.o)
                0x00000000080016f0                __libc_init_array
 .text.memset   0x0000000008001738       0x10 c:/st/stm32cubeide_1.6.1/stm32cubeide/plugins/com.st.stm32cube.ide.mcu.externaltools.gnu-tools-for-stm32.9-2020-q2-update.win32_1.5.0.202011040924/tools/bin/../lib/gcc/arm-none-eabi/9.3.1/../../../../arm-none-eabi/lib/thumb/v7e-m+fp/hard\libc_nano.a(lib_a-memset.o)
                0x0000000008001738                memset
 .text.sprintf  0x0000000008001748       0x40 c:/st/stm32cubeide_1.6.1/stm32cubeide/plugins/com.st.stm32cube.ide.mcu.externaltools.gnu-tools-for-stm32.9-2020-q2-update.win32_1.5.0.202011040924/tools/bin/../lib/gcc/arm-none-eabi/9.3.1/../../../../arm-none-eabi/lib/thumb/v7e-m+fp/hard\libc_nano.a(lib_a-sprintf.o)
                0x0000000008001748                siprintf
                0x0000000008001748                sprintf
 .text.__ssputs_r
                0x0000000008001788       0xb6 c:/st/stm32cubeide_1.6.1/stm32cubeide/plugins/com.st.stm32cube.ide.mcu.externaltools.gnu-tools-for-stm32.9-2020-q2-update.win32_1.5.0.202011040924/tools/bin/../lib/gcc/arm-none-eabi/9.3.1/../../../../arm-none-eabi/lib/thumb/v7e-m+fp/hard\libc_nano.a(lib_a-nano-svfprintf.o)
                0x0000000008001788                __ssputs_r
 *fill*         0x000000000800183e        0x2 
 .text._svfprintf_r
                0x0000000008001840      0x200 c:/st/stm32cubeide_1.6.1/stm32cubeide/plugins/com.st.stm32cube.ide.mcu.externaltools.gnu-tools-for-stm32.9-2020-q2-update.win32_1.5.0.202011040924/tools/bin/../lib/gcc/arm-none-eabi/9.3.1/../../../../arm-none-eabi/lib/thumb/v7e-m+fp/hard\libc_nano.a(lib_a-nano-svfprintf.o)
                0x0000000008001840                _svfiprintf_r
                0x0000000008001840                _svfprintf_r
 .text._printf_common
                0x0000000008001a40       0xda c:/st/stm32cubeide_1.6.1/stm32cubeide/plugins/com.st.stm32cube.ide.mcu.externaltools.gnu-tools-for-stm32.9-2020-q2-update.win32_1.5.0.202011040924/tools/bin/../lib/gcc/arm-none-eabi/9.3.1/../../../../arm-none-eabi/lib/thumb/v7e-m+fp/hard\libc_nano.a(lib_a-nano-vfprintf_i.o)
                0x0000000008001a40                _printf_common
 *fill*         0x0000000008001b1a        0x2 
 .text._printf_i
                0x0000000008001b1c      0x24c c:/st/stm32cubeide_1.6.1/stm32cubeide/plugins/com.st.stm32cube.ide.mcu.externaltools.gnu-tools-for-stm32.9-2020-q2-update.win32_1.5.0.202011040924/tools/bin/../lib/gcc/arm-none-eabi/9.3.1/../../../../arm-none-eabi/lib/thumb/v7e-m+fp/hard\libc_nano.a(lib_a-nano-vfprintf_i.o)
                0x0000000008001b1c                _printf_i
 .text.memcpy   0x0000000008001d68       0x1c c:/st/stm32cubeide_1.6.1/stm32cubeide/plugins/com.st.stm32cube.ide.mcu.externaltools.gnu-tools-for-stm32.9-2020-q2-update.win32_1.5.0.202011040924/tools/bin/../lib/gcc/arm-none-eabi/9.3.1/../../../../arm-none-eabi/lib/thumb/v7e-m+fp/hard\libc_nano.a(lib_a-memcpy-stub.o)
                0x0000000008001d68                memcpy
 .text.memmove  0x0000000008001d84       0x34 c:/st/stm32cubeide_1.6.1/stm32cubeide/plugins/com.st.stm32cube.ide.mcu.externaltools.gnu-tools-for-stm32.9-2020-q2-update.win32_1.5.0.202011040924/tools/bin/../lib/gcc/arm-none-eabi/9.3.1/../../../../arm-none-eabi/lib/thumb/v7e-m+fp/hard\libc_nano.a(lib_a-memmove.o)
                0x0000000008001d84                memmove
 .text._free_r  0x0000000008001db8       0xa0 c:/st/stm32cubeide_1.6.1/stm32cubeide/plugins/com.st.stm32cube.ide.mcu.externaltools.gnu-tools-for-stm32.9-2020-q2-update.win32_1.5.0.202011040924/tools/bin/../lib/gcc/arm-none-eabi/9.3.1/../../../../arm-none-eabi/lib/thumb/v7e-m+fp/hard\libc_nano.a(lib_a-nano-freer.o)
                0x0000000008001db8                _free_r
 .text._malloc_r
                0x0000000008001e58       0xb4 c:/st/stm32cubeide_1.6.1/stm32cubeide/plugins/com.st.stm32cube.ide.mcu.externaltools.gnu-tools-for-stm32.9-2020-q2-update.win32_1.5.0.202011040924/tools/bin/../lib/gcc/arm-none-eabi/9.3.1/../../../../arm-none-eabi/lib/thumb/v7e-m+fp/hard\libc_nano.a(lib_a-nano-mallocr.o)
                0x0000000008001e58                _malloc_r
 .text._realloc_r
                0x0000000008001f0c       0x4c c:/st/stm32cubeide_1.6.1/stm32cubeide/plugins/com.st.stm32cube.ide.mcu.externaltools.gnu-tools-for-stm32.9-2020-q2-update.win32_1.5.0.202011040924/tools/bin/../lib/gcc/arm-none-eabi/9.3.1/../../../../arm-none-eabi/lib/thumb/v7e-m+fp/hard\libc_nano.a(lib_a-nano-reallocr.o)
                0x0000000008001f0c                _realloc_r
 .text._sbrk_r  0x0000000008001f58       0x20 c:/st/stm32cubeide_1.6.1/stm32cubeide/plugins/com.st.stm32cube.ide.mcu.externaltools.gnu-tools-for-stm32.9-2020-q2-update.win32_1.5.0.202011040924/tools/bin/../lib/gcc/arm-none-eabi/9.3.1/../../../../arm-none-eabi/lib/thumb/v7e-m+fp/hard\libc_nano.a(lib_a-sbrkr.o)
                0x0000000008001f58                _sbrk_r
 .text.__malloc_lock
                0x0000000008001f78        0xc c:/st/stm32cubeide_1.6.1/stm32cubeide/plugins/com.st.stm32cube.ide.mcu.externaltools.gnu-tools-for-stm32.9-2020-q2-update.win32_1.5.0.202011040924/tools/bin/../lib/gcc/arm-none-eabi/9.3.1/../../../../arm-none-eabi/lib/thumb/v7e-m+fp/hard\libc_nano.a(lib_a-mlock.o)
                0x0000000008001f78                __malloc_lock
 .text.__malloc_unlock
                0x0000000008001f84        0xc c:/st/stm32cubeide_1.6.1/stm32cubeide/plugins/com.st.stm32cube.ide.mcu.externaltools.gnu-tools-for-stm32.9-2020-q2-update.win32_1.5.0.202011040924/tools/bin/../lib/gcc/arm-none-eabi/9.3.1/../../../../arm-none-eabi/lib/thumb/v7e-m+fp/hard\libc_nano.a(lib_a-mlock.o)
                0x0000000008001f84                __malloc_unlock
 .text._malloc_usable_size_r
                0x0000000008001f90       0x10 c:/st/stm32cubeide_1.6.1/stm32cubeide/plugins/com.st.stm32cube.ide.mcu.externaltools.gnu-tools-for-stm32.9-2020-q2-update.win32_1.5.0.202011040924/tools/bin/../lib/gcc/arm-none-eabi/9.3.1/../../../../arm-none-eabi/lib/thumb/v7e-m+fp/hard\libc_nano.a(lib_a-nano-msizer.o)
                0x0000000008001f90                _malloc_usable_size_r
 .text.__retarget_lock_acquire_recursive
                0x0000000008001fa0        0x2 c:/st/stm32cubeide_1.6.1/stm32cubeide/plugins/com.st.stm32cube.ide.mcu.externaltools.gnu-tools-for-stm32.9-2020-q2-update.win32_1.5.0.202011040924/tools/bin/../lib/gcc/arm-none-eabi/9.3.1/../../../../arm-none-eabi/lib/thumb/v7e-m+fp/hard\libc_nano.a(lib_a-lock.o)
                0x0000000008001fa0                __retarget_lock_acquire_recursive
 .text.__retarget_lock_release_recursive
                0x0000000008001fa2        0x2 c:/st/stm32cubeide_1.6.1/stm32cubeide/plugins/com.st.stm32cube.ide.mcu.externaltools.gnu-tools-for-stm32.9-2020-q2-update.win32_1.5.0.202011040924/tools/bin/../lib/gcc/arm-none-eabi/9.3.1/../../../../arm-none-eabi/lib/thumb/v7e-m+fp/hard\libc_nano.a(lib_a-lock.o)
                0x0000000008001fa2                __retarget_lock_release_recursive
 *(.glue_7)
 .glue_7        0x0000000008001fa4        0x0 linker stubs
 *(.glue_7t)
 .glue_7t       0x0000000008001fa4        0x0 linker stubs
 *(.eh_frame)
 .eh_frame      0x0000000008001fa4        0x0 c:/st/stm32cubeide_1.6.1/stm32cubeide/plugins/com.st.stm32cube.ide.mcu.externaltools.gnu-tools-for-stm32.9-2020-q2-update.win32_1.5.0.202011040924/tools/bin/../lib/gcc/arm-none-eabi/9.3.1/thumb/v7e-m+fp/hard/crtbegin.o
 *(.init)
 .init          0x0000000008001fa4        0x4 c:/st/stm32cubeide_1.6.1/stm32cubeide/plugins/com.st.stm32cube.ide.mcu.externaltools.gnu-tools-for-stm32.9-2020-q2-update.win32_1.5.0.202011040924/tools/bin/../lib/gcc/arm-none-eabi/9.3.1/thumb/v7e-m+fp/hard/crti.o
                0x0000000008001fa4                _init
 .init          0x0000000008001fa8        0x8 c:/st/stm32cubeide_1.6.1/stm32cubeide/plugins/com.st.stm32cube.ide.mcu.externaltools.gnu-tools-for-stm32.9-2020-q2-update.win32_1.5.0.202011040924/tools/bin/../lib/gcc/arm-none-eabi/9.3.1/thumb/v7e-m+fp/hard/crtn.o
 *(.fini)
 .fini          0x0000000008001fb0        0x4 c:/st/stm32cubeide_1.6.1/stm32cubeide/plugins/com.st.stm32cube.ide.mcu.externaltools.gnu-tools-for-stm32.9-2020-q2-update.win32_1.5.0.202011040924/tools/bin/../lib/gcc/arm-none-eabi/9.3.1/thumb/v7e-m+fp/hard/crti.o
                0x0000000008001fb0                _fini
 .fini          0x0000000008001fb4        0x8 c:/st/stm32cubeide_1.6.1/stm32cubeide/plugins/com.st.stm32cube.ide.mcu.externaltools.gnu-tools-for-stm32.9-2020-q2-update.win32_1.5.0.202011040924/tools/bin/../lib/gcc/arm-none-eabi/9.3.1/thumb/v7e-m+fp/hard/crtn.o
                0x0000000008001fbc                . = ALIGN (0x4)
                0x0000000008001fbc                _etext = .

.vfp11_veneer   0x0000000008001fbc        0x0
 .vfp11_veneer  0x0000000008001fbc        0x0 linker stubs

.v4_bx          0x0000000008001fbc        0x0
 .v4_bx         0x0000000008001fbc        0x0 linker stubs

.iplt           0x0000000008001fbc        0x0
 .iplt          0x0000000008001fbc        0x0 c:/st/stm32cubeide_1.6.1/stm32cubeide/plugins/com.st.stm32cube.ide.mcu.externaltools.gnu-tools-for-stm32.9-2020-q2-update.win32_1.5.0.202011040924/tools/bin/../lib/gcc/arm-none-eabi/9.3.1/thumb/v7e-m+fp/hard/crtbegin.o

.rodata         0x0000000008001fbc     0x1c8c
                0x0000000008001fbc                . = ALIGN (0x4)
 *(.rodata)
 .rodata        0x0000000008001fbc     0x1c3e Src/esp82xx_lib.o
 *fill*         0x0000000008003bfa        0x2 
 .rodata        0x0000000008003bfc       0x19 Src/main.o
 *(.rodata*)
 .rodata._svfprintf_r.str1.1
                0x0000000008003c15       0x11 c:/st/stm32cubeide_1.6.1/stm32cubeide/plugins/com.st.stm32cube.ide.mcu.externaltools.gnu-tools-for-stm32.9-2020-q2-update.win32_1.5.0.202011040924/tools/bin/../lib/gcc/arm-none-eabi/9.3.1/../../../../arm-none-eabi/lib/thumb/v7e-m+fp/hard\libc_nano.a(lib_a-nano-svfprintf.o)
 .rodata._printf_i.str1.1
                0x0000000008003c26       0x22 c:/st/stm32cubeide_1.6.1/stm32cubeide/plugins/com.st.stm32cube.ide.mcu.externaltools.gnu-tools-for-stm32.9-2020-q2-update.win32_1.5.0.202011040924/tools/bin/../lib/gcc/arm-none-eabi/9.3.1/../../../../arm-none-eabi/lib/thumb/v7e-m+fp/hard\libc_nano.a(lib_a-nano-vfprintf_i.o)
                0x0000000008003c48                . = ALIGN (0x4)

.rel.dyn        0x0000000008003c48        0x0
 .rel.iplt      0x0000000008003c48        0x0 c:/st/stm32cubeide_1.6.1/stm32cubeide/plugins/com.st.stm32cube.ide.mcu.externaltools.gnu-tools-for-stm32.9-2020-q2-update.win32_1.5.0.202011040924/tools/bin/../lib/gcc/arm-none-eabi/9.3.1/thumb/v7e-m+fp/hard/crtbegin.o

.ARM.extab      0x0000000008003c48        0x0
                0x0000000008003c48                . = ALIGN (0x4)
 *(.ARM.extab* .gnu.linkonce.armextab.*)
                0x0000000008003c48                . = ALIGN (0x4)

.ARM            0x0000000008003c48        0x0
                0x0000000008003c48                . = ALIGN (0x4)
                0x0000000008003c48                __exidx_start = .
 *(.ARM.exidx*)
                0x0000000008003c48                __exidx_end = .
                0x0000000008003c48                . = ALIGN (0x4)

.preinit_array  0x0000000008003c48        0x0
                0x0000000008003c48                . = ALIGN (0x4)
                0x0000000008003c48                PROVIDE (__preinit_array_start = .)
 *(.preinit_array*)
                0x0000000008003c48                PROVIDE (__preinit_array_end = .)
                0x0000000008003c48                . = ALIGN (0x4)

.init_array     0x0000000008003c48        0x4
                0x0000000008003c48                . = ALIGN (0x4)
                0x0000000008003c48                PROVIDE (__init_array_start = .)
 *(SORT_BY_NAME(.init_array.*))
 *(.init_array*)
 .init_array    0x0000000008003c48        0x4 c:/st/stm32cubeide_1.6.1/stm32cubeide/plugins/com.st.stm32cube.ide.mcu.externaltools.gnu-tools-for-stm32.9-2020-q2-update.win32_1.5.0.202011040924/tools/bin/../lib/gcc/arm-none-eabi/9.3.1/thumb/v7e-m+fp/hard/crtbegin.o
                0x0000000008003c4c                PROVIDE (__init_array_end = .)
                0x0000000008003c4c                . = ALIGN (0x4)

.fini_array     0x0000000008003c4c        0x4
                0x0000000008003c4c                . = ALIGN (0x4)
                [!provide]                        PROVIDE (__fini_array_start = .)
 *(SORT_BY_NAME(.fini_array.*))
 *(.fini_array*)
 .fini_array    0x0000000008003c4c        0x4 c:/st/stm32cubeide_1.6.1/stm32cubeide/plugins/com.st.stm32cube.ide.mcu.externaltools.gnu-tools-for-stm32.9-2020-q2-update.win32_1.5.0.202011040924/tools/bin/../lib/gcc/arm-none-eabi/9.3.1/thumb/v7e-m+fp/hard/crtbegin.o
                [!provide]                        PROVIDE (__fini_array_end = .)
                0x0000000008003c50                . = ALIGN (0x4)
                0x0000000008003c50                _sidata = LOADADDR (.data)

.data           0x0000000020000000       0x7c load address 0x0000000008003c50
                0x0000000020000000                . = ALIGN (0x4)
                0x0000000020000000                _sdata = .
 *(.data)
 *(.data*)
 .data.esp82xx_port
                0x0000000020000000        0x1 Src/circular_buffer.o
                0x0000000020000000                esp82xx_port
 *fill*         0x0000000020000001        0x3 
 .data.home     0x0000000020000004        0x4 Src/esp82xx_lib.o
                0x0000000020000004                home
 .data.valve    0x0000000020000008        0x4 Src/esp82xx_lib.o
                0x0000000020000008                valve
 .data.pump     0x000000002000000c        0x4 Src/esp82xx_lib.o
                0x000000002000000c                pump
 .data.light    0x0000000020000010        0x4 Src/esp82xx_lib.o
                0x0000000020000010                light
 .data.gripper  0x0000000020000014        0x4 Src/esp82xx_lib.o
                0x0000000020000014                gripper
 .data._impure_ptr
                0x0000000020000018        0x4 c:/st/stm32cubeide_1.6.1/stm32cubeide/plugins/com.st.stm32cube.ide.mcu.externaltools.gnu-tools-for-stm32.9-2020-q2-update.win32_1.5.0.202011040924/tools/bin/../lib/gcc/arm-none-eabi/9.3.1/../../../../arm-none-eabi/lib/thumb/v7e-m+fp/hard\libc_nano.a(lib_a-impure.o)
                0x0000000020000018                _impure_ptr
 .data.impure_data
                0x000000002000001c       0x60 c:/st/stm32cubeide_1.6.1/stm32cubeide/plugins/com.st.stm32cube.ide.mcu.externaltools.gnu-tools-for-stm32.9-2020-q2-update.win32_1.5.0.202011040924/tools/bin/../lib/gcc/arm-none-eabi/9.3.1/../../../../arm-none-eabi/lib/thumb/v7e-m+fp/hard\libc_nano.a(lib_a-impure.o)
 *(.RamFunc)
 *(.RamFunc*)
                0x000000002000007c                . = ALIGN (0x4)
                0x000000002000007c                _edata = .

.igot.plt       0x000000002000007c        0x0 load address 0x0000000008003ccc
 .igot.plt      0x000000002000007c        0x0 c:/st/stm32cubeide_1.6.1/stm32cubeide/plugins/com.st.stm32cube.ide.mcu.externaltools.gnu-tools-for-stm32.9-2020-q2-update.win32_1.5.0.202011040924/tools/bin/../lib/gcc/arm-none-eabi/9.3.1/thumb/v7e-m+fp/hard/crtbegin.o
                0x000000002000007c                . = ALIGN (0x4)

.bss            0x000000002000007c      0x86c load address 0x0000000008003ccc
                0x000000002000007c                _sbss = .
                0x000000002000007c                __bss_start__ = _sbss
 *(.bss)
 .bss           0x000000002000007c       0x1c c:/st/stm32cubeide_1.6.1/stm32cubeide/plugins/com.st.stm32cube.ide.mcu.externaltools.gnu-tools-for-stm32.9-2020-q2-update.win32_1.5.0.202011040924/tools/bin/../lib/gcc/arm-none-eabi/9.3.1/thumb/v7e-m+fp/hard/crtbegin.o
 *(.bss*)
 .bss.debug_port
                0x0000000020000098        0x1 Src/circular_buffer.o
                0x0000000020000098                debug_port
 *fill*         0x0000000020000099        0x3 
 .bss.rx_buffer1
                0x000000002000009c      0x208 Src/circular_buffer.o
                0x000000002000009c                rx_buffer1
 .bss.tx_buffer1
                0x00000000200002a4      0x208 Src/circular_buffer.o
                0x00000000200002a4                tx_buffer1
 .bss.rx_buffer2
                0x00000000200004ac      0x208 Src/circular_buffer.o
                0x00000000200004ac                rx_buffer2
 .bss.tx_buffer2
                0x00000000200006b4      0x208 Src/circular_buffer.o
                0x00000000200006b4                tx_buffer2
 .bss.__sbrk_heap_end
                0x00000000200008bc        0x4 Src/sysmem.o
 .bss.__malloc_free_list
                0x00000000200008c0        0x4 c:/st/stm32cubeide_1.6.1/stm32cubeide/plugins/com.st.stm32cube.ide.mcu.externaltools.gnu-tools-for-stm32.9-2020-q2-update.win32_1.5.0.202011040924/tools/bin/../lib/gcc/arm-none-eabi/9.3.1/../../../../arm-none-eabi/lib/thumb/v7e-m+fp/hard\libc_nano.a(lib_a-nano-mallocr.o)
                0x00000000200008c0                __malloc_free_list
 .bss.__malloc_sbrk_start
                0x00000000200008c4        0x4 c:/st/stm32cubeide_1.6.1/stm32cubeide/plugins/com.st.stm32cube.ide.mcu.externaltools.gnu-tools-for-stm32.9-2020-q2-update.win32_1.5.0.202011040924/tools/bin/../lib/gcc/arm-none-eabi/9.3.1/../../../../arm-none-eabi/lib/thumb/v7e-m+fp/hard\libc_nano.a(lib_a-nano-mallocr.o)
                0x00000000200008c4                __malloc_sbrk_start
 *(COMMON)
 COMMON         0x00000000200008c8       0x10 Src/circular_buffer.o
                0x00000000200008c8                _tx_buffer2
                0x00000000200008cc                _rx_buffer1
                0x00000000200008d0                _tx_buffer1
                0x00000000200008d4                _rx_buffer2
 COMMON         0x00000000200008d8        0x4 c:/st/stm32cubeide_1.6.1/stm32cubeide/plugins/com.st.stm32cube.ide.mcu.externaltools.gnu-tools-for-stm32.9-2020-q2-update.win32_1.5.0.202011040924/tools/bin/../lib/gcc/arm-none-eabi/9.3.1/../../../../arm-none-eabi/lib/thumb/v7e-m+fp/hard\libc_nano.a(lib_a-reent.o)
                0x00000000200008d8                errno
 COMMON         0x00000000200008dc        0x9 c:/st/stm32cubeide_1.6.1/stm32cubeide/plugins/com.st.stm32cube.ide.mcu.externaltools.gnu-tools-for-stm32.9-2020-q2-update.win32_1.5.0.202011040924/tools/bin/../lib/gcc/arm-none-eabi/9.3.1/../../../../arm-none-eabi/lib/thumb/v7e-m+fp/hard\libc_nano.a(lib_a-lock.o)
                0x00000000200008dc                __lock___atexit_recursive_mutex
                0x00000000200008dd                __lock___arc4random_mutex
                0x00000000200008de                __lock___env_recursive_mutex
                0x00000000200008df                __lock___sinit_recursive_mutex
                0x00000000200008e0                __lock___malloc_recursive_mutex
                0x00000000200008e1                __lock___at_quick_exit_mutex
                0x00000000200008e2                __lock___dd_hash_mutex
                0x00000000200008e3                __lock___tz_mutex
                0x00000000200008e4                __lock___sfp_recursive_mutex
                0x00000000200008e8                . = ALIGN (0x4)
 *fill*         0x00000000200008e5        0x3 
                0x00000000200008e8                _ebss = .
                0x00000000200008e8                __bss_end__ = _ebss

._user_heap_stack
                0x00000000200008e8      0x600 load address 0x0000000008003ccc
                0x00000000200008e8                . = ALIGN (0x8)
                [!provide]                        PROVIDE (end = .)
                0x00000000200008e8                PROVIDE (_end = .)
                0x0000000020000ae8                . = (. + _Min_Heap_Size)
 *fill*         0x00000000200008e8      0x200 
                0x0000000020000ee8                . = (. + _Min_Stack_Size)
 *fill*         0x0000000020000ae8      0x400 
                0x0000000020000ee8                . = ALIGN (0x8)

/DISCARD/
 libc.a(*)
 libm.a(*)
 libgcc.a(*)

.ARM.attributes
                0x0000000000000000       0x30
 *(.ARM.attributes)
 .ARM.attributes
                0x0000000000000000       0x1e c:/st/stm32cubeide_1.6.1/stm32cubeide/plugins/com.st.stm32cube.ide.mcu.externaltools.gnu-tools-for-stm32.9-2020-q2-update.win32_1.5.0.202011040924/tools/bin/../lib/gcc/arm-none-eabi/9.3.1/thumb/v7e-m+fp/hard/crti.o
 .ARM.attributes
                0x000000000000001e       0x34 c:/st/stm32cubeide_1.6.1/stm32cubeide/plugins/com.st.stm32cube.ide.mcu.externaltools.gnu-tools-for-stm32.9-2020-q2-update.win32_1.5.0.202011040924/tools/bin/../lib/gcc/arm-none-eabi/9.3.1/thumb/v7e-m+fp/hard/crtbegin.o
 .ARM.attributes
                0x0000000000000052       0x34 Src/circular_buffer.o
 .ARM.attributes
                0x0000000000000086       0x34 Src/esp82xx_driver.o
 .ARM.attributes
                0x00000000000000ba       0x34 Src/esp82xx_lib.o
 .ARM.attributes
                0x00000000000000ee       0x34 Src/hardware_modules.o
 .ARM.attributes
                0x0000000000000122       0x34 Src/main.o
 .ARM.attributes
                0x0000000000000156       0x34 Src/sysmem.o
 .ARM.attributes
                0x000000000000018a       0x21 Startup/startup_stm32f411retx.o
 .ARM.attributes
                0x00000000000001ab       0x34 c:/st/stm32cubeide_1.6.1/stm32cubeide/plugins/com.st.stm32cube.ide.mcu.externaltools.gnu-tools-for-stm32.9-2020-q2-update.win32_1.5.0.202011040924/tools/bin/../lib/gcc/arm-none-eabi/9.3.1/../../../../arm-none-eabi/lib/thumb/v7e-m+fp/hard\libc_nano.a(lib_a-errno.o)
 .ARM.attributes
                0x00000000000001df       0x32 c:/st/stm32cubeide_1.6.1/stm32cubeide/plugins/com.st.stm32cube.ide.mcu.externaltools.gnu-tools-for-stm32.9-2020-q2-update.win32_1.5.0.202011040924/tools/bin/../lib/gcc/arm-none-eabi/9.3.1/../../../../arm-none-eabi/lib/thumb/v7e-m+fp/hard\libc_nano.a(lib_a-impure.o)
 .ARM.attributes
                0x0000000000000211       0x34 c:/st/stm32cubeide_1.6.1/stm32cubeide/plugins/com.st.stm32cube.ide.mcu.externaltools.gnu-tools-for-stm32.9-2020-q2-update.win32_1.5.0.202011040924/tools/bin/../lib/gcc/arm-none-eabi/9.3.1/../../../../arm-none-eabi/lib/thumb/v7e-m+fp/hard\libc_nano.a(lib_a-init.o)
 .ARM.attributes
                0x0000000000000245       0x34 c:/st/stm32cubeide_1.6.1/stm32cubeide/plugins/com.st.stm32cube.ide.mcu.externaltools.gnu-tools-for-stm32.9-2020-q2-update.win32_1.5.0.202011040924/tools/bin/../lib/gcc/arm-none-eabi/9.3.1/../../../../arm-none-eabi/lib/thumb/v7e-m+fp/hard\libc_nano.a(lib_a-memset.o)
 .ARM.attributes
                0x0000000000000279       0x34 c:/st/stm32cubeide_1.6.1/stm32cubeide/plugins/com.st.stm32cube.ide.mcu.externaltools.gnu-tools-for-stm32.9-2020-q2-update.win32_1.5.0.202011040924/tools/bin/../lib/gcc/arm-none-eabi/9.3.1/../../../../arm-none-eabi/lib/thumb/v7e-m+fp/hard\libc_nano.a(lib_a-sprintf.o)
 .ARM.attributes
                0x00000000000002ad       0x1c c:/st/stm32cubeide_1.6.1/stm32cubeide/plugins/com.st.stm32cube.ide.mcu.externaltools.gnu-tools-for-stm32.9-2020-q2-update.win32_1.5.0.202011040924/tools/bin/../lib/gcc/arm-none-eabi/9.3.1/../../../../arm-none-eabi/lib/thumb/v7e-m+fp/hard\libc_nano.a(lib_a-strcmp.o)
 .ARM.attributes
                0x00000000000002c9       0x17 c:/st/stm32cubeide_1.6.1/stm32cubeide/plugins/com.st.stm32cube.ide.mcu.externaltools.gnu-tools-for-stm32.9-2020-q2-update.win32_1.5.0.202011040924/tools/bin/../lib/gcc/arm-none-eabi/9.3.1/../../../../arm-none-eabi/lib/thumb/v7e-m+fp/hard\libc_nano.a(lib_a-strlen.o)
 .ARM.attributes
                0x00000000000002e0       0x34 c:/st/stm32cubeide_1.6.1/stm32cubeide/plugins/com.st.stm32cube.ide.mcu.externaltools.gnu-tools-for-stm32.9-2020-q2-update.win32_1.5.0.202011040924/tools/bin/../lib/gcc/arm-none-eabi/9.3.1/../../../../arm-none-eabi/lib/thumb/v7e-m+fp/hard\libc_nano.a(lib_a-nano-svfprintf.o)
 .ARM.attributes
                0x0000000000000314       0x34 c:/st/stm32cubeide_1.6.1/stm32cubeide/plugins/com.st.stm32cube.ide.mcu.externaltools.gnu-tools-for-stm32.9-2020-q2-update.win32_1.5.0.202011040924/tools/bin/../lib/gcc/arm-none-eabi/9.3.1/../../../../arm-none-eabi/lib/thumb/v7e-m+fp/hard\libc_nano.a(lib_a-nano-vfprintf_i.o)
 .ARM.attributes
                0x0000000000000348       0x1c c:/st/stm32cubeide_1.6.1/stm32cubeide/plugins/com.st.stm32cube.ide.mcu.externaltools.gnu-tools-for-stm32.9-2020-q2-update.win32_1.5.0.202011040924/tools/bin/../lib/gcc/arm-none-eabi/9.3.1/../../../../arm-none-eabi/lib/thumb/v7e-m+fp/hard\libc_nano.a(lib_a-memchr.o)
 .ARM.attributes
                0x0000000000000364       0x34 c:/st/stm32cubeide_1.6.1/stm32cubeide/plugins/com.st.stm32cube.ide.mcu.externaltools.gnu-tools-for-stm32.9-2020-q2-update.win32_1.5.0.202011040924/tools/bin/../lib/gcc/arm-none-eabi/9.3.1/../../../../arm-none-eabi/lib/thumb/v7e-m+fp/hard\libc_nano.a(lib_a-memcpy-stub.o)
 .ARM.attributes
                0x0000000000000398       0x34 c:/st/stm32cubeide_1.6.1/stm32cubeide/plugins/com.st.stm32cube.ide.mcu.externaltools.gnu-tools-for-stm32.9-2020-q2-update.win32_1.5.0.202011040924/tools/bin/../lib/gcc/arm-none-eabi/9.3.1/../../../../arm-none-eabi/lib/thumb/v7e-m+fp/hard\libc_nano.a(lib_a-memmove.o)
 .ARM.attributes
                0x00000000000003cc       0x34 c:/st/stm32cubeide_1.6.1/stm32cubeide/plugins/com.st.stm32cube.ide.mcu.externaltools.gnu-tools-for-stm32.9-2020-q2-update.win32_1.5.0.202011040924/tools/bin/../lib/gcc/arm-none-eabi/9.3.1/../../../../arm-none-eabi/lib/thumb/v7e-m+fp/hard\libc_nano.a(lib_a-nano-freer.o)
 .ARM.attributes
                0x0000000000000400       0x34 c:/st/stm32cubeide_1.6.1/stm32cubeide/plugins/com.st.stm32cube.ide.mcu.externaltools.gnu-tools-for-stm32.9-2020-q2-update.win32_1.5.0.202011040924/tools/bin/../lib/gcc/arm-none-eabi/9.3.1/../../../../arm-none-eabi/lib/thumb/v7e-m+fp/hard\libc_nano.a(lib_a-nano-mallocr.o)
 .ARM.attributes
                0x0000000000000434       0x34 c:/st/stm32cubeide_1.6.1/stm32cubeide/plugins/com.st.stm32cube.ide.mcu.externaltools.gnu-tools-for-stm32.9-2020-q2-update.win32_1.5.0.202011040924/tools/bin/../lib/gcc/arm-none-eabi/9.3.1/../../../../arm-none-eabi/lib/thumb/v7e-m+fp/hard\libc_nano.a(lib_a-nano-reallocr.o)
 .ARM.attributes
                0x0000000000000468       0x34 c:/st/stm32cubeide_1.6.1/stm32cubeide/plugins/com.st.stm32cube.ide.mcu.externaltools.gnu-tools-for-stm32.9-2020-q2-update.win32_1.5.0.202011040924/tools/bin/../lib/gcc/arm-none-eabi/9.3.1/../../../../arm-none-eabi/lib/thumb/v7e-m+fp/hard\libc_nano.a(lib_a-sbrkr.o)
 .ARM.attributes
                0x000000000000049c       0x34 c:/st/stm32cubeide_1.6.1/stm32cubeide/plugins/com.st.stm32cube.ide.mcu.externaltools.gnu-tools-for-stm32.9-2020-q2-update.win32_1.5.0.202011040924/tools/bin/../lib/gcc/arm-none-eabi/9.3.1/../../../../arm-none-eabi/lib/thumb/v7e-m+fp/hard\libc_nano.a(lib_a-mlock.o)
 .ARM.attributes
                0x00000000000004d0       0x34 c:/st/stm32cubeide_1.6.1/stm32cubeide/plugins/com.st.stm32cube.ide.mcu.externaltools.gnu-tools-for-stm32.9-2020-q2-update.win32_1.5.0.202011040924/tools/bin/../lib/gcc/arm-none-eabi/9.3.1/../../../../arm-none-eabi/lib/thumb/v7e-m+fp/hard\libc_nano.a(lib_a-nano-msizer.o)
 .ARM.attributes
                0x0000000000000504       0x34 c:/st/stm32cubeide_1.6.1/stm32cubeide/plugins/com.st.stm32cube.ide.mcu.externaltools.gnu-tools-for-stm32.9-2020-q2-update.win32_1.5.0.202011040924/tools/bin/../lib/gcc/arm-none-eabi/9.3.1/../../../../arm-none-eabi/lib/thumb/v7e-m+fp/hard\libc_nano.a(lib_a-reent.o)
 .ARM.attributes
                0x0000000000000538       0x34 c:/st/stm32cubeide_1.6.1/stm32cubeide/plugins/com.st.stm32cube.ide.mcu.externaltools.gnu-tools-for-stm32.9-2020-q2-update.win32_1.5.0.202011040924/tools/bin/../lib/gcc/arm-none-eabi/9.3.1/../../../../arm-none-eabi/lib/thumb/v7e-m+fp/hard\libc_nano.a(lib_a-lock.o)
 .ARM.attributes
                0x000000000000056c       0x1e c:/st/stm32cubeide_1.6.1/stm32cubeide/plugins/com.st.stm32cube.ide.mcu.externaltools.gnu-tools-for-stm32.9-2020-q2-update.win32_1.5.0.202011040924/tools/bin/../lib/gcc/arm-none-eabi/9.3.1/thumb/v7e-m+fp/hard/crtn.o
OUTPUT(10_esp82xx_interactive_webserver.elf elf32-littlearm)
LOAD linker stubs
LOAD c:/st/stm32cubeide_1.6.1/stm32cubeide/plugins/com.st.stm32cube.ide.mcu.externaltools.gnu-tools-for-stm32.9-2020-q2-update.win32_1.5.0.202011040924/tools/bin/../lib/gcc/arm-none-eabi/9.3.1/../../../../arm-none-eabi/lib/thumb/v7e-m+fp/hard\libc.a
LOAD c:/st/stm32cubeide_1.6.1/stm32cubeide/plugins/com.st.stm32cube.ide.mcu.externaltools.gnu-tools-for-stm32.9-2020-q2-update.win32_1.5.0.202011040924/tools/bin/../lib/gcc/arm-none-eabi/9.3.1/../../../../arm-none-eabi/lib/thumb/v7e-m+fp/hard\libm.a
LOAD c:/st/stm32cubeide_1.6.1/stm32cubeide/plugins/com.st.stm32cube.ide.mcu.externaltools.gnu-tools-for-stm32.9-2020-q2-update.win32_1.5.0.202011040924/tools/bin/../lib/gcc/arm-none-eabi/9.3.1/thumb/v7e-m+fp/hard\libgcc.a

.debug_info     0x0000000000000000     0x3de4
 .debug_info    0x0000000000000000      0xfd7 Src/circular_buffer.o
 .debug_info    0x0000000000000fd7      0x8b1 Src/esp82xx_driver.o
 .debug_info    0x0000000000001888      0xc9d Src/esp82xx_lib.o
 .debug_info    0x0000000000002525      0x49c Src/hardware_modules.o
 .debug_info    0x00000000000029c1      0x9dc Src/main.o
 .debug_info    0x000000000000339d      0xa25 Src/sysmem.o
 .debug_info    0x0000000000003dc2       0x22 Startup/startup_stm32f411retx.o

.debug_abbrev   0x0000000000000000      0xc88
 .debug_abbrev  0x0000000000000000      0x36f Src/circular_buffer.o
 .debug_abbrev  0x000000000000036f      0x210 Src/esp82xx_driver.o
 .debug_abbrev  0x000000000000057f      0x2c1 Src/esp82xx_lib.o
 .debug_abbrev  0x0000000000000840       0xdc Src/hardware_modules.o
 .debug_abbrev  0x000000000000091c      0x19b Src/main.o
 .debug_abbrev  0x0000000000000ab7      0x1bf Src/sysmem.o
 .debug_abbrev  0x0000000000000c76       0x12 Startup/startup_stm32f411retx.o

.debug_aranges  0x0000000000000000      0x258
 .debug_aranges
                0x0000000000000000       0x98 Src/circular_buffer.o
 .debug_aranges
                0x0000000000000098       0x60 Src/esp82xx_driver.o
 .debug_aranges
                0x00000000000000f8       0x80 Src/esp82xx_lib.o
 .debug_aranges
                0x0000000000000178       0x78 Src/hardware_modules.o
 .debug_aranges
                0x00000000000001f0       0x20 Src/main.o
 .debug_aranges
                0x0000000000000210       0x20 Src/sysmem.o
 .debug_aranges
                0x0000000000000230       0x28 Startup/startup_stm32f411retx.o

.debug_ranges   0x0000000000000000      0x1f0
 .debug_ranges  0x0000000000000000       0x88 Src/circular_buffer.o
 .debug_ranges  0x0000000000000088       0x50 Src/esp82xx_driver.o
 .debug_ranges  0x00000000000000d8       0x70 Src/esp82xx_lib.o
 .debug_ranges  0x0000000000000148       0x68 Src/hardware_modules.o
 .debug_ranges  0x00000000000001b0       0x10 Src/main.o
 .debug_ranges  0x00000000000001c0       0x10 Src/sysmem.o
 .debug_ranges  0x00000000000001d0       0x20 Startup/startup_stm32f411retx.o

.debug_macro    0x0000000000000000     0xf700
 .debug_macro   0x0000000000000000      0x1c2 Src/circular_buffer.o
 .debug_macro   0x00000000000001c2      0xab4 Src/circular_buffer.o
 .debug_macro   0x0000000000000c76       0x22 Src/circular_buffer.o
 .debug_macro   0x0000000000000c98       0x4c Src/circular_buffer.o
 .debug_macro   0x0000000000000ce4       0x18 Src/circular_buffer.o
 .debug_macro   0x0000000000000cfc       0x94 Src/circular_buffer.o
 .debug_macro   0x0000000000000d90       0x3c Src/circular_buffer.o
 .debug_macro   0x0000000000000dcc       0x34 Src/circular_buffer.o
 .debug_macro   0x0000000000000e00      0x174 Src/circular_buffer.o
 .debug_macro   0x0000000000000f74       0x16 Src/circular_buffer.o
 .debug_macro   0x0000000000000f8a       0x43 Src/circular_buffer.o
 .debug_macro   0x0000000000000fcd       0x57 Src/circular_buffer.o
 .debug_macro   0x0000000000001024       0x34 Src/circular_buffer.o
 .debug_macro   0x0000000000001058       0x10 Src/circular_buffer.o
 .debug_macro   0x0000000000001068       0x58 Src/circular_buffer.o
 .debug_macro   0x00000000000010c0       0x71 Src/circular_buffer.o
 .debug_macro   0x0000000000001131       0x1c Src/circular_buffer.o
 .debug_macro   0x000000000000114d      0x12a Src/circular_buffer.o
 .debug_macro   0x0000000000001277      0x339 Src/circular_buffer.o
 .debug_macro   0x00000000000015b0       0x10 Src/circular_buffer.o
 .debug_macro   0x00000000000015c0       0x35 Src/circular_buffer.o
 .debug_macro   0x00000000000015f5       0x20 Src/circular_buffer.o
 .debug_macro   0x0000000000001615      0x103 Src/circular_buffer.o
 .debug_macro   0x0000000000001718       0x6a Src/circular_buffer.o
 .debug_macro   0x0000000000001782      0x1df Src/circular_buffer.o
 .debug_macro   0x0000000000001961       0x28 Src/circular_buffer.o
 .debug_macro   0x0000000000001989       0x28 Src/circular_buffer.o
 .debug_macro   0x00000000000019b1       0x1c Src/circular_buffer.o
 .debug_macro   0x00000000000019cd       0x22 Src/circular_buffer.o
 .debug_macro   0x00000000000019ef       0xd9 Src/circular_buffer.o
 .debug_macro   0x0000000000001ac8     0x102d Src/circular_buffer.o
 .debug_macro   0x0000000000002af5      0x11f Src/circular_buffer.o
 .debug_macro   0x0000000000002c14     0xb937 Src/circular_buffer.o
 .debug_macro   0x000000000000e54b       0x43 Src/circular_buffer.o
 .debug_macro   0x000000000000e58e       0x10 Src/circular_buffer.o
 .debug_macro   0x000000000000e59e      0x131 Src/esp82xx_driver.o
 .debug_macro   0x000000000000e6cf       0x8e Src/esp82xx_driver.o
 .debug_macro   0x000000000000e75d       0x51 Src/esp82xx_driver.o
 .debug_macro   0x000000000000e7ae       0xdf Src/esp82xx_driver.o
 .debug_macro   0x000000000000e88d       0x10 Src/esp82xx_driver.o
 .debug_macro   0x000000000000e89d      0x27e Src/esp82xx_lib.o
 .debug_macro   0x000000000000eb1b       0x16 Src/esp82xx_lib.o
 .debug_macro   0x000000000000eb31       0x97 Src/esp82xx_lib.o
 .debug_macro   0x000000000000ebc8       0xfd Src/esp82xx_lib.o
 .debug_macro   0x000000000000ecc5       0x10 Src/esp82xx_lib.o
 .debug_macro   0x000000000000ecd5       0x10 Src/esp82xx_lib.o
 .debug_macro   0x000000000000ece5       0x1c Src/esp82xx_lib.o
 .debug_macro   0x000000000000ed01       0x52 Src/esp82xx_lib.o
 .debug_macro   0x000000000000ed53       0x22 Src/esp82xx_lib.o
 .debug_macro   0x000000000000ed75       0x10 Src/esp82xx_lib.o
 .debug_macro   0x000000000000ed85       0x40 Src/esp82xx_lib.o
 .debug_macro   0x000000000000edc5       0xd5 Src/esp82xx_lib.o
 .debug_macro   0x000000000000ee9a       0x1c Src/esp82xx_lib.o
 .debug_macro   0x000000000000eeb6       0x3d Src/esp82xx_lib.o
 .debug_macro   0x000000000000eef3       0x16 Src/esp82xx_lib.o
 .debug_macro   0x000000000000ef09      0x145 Src/esp82xx_lib.o
 .debug_macro   0x000000000000f04e       0x16 Src/esp82xx_lib.o
 .debug_macro   0x000000000000f064       0x16 Src/esp82xx_lib.o
 .debug_macro   0x000000000000f07a       0xce Src/hardware_modules.o
 .debug_macro   0x000000000000f148      0x268 Src/main.o
 .debug_macro   0x000000000000f3b0       0x16 Src/main.o
 .debug_macro   0x000000000000f3c6       0xff Src/sysmem.o
 .debug_macro   0x000000000000f4c5      0x23b Src/sysmem.o

.debug_line     0x0000000000000000     0x3030
 .debug_line    0x0000000000000000      0xc17 Src/circular_buffer.o
 .debug_line    0x0000000000000c17      0x6cf Src/esp82xx_driver.o
 .debug_line    0x00000000000012e6      0xa56 Src/esp82xx_lib.o
 .debug_line    0x0000000000001d3c      0x620 Src/hardware_modules.o
 .debug_line    0x000000000000235c      0x75d Src/main.o
 .debug_line    0x0000000000002ab9      0x4f3 Src/sysmem.o
 .debug_line    0x0000000000002fac       0x84 Startup/startup_stm32f411retx.o

.debug_str      0x0000000000000000    0x5496b
 .debug_str     0x0000000000000000    0x52b89 Src/circular_buffer.o
                                      0x52e49 (size before relaxing)
 .debug_str     0x0000000000052b89      0x703 Src/esp82xx_driver.o
                                      0x4fdc3 (size before relaxing)
 .debug_str     0x000000000005328c     0x108e Src/esp82xx_lib.o
                                      0x53cf5 (size before relaxing)
 .debug_str     0x000000000005431a       0x95 Src/hardware_modules.o
                                      0x4f849 (size before relaxing)
 .debug_str     0x00000000000543af       0x58 Src/main.o
                                      0x53b45 (size before relaxing)
 .debug_str     0x0000000000054407      0x4e4 Src/sysmem.o
                                       0x62cd (size before relaxing)
 .debug_str     0x00000000000548eb       0x80 Startup/startup_stm32f411retx.o

.comment        0x0000000000000000       0x53
 .comment       0x0000000000000000       0x53 Src/circular_buffer.o
                                         0x54 (size before relaxing)
 .comment       0x0000000000000053       0x54 Src/esp82xx_driver.o
 .comment       0x0000000000000053       0x54 Src/esp82xx_lib.o
 .comment       0x0000000000000053       0x54 Src/hardware_modules.o
 .comment       0x0000000000000053       0x54 Src/main.o
 .comment       0x0000000000000053       0x54 Src/sysmem.o

.debug_frame    0x0000000000000000      0xbb0
 .debug_frame   0x0000000000000000      0x264 Src/circular_buffer.o
 .debug_frame   0x0000000000000264      0x14c Src/esp82xx_driver.o
 .debug_frame   0x00000000000003b0      0x1ac Src/esp82xx_lib.o
 .debug_frame   0x000000000000055c      0x190 Src/hardware_modules.o
 .debug_frame   0x00000000000006ec       0x2c Src/main.o
 .debug_frame   0x0000000000000718       0x34 Src/sysmem.o
 .debug_frame   0x000000000000074c       0x20 c:/st/stm32cubeide_1.6.1/stm32cubeide/plugins/com.st.stm32cube.ide.mcu.externaltools.gnu-tools-for-stm32.9-2020-q2-update.win32_1.5.0.202011040924/tools/bin/../lib/gcc/arm-none-eabi/9.3.1/../../../../arm-none-eabi/lib/thumb/v7e-m+fp/hard\libc_nano.a(lib_a-errno.o)
 .debug_frame   0x000000000000076c       0x2c c:/st/stm32cubeide_1.6.1/stm32cubeide/plugins/com.st.stm32cube.ide.mcu.externaltools.gnu-tools-for-stm32.9-2020-q2-update.win32_1.5.0.202011040924/tools/bin/../lib/gcc/arm-none-eabi/9.3.1/../../../../arm-none-eabi/lib/thumb/v7e-m+fp/hard\libc_nano.a(lib_a-init.o)
 .debug_frame   0x0000000000000798       0x20 c:/st/stm32cubeide_1.6.1/stm32cubeide/plugins/com.st.stm32cube.ide.mcu.externaltools.gnu-tools-for-stm32.9-2020-q2-update.win32_1.5.0.202011040924/tools/bin/../lib/gcc/arm-none-eabi/9.3.1/../../../../arm-none-eabi/lib/thumb/v7e-m+fp/hard\libc_nano.a(lib_a-memset.o)
 .debug_frame   0x00000000000007b8       0x6c c:/st/stm32cubeide_1.6.1/stm32cubeide/plugins/com.st.stm32cube.ide.mcu.externaltools.gnu-tools-for-stm32.9-2020-q2-update.win32_1.5.0.202011040924/tools/bin/../lib/gcc/arm-none-eabi/9.3.1/../../../../arm-none-eabi/lib/thumb/v7e-m+fp/hard\libc_nano.a(lib_a-sprintf.o)
 .debug_frame   0x0000000000000824       0x20 c:/st/stm32cubeide_1.6.1/stm32cubeide/plugins/com.st.stm32cube.ide.mcu.externaltools.gnu-tools-for-stm32.9-2020-q2-update.win32_1.5.0.202011040924/tools/bin/../lib/gcc/arm-none-eabi/9.3.1/../../../../arm-none-eabi/lib/thumb/v7e-m+fp/hard\libc_nano.a(lib_a-strcmp.o)
 .debug_frame   0x0000000000000844       0x90 c:/st/stm32cubeide_1.6.1/stm32cubeide/plugins/com.st.stm32cube.ide.mcu.externaltools.gnu-tools-for-stm32.9-2020-q2-update.win32_1.5.0.202011040924/tools/bin/../lib/gcc/arm-none-eabi/9.3.1/../../../../arm-none-eabi/lib/thumb/v7e-m+fp/hard\libc_nano.a(lib_a-nano-svfprintf.o)
 .debug_frame   0x00000000000008d4       0x60 c:/st/stm32cubeide_1.6.1/stm32cubeide/plugins/com.st.stm32cube.ide.mcu.externaltools.gnu-tools-for-stm32.9-2020-q2-update.win32_1.5.0.202011040924/tools/bin/../lib/gcc/arm-none-eabi/9.3.1/../../../../arm-none-eabi/lib/thumb/v7e-m+fp/hard\libc_nano.a(lib_a-nano-vfprintf_i.o)
 .debug_frame   0x0000000000000934       0x28 c:/st/stm32cubeide_1.6.1/stm32cubeide/plugins/com.st.stm32cube.ide.mcu.externaltools.gnu-tools-for-stm32.9-2020-q2-update.win32_1.5.0.202011040924/tools/bin/../lib/gcc/arm-none-eabi/9.3.1/../../../../arm-none-eabi/lib/thumb/v7e-m+fp/hard\libc_nano.a(lib_a-memcpy-stub.o)
 .debug_frame   0x000000000000095c       0x28 c:/st/stm32cubeide_1.6.1/stm32cubeide/plugins/com.st.stm32cube.ide.mcu.externaltools.gnu-tools-for-stm32.9-2020-q2-update.win32_1.5.0.202011040924/tools/bin/../lib/gcc/arm-none-eabi/9.3.1/../../../../arm-none-eabi/lib/thumb/v7e-m+fp/hard\libc_nano.a(lib_a-memmove.o)
 .debug_frame   0x0000000000000984       0x38 c:/st/stm32cubeide_1.6.1/stm32cubeide/plugins/com.st.stm32cube.ide.mcu.externaltools.gnu-tools-for-stm32.9-2020-q2-update.win32_1.5.0.202011040924/tools/bin/../lib/gcc/arm-none-eabi/9.3.1/../../../../arm-none-eabi/lib/thumb/v7e-m+fp/hard\libc_nano.a(lib_a-nano-freer.o)
 .debug_frame   0x00000000000009bc       0x30 c:/st/stm32cubeide_1.6.1/stm32cubeide/plugins/com.st.stm32cube.ide.mcu.externaltools.gnu-tools-for-stm32.9-2020-q2-update.win32_1.5.0.202011040924/tools/bin/../lib/gcc/arm-none-eabi/9.3.1/../../../../arm-none-eabi/lib/thumb/v7e-m+fp/hard\libc_nano.a(lib_a-nano-mallocr.o)
 .debug_frame   0x00000000000009ec       0x3c c:/st/stm32cubeide_1.6.1/stm32cubeide/plugins/com.st.stm32cube.ide.mcu.externaltools.gnu-tools-for-stm32.9-2020-q2-update.win32_1.5.0.202011040924/tools/bin/../lib/gcc/arm-none-eabi/9.3.1/../../../../arm-none-eabi/lib/thumb/v7e-m+fp/hard\libc_nano.a(lib_a-nano-reallocr.o)
 .debug_frame   0x0000000000000a28       0x2c c:/st/stm32cubeide_1.6.1/stm32cubeide/plugins/com.st.stm32cube.ide.mcu.externaltools.gnu-tools-for-stm32.9-2020-q2-update.win32_1.5.0.202011040924/tools/bin/../lib/gcc/arm-none-eabi/9.3.1/../../../../arm-none-eabi/lib/thumb/v7e-m+fp/hard\libc_nano.a(lib_a-sbrkr.o)
 .debug_frame   0x0000000000000a54       0x30 c:/st/stm32cubeide_1.6.1/stm32cubeide/plugins/com.st.stm32cube.ide.mcu.externaltools.gnu-tools-for-stm32.9-2020-q2-update.win32_1.5.0.202011040924/tools/bin/../lib/gcc/arm-none-eabi/9.3.1/../../../../arm-none-eabi/lib/thumb/v7e-m+fp/hard\libc_nano.a(lib_a-mlock.o)
 .debug_frame   0x0000000000000a84       0x20 c:/st/stm32cubeide_1.6.1/stm32cubeide/plugins/com.st.stm32cube.ide.mcu.externaltools.gnu-tools-for-stm32.9-2020-q2-update.win32_1.5.0.202011040924/tools/bin/../lib/gcc/arm-none-eabi/9.3.1/../../../../arm-none-eabi/lib/thumb/v7e-m+fp/hard\libc_nano.a(lib_a-nano-msizer.o)
 .debug_frame   0x0000000000000aa4       0x5c c:/st/stm32cubeide_1.6.1/stm32cubeide/plugins/com.st.stm32cube.ide.mcu.externaltools.gnu-tools-for-stm32.9-2020-q2-update.win32_1.5.0.202011040924/tools/bin/../lib/gcc/arm-none-eabi/9.3.1/../../../../arm-none-eabi/lib/thumb/v7e-m+fp/hard\libc_nano.a(lib_a-reent.o)
 .debug_frame   0x0000000000000b00       0xb0 c:/st/stm32cubeide_1.6.1/stm32cubeide/plugins/com.st.stm32cube.ide.mcu.externaltools.gnu-tools-for-stm32.9-2020-q2-update.win32_1.5.0.202011040924/tools/bin/../lib/gcc/arm-none-eabi/9.3.1/../../../../arm-none-eabi/lib/thumb/v7e-m+fp/hard\libc_nano.a(lib_a-lock.o)
