Archive member included to satisfy reference by file (symbol)

c:/st/stm32cubeide_1.6.1/stm32cubeide/plugins/com.st.stm32cube.ide.mcu.externaltools.gnu-tools-for-stm32.9-2020-q2-update.win32_1.5.0.202011040924/tools/bin/../lib/gcc/arm-none-eabi/9.3.1/../../../../arm-none-eabi/lib/thumb/v7e-m+fp/hard\libc_nano.a(lib_a-errno.o)
                              Src/syscalls.o (__errno)
c:/st/stm32cubeide_1.6.1/stm32cubeide/plugins/com.st.stm32cube.ide.mcu.externaltools.gnu-tools-for-stm32.9-2020-q2-update.win32_1.5.0.202011040924/tools/bin/../lib/gcc/arm-none-eabi/9.3.1/../../../../arm-none-eabi/lib/thumb/v7e-m+fp/hard\libc_nano.a(lib_a-exit.o)
                              c:/st/stm32cubeide_1.6.1/stm32cubeide/plugins/com.st.stm32cube.ide.mcu.externaltools.gnu-tools-for-stm32.9-2020-q2-update.win32_1.5.0.202011040924/tools/bin/../lib/gcc/arm-none-eabi/9.3.1/../../../../arm-none-eabi/lib/thumb/v7e-m+fp/hard/crt0.o (exit)
c:/st/stm32cubeide_1.6.1/stm32cubeide/plugins/com.st.stm32cube.ide.mcu.externaltools.gnu-tools-for-stm32.9-2020-q2-update.win32_1.5.0.202011040924/tools/bin/../lib/gcc/arm-none-eabi/9.3.1/../../../../arm-none-eabi/lib/thumb/v7e-m+fp/hard\libc_nano.a(lib_a-impure.o)
                              c:/st/stm32cubeide_1.6.1/stm32cubeide/plugins/com.st.stm32cube.ide.mcu.externaltools.gnu-tools-for-stm32.9-2020-q2-update.win32_1.5.0.202011040924/tools/bin/../lib/gcc/arm-none-eabi/9.3.1/../../../../arm-none-eabi/lib/thumb/v7e-m+fp/hard\libc_nano.a(lib_a-exit.o) (_global_impure_ptr)
c:/st/stm32cubeide_1.6.1/stm32cubeide/plugins/com.st.stm32cube.ide.mcu.externaltools.gnu-tools-for-stm32.9-2020-q2-update.win32_1.5.0.202011040924/tools/bin/../lib/gcc/arm-none-eabi/9.3.1/../../../../arm-none-eabi/lib/thumb/v7e-m+fp/hard\libc_nano.a(lib_a-init.o)
                              c:/st/stm32cubeide_1.6.1/stm32cubeide/plugins/com.st.stm32cube.ide.mcu.externaltools.gnu-tools-for-stm32.9-2020-q2-update.win32_1.5.0.202011040924/tools/bin/../lib/gcc/arm-none-eabi/9.3.1/../../../../arm-none-eabi/lib/thumb/v7e-m+fp/hard/crt0.o (__libc_init_array)
c:/st/stm32cubeide_1.6.1/stm32cubeide/plugins/com.st.stm32cube.ide.mcu.externaltools.gnu-tools-for-stm32.9-2020-q2-update.win32_1.5.0.202011040924/tools/bin/../lib/gcc/arm-none-eabi/9.3.1/../../../../arm-none-eabi/lib/thumb/v7e-m+fp/hard\libc_nano.a(lib_a-memset.o)
                              c:/st/stm32cubeide_1.6.1/stm32cubeide/plugins/com.st.stm32cube.ide.mcu.externaltools.gnu-tools-for-stm32.9-2020-q2-update.win32_1.5.0.202011040924/tools/bin/../lib/gcc/arm-none-eabi/9.3.1/../../../../arm-none-eabi/lib/thumb/v7e-m+fp/hard/crt0.o (memset)
c:/st/stm32cubeide_1.6.1/stm32cubeide/plugins/com.st.stm32cube.ide.mcu.externaltools.gnu-tools-for-stm32.9-2020-q2-update.win32_1.5.0.202011040924/tools/bin/../lib/gcc/arm-none-eabi/9.3.1/../../../../arm-none-eabi/lib/thumb/v7e-m+fp/hard\libc_nano.a(lib_a-sprintf.o)
                              Src/esp82xx_lib.o (sprintf)
c:/st/stm32cubeide_1.6.1/stm32cubeide/plugins/com.st.stm32cube.ide.mcu.externaltools.gnu-tools-for-stm32.9-2020-q2-update.win32_1.5.0.202011040924/tools/bin/../lib/gcc/arm-none-eabi/9.3.1/../../../../arm-none-eabi/lib/thumb/v7e-m+fp/hard\libc_nano.a(lib_a-strlen.o)
                              Src/circular_buffer.o (strlen)
c:/st/stm32cubeide_1.6.1/stm32cubeide/plugins/com.st.stm32cube.ide.mcu.externaltools.gnu-tools-for-stm32.9-2020-q2-update.win32_1.5.0.202011040924/tools/bin/../lib/gcc/arm-none-eabi/9.3.1/../../../../arm-none-eabi/lib/thumb/v7e-m+fp/hard\libc_nano.a(lib_a-nano-svfprintf.o)
                              c:/st/stm32cubeide_1.6.1/stm32cubeide/plugins/com.st.stm32cube.ide.mcu.externaltools.gnu-tools-for-stm32.9-2020-q2-update.win32_1.5.0.202011040924/tools/bin/../lib/gcc/arm-none-eabi/9.3.1/../../../../arm-none-eabi/lib/thumb/v7e-m+fp/hard\libc_nano.a(lib_a-sprintf.o) (_svfprintf_r)
c:/st/stm32cubeide_1.6.1/stm32cubeide/plugins/com.st.stm32cube.ide.mcu.externaltools.gnu-tools-for-stm32.9-2020-q2-update.win32_1.5.0.202011040924/tools/bin/../lib/gcc/arm-none-eabi/9.3.1/../../../../arm-none-eabi/lib/thumb/v7e-m+fp/hard\libc_nano.a(lib_a-nano-vfprintf_i.o)
                              c:/st/stm32cubeide_1.6.1/stm32cubeide/plugins/com.st.stm32cube.ide.mcu.externaltools.gnu-tools-for-stm32.9-2020-q2-update.win32_1.5.0.202011040924/tools/bin/../lib/gcc/arm-none-eabi/9.3.1/../../../../arm-none-eabi/lib/thumb/v7e-m+fp/hard\libc_nano.a(lib_a-nano-svfprintf.o) (_printf_i)
c:/st/stm32cubeide_1.6.1/stm32cubeide/plugins/com.st.stm32cube.ide.mcu.externaltools.gnu-tools-for-stm32.9-2020-q2-update.win32_1.5.0.202011040924/tools/bin/../lib/gcc/arm-none-eabi/9.3.1/../../../../arm-none-eabi/lib/thumb/v7e-m+fp/hard\libc_nano.a(lib_a-memchr.o)
[...]
Memory Configuration

Name             Origin             Length             Attributes
RAM              0x0000000020000000 0x0000000000020000 xrw
FLASH            0x0000000008000000 0x0000000000080000 xr
*default*        0x0000000000000000 0xffffffffffffffff

Linker script and memory map

LOAD c:/st/stm32cubeide_1.6.1/stm32cubeide/plugins/com.st.stm32cube.ide.mcu.externaltools.gnu-tools-for-stm32.9-2020-q2-update.win32_1.5.0.202011040924/tools/bin/../lib/gcc/arm-none-eabi/9.3.1/thumb/v7e-m+fp/hard/crti.o
LOAD c:/st/stm32cubeide_1.6.1/stm32cubeide/plugins/com.st.stm32cube.ide.mcu.externaltools.gnu-tools-for-stm32.9-2020-q2-update.win32_1.5.0.202011040924/tools/bin/../lib/gcc/arm-none-eabi/9.3.1/thumb/v7e-m+fp/hard/crtbegin.o
LOAD c:/st/stm32cubeide_1.6.1/stm32cubeide/plugins/com.st.stm32cube.ide.mcu.externaltools.gnu-tools-for-stm32.9-2020-q2-update.win32_1.5.0.202011040924/tools/bin/../lib/gcc/arm-none-eabi/9.3.1/../../../../arm-none-eabi/lib/thumb/v7e-m+fp/hard/crt0.o
LOAD Src/circular_buffer.o
LOAD Src/esp82xx_driver.o
LOAD Src/esp82xx_lib.o
LOAD Src/fifo.o
LOAD Src/main.o
LOAD Src/syscalls.o
LOAD Src/sysmem.o
LOAD Startup/startup_stm32f411retx.o
START GROUP
LOAD c:/st/stm32cubeide_1.6.1/stm32cubeide/plugins/com.st.stm32cube.ide.mcu.externaltools.gnu-tools-for-stm32.9-2020-q2-update.win32_1.5.0.202011040924/tools/bin/../lib/gcc/arm-none-eabi/9.3.1/../../../../arm-none-eabi/lib/thumb/v7e-m+fp/hard\libc_nano.a
LOAD c:/st/stm32cubeide_1.6.1/stm32cubeide/plugins/com.st.stm32cube.ide.mcu.externaltools.gnu-tools-for-stm32.9-2020-q2-update.win32_1.5.0.202011040924/tools/bin/../lib/gcc/arm-none-eabi/9.3.1/../../../../arm-none-eabi/lib/thumb/v7e-m+fp/hard\libm.a
END GROUP
START GROUP
LOAD c:/st/stm32cubeide_1.6.1/stm32cubeide/plugins/com.st.stm32cube.ide.mcu.externaltools.gnu-tools-for-stm32.9-2020-q2-update.win32_1.5.0.202011040924/tools/bin/../lib/gcc/arm-none-eabi/9.3.1/thumb/v7e-m+fp/hard\libgcc.a
LOAD c:/st/stm32cubeide_1.6.1/stm32cubeide/plugins/com.st.stm32cube.ide.mcu.externaltools.gnu-tools-for-stm32.9-2020-q2-update.win32_1.5.0.202011040924/tools/bin/../lib/gcc/arm-none-eabi/9.3.1/../../../../arm-none-eabi/lib/thumb/v7e-m+fp/hard\libc_nano.a
END GROUP
START GROUP
LOAD c:/st/stm32cubeide_1.6.1/stm32cubeide/plugins/com.st.stm32cube.ide.mcu.externaltools.gnu-tools-for-stm32.9-2020-q2-update.win32_1.5.0.202011040924/tools/bin/../lib/gcc/arm-none-eabi/9.3.1/thumb/v7e-m+fp/hard\libgcc.a
LOAD c:/st/stm32cubeide_1.6.1/stm32cubeide/plugins/com.st.stm32cube.ide.mcu.externaltools.gnu-tools-for-stm32.9-2020-q2-update.win32_1.5.0.202011040924/tools/bin/../lib/gcc/arm-none-eabi/9.3.1/../../../../arm-none-eabi/lib/thumb/v7e-m+fp/hard\libc_nano.a
LOAD c:/st/stm32cubeide_1.6.1/stm32cubeide/plugins/com.st.stm32cube.ide.mcu.externaltools.gnu-tools-for-stm32.9-2020-q2-update.win32_1.5.0.202011040924/tools/bin/../lib/gcc/arm-none-eabi/9.3.1/../../../../arm-none-eabi/lib/thumb/v7e-m+fp/hard\libnosys.a
END GROUP
START GROUP
LOAD c:/st/stm32cubeide_1.6.1/stm32cubeide/plugins/com.st.stm32cube.ide.mcu.externaltools.gnu-tools-for-stm32.9-2020-q2-update.win32_1.5.0.202011040924/tools/bin/../lib/gcc/arm-none-eabi/9.3.1/thumb/v7e-m+fp/hard\libgcc.a
LOAD c:/st/stm32cubeide_1.6.1/stm32cubeide/plugins/com.st.stm32cube.ide.mcu.externaltools.gnu-tools-for-stm32.9-2020-q2-update.win32_1.5.0.202011040924/tools/bin/../lib/gcc/arm-none-eabi/9.3.1/../../../../arm-none-eabi/lib/thumb/v7e-m+fp/hard\libc_nano.a
LOAD c:/st/stm32cubeide_1.6.1/stm32cubeide/plugins/com.st.stm32cube.ide.mcu.externaltools.gnu-tools-for-stm32.9-2020-q2-update.win32_1.5.0.202011040924/tools/bin/../lib/gcc/arm-none-eabi/9.3.1/../../../../arm-none-eabi/lib/thumb/v7e-m+fp/hard\libnosys.a
END GROUP
LOAD c:/st/stm32cubeide_1.6.1/stm32cubeide/plugins/com.st.stm32cube.ide.mcu.externaltools.gnu-tools-for-stm32.9-2020-q2-update.win32_1.5.0.202011040924/tools/bin/../lib/gcc/arm-none-eabi/9.3.1/thumb/v7e-m+fp/hard/crtend.o
LOAD c:/st/stm32cubeide_1.6.1/stm32cubeide/plugins/com.st.stm32cube.ide.mcu.externaltools.gnu-tools-for-stm32.9-2020-q2-update.win32_1.5.0.202011040924/tools/bin/../lib/gcc/arm-none-eabi/9.3.1/thumb/v7e-m+fp/hard/crtn.o
                0x0000000020020000                _estack = (ORIGIN (RAM) + LENGTH (RAM))
                0x0000000000000200                _Min_Heap_Size = 0x200
                0x0000000000000400                _Min_Stack_Size = 0x400

.isr_vector     0x0000000008000000      0x198
                0x0000000008000000                . = ALIGN (0x4)
 *(.isr_vector)
 .isr_vector    0x0000000008000000      0x198 Startup/startup_stm32f411retx.o
                0x0000000008000000                g_pfnVectors
                0x0000000008000198                . = ALIGN (0x4)

.text           0x00000000080001a0     0x17d8
                0x00000000080001a0                . = ALIGN (0x4)
 *(.text)
 .text          0x00000000080001a0       0x40 c:/st/stm32cubeide_1.6.1/stm32cubeide/plugins/com.st.stm32cube.ide.mcu.externaltools.gnu-tools-for-stm32.9-2020-q2-update.win32_1.5.0.202011040924/tools/bin/../lib/gcc/arm-none-eabi/9.3.1/thumb/v7e-m+fp/hard/crtbegin.o
 .text          0x00000000080001e0       0x10 c:/st/stm32cubeide_1.6.1/stm32cubeide/plugins/com.st.stm32cube.ide.mcu.externaltools.gnu-tools-for-stm32.9-2020-q2-update.win32_1.5.0.202011040924/tools/bin/../lib/gcc/arm-none-eabi/9.3.1/../../../../arm-none-eabi/lib/thumb/v7e-m+fp/hard\libc_nano.a(lib_a-strlen.o)
                0x00000000080001e0                strlen
 .text          0x00000000080001f0       0xa0 c:/st/stm32cubeide_1.6.1/stm32cubeide/plugins/com.st.stm32cube.ide.mcu.externaltools.gnu-tools-for-stm32.9-2020-q2-update.win32_1.5.0.202011040924/tools/bin/../lib/gcc/arm-none-eabi/9.3.1/../../../../arm-none-eabi/lib/thumb/v7e-m+fp/hard\libc_nano.a(lib_a-memchr.o)
                0x00000000080001f0                memchr
 *(.text*)
 .text.circular_buffer_init
                0x0000000008000290       0x68 Src/circular_buffer.o
                0x0000000008000290                circular_buffer_init
 .text.buff_store_char
                0x00000000080002f8       0x46 Src/circular_buffer.o
 *fill*         0x000000000800033e        0x2 
 .text.buffer_clear
                0x0000000008000340       0x6c Src/circular_buffer.o
                0x0000000008000340                buffer_clear
 .text.buffer_peek
                0x00000000080003ac       0x94 Src/circular_buffer.o
                0x00000000080003ac                buffer_peek
 .text.buffer_read
                0x0000000008000440       0xc8 Src/circular_buffer.o
                0x0000000008000440                buffer_read
 .text.buffer_write
                0x0000000008000508       0xd4 Src/circular_buffer.o
                0x0000000008000508                buffer_write
 .text.is_data  0x00000000080005dc       0x88 Src/circular_buffer.o
                0x00000000080005dc                is_data
 .text.get_first_char
                0x0000000008000664       0x70 Src/circular_buffer.o
 .text.is_response
                0x00000000080006d4       0x90 Src/circular_buffer.o
                0x00000000080006d4                is_response
 .text.buffer_send_string
                0x0000000008000764       0x32 Src/circular_buffer.o
                0x0000000008000764                buffer_send_string
 *fill*         0x0000000008000796        0x2 
 .text.process_copy
                0x0000000008000798      0x124 Src/circular_buffer.o
 .text.copy_up_to_string
                0x00000000080008bc       0x1e Src/circular_buffer.o
                0x00000000080008bc                copy_up_to_string
 *fill*         0x00000000080008da        0x2 
 .text.esp82_uart_callback
                0x00000000080008dc       0xa0 Src/circular_buffer.o
                0x00000000080008dc                esp82_uart_callback
 .text.debug_uart_callback
                0x000000000800097c       0xa0 Src/circular_buffer.o
                0x000000000800097c                debug_uart_callback
 .text.__NVIC_EnableIRQ
                0x0000000008000a1c       0x3c Src/esp82xx_driver.o
 .text.debug_uart_init
                0x0000000008000a58       0xf8 Src/esp82xx_driver.o
                0x0000000008000a58                debug_uart_init
 .text.esp_uart_init
                0x0000000008000b50       0xf8 Src/esp82xx_driver.o
                0x0000000008000b50                esp_uart_init
 .text.systick_delay_ms
                0x0000000008000c48       0x54 Src/esp82xx_driver.o
                0x0000000008000c48                systick_delay_ms
 .text.compute_uart_bd
                0x0000000008000c9c       0x26 Src/esp82xx_driver.o
 .text.esp82xx_sever_init
                0x0000000008000cc2       0x36 Src/esp82xx_lib.o
                0x0000000008000cc2                esp82xx_sever_init
 .text.esp82xx_reset
                0x0000000008000cf8       0x4c Src/esp82xx_lib.o
 .text.esp82xx_startup_test
                0x0000000008000d44       0x4c Src/esp82xx_lib.o
 .text.esp82xx_sta_mode
                0x0000000008000d90       0x4c Src/esp82xx_lib.o
 .text.esp82xx_ap_connect
                0x0000000008000ddc       0x8c Src/esp82xx_lib.o
 .text.esp82xx_get_local_ip
                0x0000000008000e68       0xa8 Src/esp82xx_lib.o
 .text.esp82xx_multi_conn_en
                0x0000000008000f10       0x4c Src/esp82xx_lib.o
 .text.esp82xx_create_tcp_server
                0x0000000008000f5c       0x4c Src/esp82xx_lib.o
 .text.USART1_IRQHandler
                0x0000000008000fa8        0xc Src/esp82xx_lib.o
                0x0000000008000fa8                USART1_IRQHandler
 .text.USART2_IRQHandler
                0x0000000008000fb4        0xc Src/esp82xx_lib.o
                0x0000000008000fb4                USART2_IRQHandler
 .text.main     0x0000000008000fc0       0x20 Src/main.o
                0x0000000008000fc0                main
 .text._sbrk    0x0000000008000fe0       0x6c Src/sysmem.o
                0x0000000008000fe0                _sbrk
 .text.Reset_Handler
                0x000000000800104c       0x50 Startup/startup_stm32f411retx.o
                0x000000000800104c                Reset_Handler
 .text.Default_Handler
                0x000000000800109c        0x2 Startup/startup_stm32f411retx.o
                0x000000000800109c                RTC_Alarm_IRQHandler
                0x000000000800109c                EXTI2_IRQHandler
                0x000000000800109c                DebugMon_Handler
                0x000000000800109c                SPI4_IRQHandler
                0x000000000800109c                TIM1_CC_IRQHandler
                0x000000000800109c                DMA2_Stream5_IRQHandler
                0x000000000800109c                HardFault_Handler
                0x000000000800109c                DMA1_Stream5_IRQHandler
                0x000000000800109c                SysTick_Handler
                0x000000000800109c                PVD_IRQHandler
                0x000000000800109c                SDIO_IRQHandler
                0x000000000800109c                TAMP_STAMP_IRQHandler
                0x000000000800109c                PendSV_Handler
                0x000000000800109c                NMI_Handler
                0x000000000800109c                EXTI3_IRQHandler
                0x000000000800109c                TIM1_UP_TIM10_IRQHandler
                0x000000000800109c                I2C3_ER_IRQHandler
                0x000000000800109c                EXTI0_IRQHandler
                0x000000000800109c                I2C2_EV_IRQHandler
                0x000000000800109c                DMA1_Stream2_IRQHandler
                0x000000000800109c                FPU_IRQHandler
                0x000000000800109c                UsageFault_Handler
                0x000000000800109c                DMA2_Stream2_IRQHandler
                0x000000000800109c                SPI1_IRQHandler
                0x000000000800109c                TIM1_BRK_TIM9_IRQHandler
                0x000000000800109c                DMA2_Stream3_IRQHandler
                0x000000000800109c                USART6_IRQHandler
                0x000000000800109c                DMA2_Stream0_IRQHandler
                0x000000000800109c                TIM4_IRQHandler
                0x000000000800109c                I2C1_EV_IRQHandler
                0x000000000800109c                DMA1_Stream6_IRQHandler
                0x000000000800109c                DMA1_Stream1_IRQHandler
                0x000000000800109c                TIM3_IRQHandler
                0x000000000800109c                RCC_IRQHandler
                0x000000000800109c                Default_Handler
                0x000000000800109c                EXTI15_10_IRQHandler
                0x000000000800109c                ADC_IRQHandler
                0x000000000800109c                DMA1_Stream7_IRQHandler
                0x000000000800109c                SPI5_IRQHandler
                0x000000000800109c                TIM5_IRQHandler
                0x000000000800109c                DMA2_Stream7_IRQHandler
                0x000000000800109c                I2C3_EV_IRQHandler
                0x000000000800109c                EXTI9_5_IRQHandler
                0x000000000800109c                RTC_WKUP_IRQHandler
                0x000000000800109c                SPI2_IRQHandler
                0x000000000800109c                MemManage_Handler
                0x000000000800109c                DMA1_Stream0_IRQHandler
                0x000000000800109c                SVC_Handler
                0x000000000800109c                EXTI4_IRQHandler
                0x000000000800109c                WWDG_IRQHandler
                0x000000000800109c                TIM2_IRQHandler
                0x000000000800109c                OTG_FS_WKUP_IRQHandler
                0x000000000800109c                TIM1_TRG_COM_TIM11_IRQHandler
                0x000000000800109c                EXTI1_IRQHandler
                0x000000000800109c                I2C2_ER_IRQHandler
                0x000000000800109c                DMA2_Stream1_IRQHandler
                0x000000000800109c                FLASH_IRQHandler
                0x000000000800109c                DMA2_Stream4_IRQHandler
                0x000000000800109c                BusFault_Handler
                0x000000000800109c                OTG_FS_IRQHandler
                0x000000000800109c                SPI3_IRQHandler
                0x000000000800109c                DMA1_Stream4_IRQHandler
                0x000000000800109c                I2C1_ER_IRQHandler
                0x000000000800109c                DMA2_Stream6_IRQHandler
                0x000000000800109c                DMA1_Stream3_IRQHandler
 *fill*         0x000000000800109e        0x2 
 .text.__errno  0x00000000080010a0        0xc c:/st/stm32cubeide_1.6.1/stm32cubeide/plugins/com.st.stm32cube.ide.mcu.externaltools.gnu-tools-for-stm32.9-2020-q2-update.win32_1.5.0.202011040924/tools/bin/../lib/gcc/arm-none-eabi/9.3.1/../../../../arm-none-eabi/lib/thumb/v7e-m+fp/hard\libc_nano.a(lib_a-errno.o)
                0x00000000080010a0                __errno
 .text.__libc_init_array
                0x00000000080010ac       0x48 c:/st/stm32cubeide_1.6.1/stm32cubeide/plugins/com.st.stm32cube.ide.mcu.externaltools.gnu-tools-for-stm32.9-2020-q2-update.win32_1.5.0.202011040924/tools/bin/../lib/gcc/arm-none-eabi/9.3.1/../../../../arm-none-eabi/lib/thumb/v7e-m+fp/hard\libc_nano.a(lib_a-init.o)
                0x00000000080010ac                __libc_init_array
 .text.memset   0x00000000080010f4       0x10 c:/st/stm32cubeide_1.6.1/stm32cubeide/plugins/com.st.stm32cube.ide.mcu.externaltools.gnu-tools-for-stm32.9-2020-q2-update.win32_1.5.0.202011040924/tools/bin/../lib/gcc/arm-none-eabi/9.3.1/../../../../arm-none-eabi/lib/thumb/v7e-m+fp/hard\libc_nano.a(lib_a-memset.o)
                0x00000000080010f4                memset
 .text.sprintf  0x0000000008001104       0x40 c:/st/stm32cubeide_1.6.1/stm32cubeide/plugins/com.st.stm32cube.ide.mcu.externaltools.gnu-tools-for-stm32.9-2020-q2-update.win32_1.5.0.202011040924/tools/bin/../lib/gcc/arm-none-eabi/9.3.1/../../../../arm-none-eabi/lib/thumb/v7e-m+fp/hard\libc_nano.a(lib_a-sprintf.o)
                0x0000000008001104                siprintf
                0x0000000008001104                sprintf
 .text.__ssputs_r
                0x0000000008001144       0xb6 c:/st/stm32cubeide_1.6.1/stm32cubeide/plugins/com.st.stm32cube.ide.mcu.externaltools.gnu-tools-for-stm32.9-2020-q2-update.win32_1.5.0.202011040924/tools/bin/../lib/gcc/arm-none-eabi/9.3.1/../../../../arm-none-eabi/lib/thumb/v7e-m+fp/hard\libc_nano.a(lib_a-nano-svfprintf.o)
                0x0000000008001144                __ssputs_r
 *fill*         0x00000000080011fa        0x2 
 .text._svfprintf_r
                0x00000000080011fc      0x200 c:/st/stm32cubeide_1.6.1/stm32cubeide/plugins/com.st.stm32cube.ide.mcu.externaltools.gnu-tools-for-stm32.9-2020-q2-update.win32_1.5.0.202011040924/tools/bin/../lib/gcc/arm-none-eabi/9.3.1/../../../../arm-none-eabi/lib/thumb/v7e-m+fp/hard\libc_nano.a(lib_a-nano-svfprintf.o)
                0x00000000080011fc                _svfiprintf_r
                0x00000000080011fc                _svfprintf_r
 .text._printf_common
                0x00000000080013fc       0xda c:/st/stm32cubeide_1.6.1/stm32cubeide/plugins/com.st.stm32cube.ide.mcu.externaltools.gnu-tools-for-stm32.9-2020-q2-update.win32_1.5.0.202011040924/tools/bin/../lib/gcc/arm-none-eabi/9.3.1/../../../../arm-none-eabi/lib/thumb/v7e-m+fp/hard\libc_nano.a(lib_a-nano-vfprintf_i.o)
                0x00000000080013fc                _printf_common
 *fill*         0x00000000080014d6        0x2 
 .text._printf_i
                0x00000000080014d8      0x24c c:/st/stm32cubeide_1.6.1/stm32cubeide/plugins/com.st.stm32cube.ide.mcu.externaltools.gnu-tools-for-stm32.9-2020-q2-update.win32_1.5.0.202011040924/tools/bin/../lib/gcc/arm-none-eabi/9.3.1/../../../../arm-none-eabi/lib/thumb/v7e-m+fp/hard\libc_nano.a(lib_a-nano-vfprintf_i.o)
                0x00000000080014d8                _printf_i
 .text.memcpy   0x0000000008001724       0x1c c:/st/stm32cubeide_1.6.1/stm32cubeide/plugins/com.st.stm32cube.ide.mcu.externaltools.gnu-tools-for-stm32.9-2020-q2-update.win32_1.5.0.202011040924/tools/bin/../lib/gcc/arm-none-eabi/9.3.1/../../../../arm-none-eabi/lib/thumb/v7e-m+fp/hard\libc_nano.a(lib_a-memcpy-stub.o)
                0x0000000008001724                memcpy
 .text.memmove  0x0000000008001740       0x34 c:/st/stm32cubeide_1.6.1/stm32cubeide/plugins/com.st.stm32cube.ide.mcu.externaltools.gnu-tools-for-stm32.9-2020-q2-update.win32_1.5.0.202011040924/tools/bin/../lib/gcc/arm-none-eabi/9.3.1/../../../../arm-none-eabi/lib/thumb/v7e-m+fp/hard\libc_nano.a(lib_a-memmove.o)
                0x0000000008001740                memmove
 .text._free_r  0x0000000008001774       0xa0 c:/st/stm32cubeide_1.6.1/stm32cubeide/plugins/com.st.stm32cube.ide.mcu.externaltools.gnu-tools-for-stm32.9-2020-q2-update.win32_1.5.0.202011040924/tools/bin/../lib/gcc/arm-none-eabi/9.3.1/../../../../arm-none-eabi/lib/thumb/v7e-m+fp/hard\libc_nano.a(lib_a-nano-freer.o)
                0x0000000008001774                _free_r
 .text._malloc_r
                0x0000000008001814       0xb4 c:/st/stm32cubeide_1.6.1/stm32cubeide/plugins/com.st.stm32cube.ide.mcu.externaltools.gnu-tools-for-stm32.9-2020-q2-update.win32_1.5.0.202011040924/tools/bin/../lib/gcc/arm-none-eabi/9.3.1/../../../../arm-none-eabi/lib/thumb/v7e-m+fp/hard\libc_nano.a(lib_a-nano-mallocr.o)
                0x0000000008001814                _malloc_r
 .text._realloc_r
                0x00000000080018c8       0x4c c:/st/stm32cubeide_1.6.1/stm32cubeide/plugins/com.st.stm32cube.ide.mcu.externaltools.gnu-tools-for-stm32.9-2020-q2-update.win32_1.5.0.202011040924/tools/bin/../lib/gcc/arm-none-eabi/9.3.1/../../../../arm-none-eabi/lib/thumb/v7e-m+fp/hard\libc_nano.a(lib_a-nano-reallocr.o)
                0x00000000080018c8                _realloc_r
 .text._sbrk_r  0x0000000008001914       0x20 c:/st/stm32cubeide_1.6.1/stm32cubeide/plugins/com.st.stm32cube.ide.mcu.externaltools.gnu-tools-for-stm32.9-2020-q2-update.win32_1.5.0.202011040924/tools/bin/../lib/gcc/arm-none-eabi/9.3.1/../../../../arm-none-eabi/lib/thumb/v7e-m+fp/hard\libc_nano.a(lib_a-sbrkr.o)
                0x0000000008001914                _sbrk_r
 .text.__malloc_lock
                0x0000000008001934        0xc c:/st/stm32cubeide_1.6.1/stm32cubeide/plugins/com.st.stm32cube.ide.mcu.externaltools.gnu-tools-for-stm32.9-2020-q2-update.win32_1.5.0.202011040924/tools/bin/../lib/gcc/arm-none-eabi/9.3.1/../../../../arm-none-eabi/lib/thumb/v7e-m+fp/hard\libc_nano.a(lib_a-mlock.o)
                0x0000000008001934                __malloc_lock
 .text.__malloc_unlock
                0x0000000008001940        0xc c:/st/stm32cubeide_1.6.1/stm32cubeide/plugins/com.st.stm32cube.ide.mcu.externaltools.gnu-tools-for-stm32.9-2020-q2-update.win32_1.5.0.202011040924/tools/bin/../lib/gcc/arm-none-eabi/9.3.1/../../../../arm-none-eabi/lib/thumb/v7e-m+fp/hard\libc_nano.a(lib_a-mlock.o)
                0x0000000008001940                __malloc_unlock
 .text._malloc_usable_size_r
                0x000000000800194c       0x10 c:/st/stm32cubeide_1.6.1/stm32cubeide/plugins/com.st.stm32cube.ide.mcu.externaltools.gnu-tools-for-stm32.9-2020-q2-update.win32_1.5.0.202011040924/tools/bin/../lib/gcc/arm-none-eabi/9.3.1/../../../../arm-none-eabi/lib/thumb/v7e-m+fp/hard\libc_nano.a(lib_a-nano-msizer.o)
                0x000000000800194c                _malloc_usable_size_r
 .text.__retarget_lock_acquire_recursive
                0x000000000800195c        0x2 c:/st/stm32cubeide_1.6.1/stm32cubeide/plugins/com.st.stm32cube.ide.mcu.externaltools.gnu-tools-for-stm32.9-2020-q2-update.win32_1.5.0.202011040924/tools/bin/../lib/gcc/arm-none-eabi/9.3.1/../../../../arm-none-eabi/lib/thumb/v7e-m+fp/hard\libc_nano.a(lib_a-lock.o)
                0x000000000800195c                __retarget_lock_acquire_recursive
 .text.__retarget_lock_release_recursive
                0x000000000800195e        0x2 c:/st/stm32cubeide_1.6.1/stm32cubeide/plugins/com.st.stm32cube.ide.mcu.externaltools.gnu-tools-for-stm32.9-2020-q2-update.win32_1.5.0.202011040924/tools/bin/../lib/gcc/arm-none-eabi/9.3.1/../../../../arm-none-eabi/lib/thumb/v7e-m+fp/hard\libc_nano.a(lib_a-lock.o)
                0x000000000800195e                __retarget_lock_release_recursive
 *(.glue_7)
 .glue_7        0x0000000008001960        0x0 linker stubs
 *(.glue_7t)
 .glue_7t       0x0000000008001960        0x0 linker stubs
 *(.eh_frame)
 .eh_frame      0x0000000008001960        0x0 c:/st/stm32cubeide_1.6.1/stm32cubeide/plugins/com.st.stm32cube.ide.mcu.externaltools.gnu-tools-for-stm32.9-2020-q2-update.win32_1.5.0.202011040924/tools/bin/../lib/gcc/arm-none-eabi/9.3.1/thumb/v7e-m+fp/hard/crtbegin.o
 *(.init)
 .init          0x0000000008001960        0x4 c:/st/stm32cubeide_1.6.1/stm32cubeide/plugins/com.st.stm32cube.ide.mcu.externaltools.gnu-tools-for-stm32.9-2020-q2-update.win32_1.5.0.202011040924/tools/bin/../lib/gcc/arm-none-eabi/9.3.1/thumb/v7e-m+fp/hard/crti.o
                0x0000000008001960                _init
 .init          0x0000000008001964        0x8 c:/st/stm32cubeide_1.6.1/stm32cubeide/plugins/com.st.stm32cube.ide.mcu.externaltools.gnu-tools-for-stm32.9-2020-q2-update.win32_1.5.0.202011040924/tools/bin/../lib/gcc/arm-none-eabi/9.3.1/thumb/v7e-m+fp/hard/crtn.o
 *(.fini)
 .fini          0x000000000800196c        0x4 c:/st/stm32cubeide_1.6.1/stm32cubeide/plugins/com.st.stm32cube.ide.mcu.externaltools.gnu-tools-for-stm32.9-2020-q2-update.win32_1.5.0.202011040924/tools/bin/../lib/gcc/arm-none-eabi/9.3.1/thumb/v7e-m+fp/hard/crti.o
                0x000000000800196c                _fini
 .fini          0x0000000008001970        0x8 c:/st/stm32cubeide_1.6.1/stm32cubeide/plugins/com.st.stm32cube.ide.mcu.externaltools.gnu-tools-for-stm32.9-2020-q2-update.win32_1.5.0.202011040924/tools/bin/../lib/gcc/arm-none-eabi/9.3.1/thumb/v7e-m+fp/hard/crtn.o
                0x0000000008001978                . = ALIGN (0x4)
                0x0000000008001978                _etext = .

.vfp11_veneer   0x0000000008001978        0x0
 .vfp11_veneer  0x0000000008001978        0x0 linker stubs

.v4_bx          0x0000000008001978        0x0
 .v4_bx         0x0000000008001978        0x0 linker stubs

.iplt           0x0000000008001978        0x0
 .iplt          0x0000000008001978        0x0 c:/st/stm32cubeide_1.6.1/stm32cubeide/plugins/com.st.stm32cube.ide.mcu.externaltools.gnu-tools-for-stm32.9-2020-q2-update.win32_1.5.0.202011040924/tools/bin/../lib/gcc/arm-none-eabi/9.3.1/thumb/v7e-m+fp/hard/crtbegin.o

.rodata         0x0000000008001978      0x1d0
                0x0000000008001978                . = ALIGN (0x4)
 *(.rodata)
 .rodata        0x0000000008001978      0x183 Src/esp82xx_lib.o
 *fill*         0x0000000008001afb        0x1 
 .rodata        0x0000000008001afc       0x19 Src/main.o
 *(.rodata*)
 .rodata._svfprintf_r.str1.1
                0x0000000008001b15       0x11 c:/st/stm32cubeide_1.6.1/stm32cubeide/plugins/com.st.stm32cube.ide.mcu.externaltools.gnu-tools-for-stm32.9-2020-q2-update.win32_1.5.0.202011040924/tools/bin/../lib/gcc/arm-none-eabi/9.3.1/../../../../arm-none-eabi/lib/thumb/v7e-m+fp/hard\libc_nano.a(lib_a-nano-svfprintf.o)
 .rodata._printf_i.str1.1
                0x0000000008001b26       0x22 c:/st/stm32cubeide_1.6.1/stm32cubeide/plugins/com.st.stm32cube.ide.mcu.externaltools.gnu-tools-for-stm32.9-2020-q2-update.win32_1.5.0.202011040924/tools/bin/../lib/gcc/arm-none-eabi/9.3.1/../../../../arm-none-eabi/lib/thumb/v7e-m+fp/hard\libc_nano.a(lib_a-nano-vfprintf_i.o)
                0x0000000008001b48                . = ALIGN (0x4)

.rel.dyn        0x0000000008001b48        0x0
 .rel.iplt      0x0000000008001b48        0x0 c:/st/stm32cubeide_1.6.1/stm32cubeide/plugins/com.st.stm32cube.ide.mcu.externaltools.gnu-tools-for-stm32.9-2020-q2-update.win32_1.5.0.202011040924/tools/bin/../lib/gcc/arm-none-eabi/9.3.1/thumb/v7e-m+fp/hard/crtbegin.o

.ARM.extab      0x0000000008001b48        0x0
                0x0000000008001b48                . = ALIGN (0x4)
 *(.ARM.extab* .gnu.linkonce.armextab.*)
                0x0000000008001b48                . = ALIGN (0x4)

.ARM            0x0000000008001b48        0x0
                0x0000000008001b48                . = ALIGN (0x4)
                0x0000000008001b48                __exidx_start = .
 *(.ARM.exidx*)
                0x0000000008001b48                __exidx_end = .
                0x0000000008001b48                . = ALIGN (0x4)

.preinit_array  0x0000000008001b48        0x0
                0x0000000008001b48                . = ALIGN (0x4)
                0x0000000008001b48                PROVIDE (__preinit_array_start = .)
 *(.preinit_array*)
                0x0000000008001b48                PROVIDE (__preinit_array_end = .)
                0x0000000008001b48                . = ALIGN (0x4)

.init_array     0x0000000008001b48        0x4
                0x0000000008001b48                . = ALIGN (0x4)
                0x0000000008001b48                PROVIDE (__init_array_start = .)
 *(SORT_BY_NAME(.init_array.*))
 *(.init_array*)
 .init_array    0x0000000008001b48        0x4 c:/st/stm32cubeide_1.6.1/stm32cubeide/plugins/com.st.stm32cube.ide.mcu.externaltools.gnu-tools-for-stm32.9-2020-q2-update.win32_1.5.0.202011040924/tools/bin/../lib/gcc/arm-none-eabi/9.3.1/thumb/v7e-m+fp/hard/crtbegin.o
                0x0000000008001b4c                PROVIDE (__init_array_end = .)
                0x0000000008001b4c                . = ALIGN (0x4)

.fini_array     0x0000000008001b4c        0x4
                0x0000000008001b4c                . = ALIGN (0x4)
                [!provide]                        PROVIDE (__fini_array_start = .)
 *(SORT_BY_NAME(.fini_array.*))
 *(.fini_array*)
 .fini_array    0x0000000008001b4c        0x4 c:/st/stm32cubeide_1.6.1/stm32cubeide/plugins/com.st.stm32cube.ide.mcu.externaltools.gnu-tools-for-stm32.9-2020-q2-update.win32_1.5.0.202011040924/tools/bin/../lib/gcc/arm-none-eabi/9.3.1/thumb/v7e-m+fp/hard/crtbegin.o
                [!provide]                        PROVIDE (__fini_array_end = .)
                0x0000000008001b50                . = ALIGN (0x4)
                0x0000000008001b50                _sidata = LOADADDR (.data)

.data           0x0000000020000000       0x68 load address 0x0000000008001b50
                0x0000000020000000                . = ALIGN (0x4)
                0x0000000020000000                _sdata = .
 *(.data)
 *(.data*)
 .data.esp82xx_port
                0x0000000020000000        0x1 Src/circular_buffer.o
                0x0000000020000000                esp82xx_port
 *fill*         0x0000000020000001        0x3 
 .data._impure_ptr
                0x0000000020000004        0x4 c:/st/stm32cubeide_1.6.1/stm32cubeide/plugins/com.st.stm32cube.ide.mcu.externaltools.gnu-tools-for-stm32.9-2020-q2-update.win32_1.5.0.202011040924/tools/bin/../lib/gcc/arm-none-eabi/9.3.1/../../../../arm-none-eabi/lib/thumb/v7e-m+fp/hard\libc_nano.a(lib_a-impure.o)
                0x0000000020000004                _impure_ptr
 .data.impure_data
                0x0000000020000008       0x60 c:/st/stm32cubeide_1.6.1/stm32cubeide/plugins/com.st.stm32cube.ide.mcu.externaltools.gnu-tools-for-stm32.9-2020-q2-update.win32_1.5.0.202011040924/tools/bin/../lib/gcc/arm-none-eabi/9.3.1/../../../../arm-none-eabi/lib/thumb/v7e-m+fp/hard\libc_nano.a(lib_a-impure.o)
 *(.RamFunc)
 *(.RamFunc*)
                0x0000000020000068                . = ALIGN (0x4)
                0x0000000020000068                _edata = .

.igot.plt       0x0000000020000068        0x0 load address 0x0000000008001bb8
 .igot.plt      0x0000000020000068        0x0 c:/st/stm32cubeide_1.6.1/stm32cubeide/plugins/com.st.stm32cube.ide.mcu.externaltools.gnu-tools-for-stm32.9-2020-q2-update.win32_1.5.0.202011040924/tools/bin/../lib/gcc/arm-none-eabi/9.3.1/thumb/v7e-m+fp/hard/crtbegin.o
                0x0000000020000068                . = ALIGN (0x4)

.bss            0x0000000020000068      0x86c load address 0x0000000008001bb8
                0x0000000020000068                _sbss = .
                0x0000000020000068                __bss_start__ = _sbss
 *(.bss)
 .bss           0x0000000020000068       0x1c c:/st/stm32cubeide_1.6.1/stm32cubeide/plugins/com.st.stm32cube.ide.mcu.externaltools.gnu-tools-for-stm32.9-2020-q2-update.win32_1.5.0.202011040924/tools/bin/../lib/gcc/arm-none-eabi/9.3.1/thumb/v7e-m+fp/hard/crtbegin.o
 *(.bss*)
 .bss.debug_port
                0x0000000020000084        0x1 Src/circular_buffer.o
                0x0000000020000084                debug_port
 *fill*         0x0000000020000085        0x3 
 .bss.rx_buffer1
                0x0000000020000088      0x208 Src/circular_buffer.o
                0x0000000020000088                rx_buffer1
 .bss.tx_buffer1
                0x0000000020000290      0x208 Src/circular_buffer.o
                0x0000000020000290                tx_buffer1
 .bss.rx_buffer2
                0x0000000020000498      0x208 Src/circular_buffer.o
                0x0000000020000498                rx_buffer2
 .bss.tx_buffer2
                0x00000000200006a0      0x208 Src/circular_buffer.o
                0x00000000200006a0                tx_buffer2
 .bss.__sbrk_heap_end
                0x00000000200008a8        0x4 Src/sysmem.o
 .bss.__malloc_free_list
                0x00000000200008ac        0x4 c:/st/stm32cubeide_1.6.1/stm32cubeide/plugins/com.st.stm32cube.ide.mcu.externaltools.gnu-tools-for-stm32.9-2020-q2-update.win32_1.5.0.202011040924/tools/bin/../lib/gcc/arm-none-eabi/9.3.1/../../../../arm-none-eabi/lib/thumb/v7e-m+fp/hard\libc_nano.a(lib_a-nano-mallocr.o)
                0x00000000200008ac                __malloc_free_list
 .bss.__malloc_sbrk_start
                0x00000000200008b0        0x4 c:/st/stm32cubeide_1.6.1/stm32cubeide/plugins/com.st.stm32cube.ide.mcu.externaltools.gnu-tools-for-stm32.9-2020-q2-update.win32_1.5.0.202011040924/tools/bin/../lib/gcc/arm-none-eabi/9.3.1/../../../../arm-none-eabi/lib/thumb/v7e-m+fp/hard\libc_nano.a(lib_a-nano-mallocr.o)
                0x00000000200008b0                __malloc_sbrk_start
 *(COMMON)
 COMMON         0x00000000200008b4       0x10 Src/circular_buffer.o
                0x00000000200008b4                _tx_buffer2
                0x00000000200008b8                _rx_buffer1
                0x00000000200008bc                _tx_buffer1
                0x00000000200008c0                _rx_buffer2
 COMMON         0x00000000200008c4        0x4 c:/st/stm32cubeide_1.6.1/stm32cubeide/plugins/com.st.stm32cube.ide.mcu.externaltools.gnu-tools-for-stm32.9-2020-q2-update.win32_1.5.0.202011040924/tools/bin/../lib/gcc/arm-none-eabi/9.3.1/../../../../arm-none-eabi/lib/thumb/v7e-m+fp/hard\libc_nano.a(lib_a-reent.o)
                0x00000000200008c4                errno
 COMMON         0x00000000200008c8        0x9 c:/st/stm32cubeide_1.6.1/stm32cubeide/plugins/com.st.stm32cube.ide.mcu.externaltools.gnu-tools-for-stm32.9-2020-q2-update.win32_1.5.0.202011040924/tools/bin/../lib/gcc/arm-none-eabi/9.3.1/../../../../arm-none-eabi/lib/thumb/v7e-m+fp/hard\libc_nano.a(lib_a-lock.o)
                0x00000000200008c8                __lock___atexit_recursive_mutex
                0x00000000200008c9                __lock___arc4random_mutex
                0x00000000200008ca                __lock___env_recursive_mutex
                0x00000000200008cb                __lock___sinit_recursive_mutex
                0x00000000200008cc                __lock___malloc_recursive_mutex
                0x00000000200008cd                __lock___at_quick_exit_mutex
                0x00000000200008ce                __lock___dd_hash_mutex
                0x00000000200008cf                __lock___tz_mutex
                0x00000000200008d0                __lock___sfp_recursive_mutex
                0x00000000200008d4                . = ALIGN (0x4)
 *fill*         0x00000000200008d1        0x3 
                0x00000000200008d4                _ebss = .
                0x00000000200008d4                __bss_end__ = _ebss

._user_heap_stack
                0x00000000200008d4      0x604 load address 0x0000000008001bb8
                0x00000000200008d8                . = ALIGN (0x8)
 *fill*         0x00000000200008d4        0x4 
                [!provide]                        PROVIDE (end = .)
                0x00000000200008d8                PROVIDE (_end = .)
                0x0000000020000ad8                . = (. + _Min_Heap_Size)
 *fill*         0x00000000200008d8      0x200 
                0x0000000020000ed8                . = (. + _Min_Stack_Size)
 *fill*         0x0000000020000ad8      0x400 
                0x0000000020000ed8                . = ALIGN (0x8)

/DISCARD/
 libc.a(*)
 libm.a(*)
 libgcc.a(*)

.ARM.attributes
                0x0000000000000000       0x30
 *(.ARM.attributes)
 .ARM.attributes
                0x0000000000000000       0x1e c:/st/stm32cubeide_1.6.1/stm32cubeide/plugins/com.st.stm32cube.ide.mcu.externaltools.gnu-tools-for-stm32.9-2020-q2-update.win32_1.5.0.202011040924/tools/bin/../lib/gcc/arm-none-eabi/9.3.1/thumb/v7e-m+fp/hard/crti.o
 .ARM.attributes
                0x000000000000001e       0x34 c:/st/stm32cubeide_1.6.1/stm32cubeide/plugins/com.st.stm32cube.ide.mcu.externaltools.gnu-tools-for-stm32.9-2020-q2-update.win32_1.5.0.202011040924/tools/bin/../lib/gcc/arm-none-eabi/9.3.1/thumb/v7e-m+fp/hard/crtbegin.o
 .ARM.attributes
                0x0000000000000052       0x34 Src/circular_buffer.o
 .ARM.attributes
                0x0000000000000086       0x34 Src/esp82xx_driver.o
 .ARM.attributes
                0x00000000000000ba       0x34 Src/esp82xx_lib.o
 .ARM.attributes
                0x00000000000000ee       0x34 Src/main.o
 .ARM.attributes
                0x0000000000000122       0x34 Src/sysmem.o
 .ARM.attributes
                0x0000000000000156       0x21 Startup/startup_stm32f411retx.o
 .ARM.attributes
                0x0000000000000177       0x34 c:/st/stm32cubeide_1.6.1/stm32cubeide/plugins/com.st.stm32cube.ide.mcu.externaltools.gnu-tools-for-stm32.9-2020-q2-update.win32_1.5.0.202011040924/tools/bin/../lib/gcc/arm-none-eabi/9.3.1/../../../../arm-none-eabi/lib/thumb/v7e-m+fp/hard\libc_nano.a(lib_a-errno.o)
 .ARM.attributes
                0x00000000000001ab       0x32 c:/st/stm32cubeide_1.6.1/stm32cubeide/plugins/com.st.stm32cube.ide.mcu.externaltools.gnu-tools-for-stm32.9-2020-q2-update.win32_1.5.0.202011040924/tools/bin/../lib/gcc/arm-none-eabi/9.3.1/../../../../arm-none-eabi/lib/thumb/v7e-m+fp/hard\libc_nano.a(lib_a-impure.o)
 .ARM.attributes
                0x00000000000001dd       0x34 c:/st/stm32cubeide_1.6.1/stm32cubeide/plugins/com.st.stm32cube.ide.mcu.externaltools.gnu-tools-for-stm32.9-2020-q2-update.win32_1.5.0.202011040924/tools/bin/../lib/gcc/arm-none-eabi/9.3.1/../../../../arm-none-eabi/lib/thumb/v7e-m+fp/hard\libc_nano.a(lib_a-init.o)
 .ARM.attributes
                0x0000000000000211       0x34 c:/st/stm32cubeide_1.6.1/stm32cubeide/plugins/com.st.stm32cube.ide.mcu.externaltools.gnu-tools-for-stm32.9-2020-q2-update.win32_1.5.0.202011040924/tools/bin/../lib/gcc/arm-none-eabi/9.3.1/../../../../arm-none-eabi/lib/thumb/v7e-m+fp/hard\libc_nano.a(lib_a-memset.o)
 .ARM.attributes
                0x0000000000000245       0x34 c:/st/stm32cubeide_1.6.1/stm32cubeide/plugins/com.st.stm32cube.ide.mcu.externaltools.gnu-tools-for-stm32.9-2020-q2-update.win32_1.5.0.202011040924/tools/bin/../lib/gcc/arm-none-eabi/9.3.1/../../../../arm-none-eabi/lib/thumb/v7e-m+fp/hard\libc_nano.a(lib_a-sprintf.o)
 .ARM.attributes
                0x0000000000000279       0x17 c:/st/stm32cubeide_1.6.1/stm32cubeide/plugins/com.st.stm32cube.ide.mcu.externaltools.gnu-tools-for-stm32.9-2020-q2-update.win32_1.5.0.202011040924/tools/bin/../lib/gcc/arm-none-eabi/9.3.1/../../../../arm-none-eabi/lib/thumb/v7e-m+fp/hard\libc_nano.a(lib_a-strlen.o)
 .ARM.attributes
                0x0000000000000290       0x34 c:/st/stm32cubeide_1.6.1/stm32cubeide/plugins/com.st.stm32cube.ide.mcu.externaltools.gnu-tools-for-stm32.9-2020-q2-update.win32_1.5.0.202011040924/tools/bin/../lib/gcc/arm-none-eabi/9.3.1/../../../../arm-none-eabi/lib/thumb/v7e-m+fp/hard\libc_nano.a(lib_a-nano-svfprintf.o)
 .ARM.attributes
                0x00000000000002c4       0x34 c:/st/stm32cubeide_1.6.1/stm32cubeide/plugins/com.st.stm32cube.ide.mcu.externaltools.gnu-tools-for-stm32.9-2020-q2-update.win32_1.5.0.202011040924/tools/bin/../lib/gcc/arm-none-eabi/9.3.1/../../../../arm-none-eabi/lib/thumb/v7e-m+fp/hard\libc_nano.a(lib_a-nano-vfprintf_i.o)
 .ARM.attributes
                0x00000000000002f8       0x1c c:/st/stm32cubeide_1.6.1/stm32cubeide/plugins/com.st.stm32cube.ide.mcu.externaltools.gnu-tools-for-stm32.9-2020-q2-update.win32_1.5.0.202011040924/tools/bin/../lib/gcc/arm-none-eabi/9.3.1/../../../../arm-none-eabi/lib/thumb/v7e-m+fp/hard\libc_nano.a(lib_a-memchr.o)
 .ARM.attributes
                0x0000000000000314       0x34 c:/st/stm32cubeide_1.6.1/stm32cubeide/plugins/com.st.stm32cube.ide.mcu.externaltools.gnu-tools-for-stm32.9-2020-q2-update.win32_1.5.0.202011040924/tools/bin/../lib/gcc/arm-none-eabi/9.3.1/../../../../arm-none-eabi/lib/thumb/v7e-m+fp/hard\libc_nano.a(lib_a-memcpy-stub.o)
 .ARM.attributes
                0x0000000000000348       0x34 c:/st/stm32cubeide_1.6.1/stm32cubeide/plugins/com.st.stm32cube.ide.mcu.externaltools.gnu-tools-for-stm32.9-2020-q2-update.win32_1.5.0.202011040924/tools/bin/../lib/gcc/arm-none-eabi/9.3.1/../../../../arm-none-eabi/lib/thumb/v7e-m+fp/hard\libc_nano.a(lib_a-memmove.o)
 .ARM.attributes
                0x000000000000037c       0x34 c:/st/stm32cubeide_1.6.1/stm32cubeide/plugins/com.st.stm32cube.ide.mcu.externaltools.gnu-tools-for-stm32.9-2020-q2-update.win32_1.5.0.202011040924/tools/bin/../lib/gcc/arm-none-eabi/9.3.1/../../../../arm-none-eabi/lib/thumb/v7e-m+fp/hard\libc_nano.a(lib_a-nano-freer.o)
 .ARM.attributes
                0x00000000000003b0       0x34 c:/st/stm32cubeide_1.6.1/stm32cubeide/plugins/com.st.stm32cube.ide.mcu.externaltools.gnu-tools-for-stm32.9-2020-q2-update.win32_1.5.0.202011040924/tools/bin/../lib/gcc/arm-none-eabi/9.3.1/../../../../arm-none-eabi/lib/thumb/v7e-m+fp/hard\libc_nano.a(lib_a-nano-mallocr.o)
 .ARM.attributes
                0x00000000000003e4       0x34 c:/st/stm32cubeide_1.6.1/stm32cubeide/plugins/com.st.stm32cube.ide.mcu.externaltools.gnu-tools-for-stm32.9-2020-q2-update.win32_1.5.0.202011040924/tools/bin/../lib/gcc/arm-none-eabi/9.3.1/../../../../arm-none-eabi/lib/thumb/v7e-m+fp/hard\libc_nano.a(lib_a-nano-reallocr.o)
 .ARM.attributes
                0x0000000000000418       0x34 c:/st/stm32cubeide_1.6.1/stm32cubeide/plugins/com.st.stm32cube.ide.mcu.externaltools.gnu-tools-for-stm32.9-2020-q2-update.win32_1.5.0.202011040924/tools/bin/../lib/gcc/arm-none-eabi/9.3.1/../../../../arm-none-eabi/lib/thumb/v7e-m+fp/hard\libc_nano.a(lib_a-sbrkr.o)
 .ARM.attributes
                0x000000000000044c       0x34 c:/st/stm32cubeide_1.6.1/stm32cubeide/plugins/com.st.stm32cube.ide.mcu.externaltools.gnu-tools-for-stm32.9-2020-q2-update.win32_1.5.0.202011040924/tools/bin/../lib/gcc/arm-none-eabi/9.3.1/../../../../arm-none-eabi/lib/thumb/v7e-m+fp/hard\libc_nano.a(lib_a-mlock.o)
 .ARM.attributes
                0x0000000000000480       0x34 c:/st/stm32cubeide_1.6.1/stm32cubeide/plugins/com.st.stm32cube.ide.mcu.externaltools.gnu-tools-for-stm32.9-2020-q2-update.win32_1.5.0.202011040924/tools/bin/../lib/gcc/arm-none-eabi/9.3.1/../../../../arm-none-eabi/lib/thumb/v7e-m+fp/hard\libc_nano.a(lib_a-nano-msizer.o)
 .ARM.attributes
                0x00000000000004b4       0x34 c:/st/stm32cubeide_1.6.1/stm32cubeide/plugins/com.st.stm32cube.ide.mcu.externaltools.gnu-tools-for-stm32.9-2020-q2-update.win32_1.5.0.202011040924/tools/bin/../lib/gcc/arm-none-eabi/9.3.1/../../../../arm-none-eabi/lib/thumb/v7e-m+fp/hard\libc_nano.a(lib_a-reent.o)
 .ARM.attributes
                0x00000000000004e8       0x34 c:/st/stm32cubeide_1.6.1/stm32cubeide/plugins/com.st.stm32cube.ide.mcu.externaltools.gnu-tools-for-stm32.9-2020-q2-update.win32_1.5.0.202011040924/tools/bin/../lib/gcc/arm-none-eabi/9.3.1/../../../../arm-none-eabi/lib/thumb/v7e-m+fp/hard\libc_nano.a(lib_a-lock.o)
 .ARM.attributes
                0x000000000000051c       0x1e c:/st/stm32cubeide_1.6.1/stm32cubeide/plugins/com.st.stm32cube.ide.mcu.externaltools.gnu-tools-for-stm32.9-2020-q2-update.win32_1.5.0.202011040924/tools/bin/../lib/gcc/arm-none-eabi/9.3.1/thumb/v7e-m+fp/hard/crtn.o
OUTPUT(6_esp82xx_lib.elf elf32-littlearm)
LOAD linker stubs
LOAD c:/st/stm32cubeide_1.6.1/stm32cubeide/plugins/com.st.stm32cube.ide.mcu.externaltools.gnu-tools-for-stm32.9-2020-q2-update.win32_1.5.0.202011040924/tools/bin/../lib/gcc/arm-none-eabi/9.3.1/../../../../arm-none-eabi/lib/thumb/v7e-m+fp/hard\libc.a
LOAD c:/st/stm32cubeide_1.6.1/stm32cubeide/plugins/com.st.stm32cube.ide.mcu.externaltools.gnu-tools-for-stm32.9-2020-q2-update.win32_1.5.0.202011040924/tools/bin/../lib/gcc/arm-none-eabi/9.3.1/../../../../arm-none-eabi/lib/thumb/v7e-m+fp/hard\libm.a
LOAD c:/st/stm32cubeide_1.6.1/stm32cubeide/plugins/com.st.stm32cube.ide.mcu.externaltools.gnu-tools-for-stm32.9-2020-q2-update.win32_1.5.0.202011040924/tools/bin/../lib/gcc/arm-none-eabi/9.3.1/thumb/v7e-m+fp/hard\libgcc.a

.debug_info     0x0000000000000000     0x37cd
 .debug_info    0x0000000000000000      0xfd7 Src/circular_buffer.o
 .debug_info    0x0000000000000fd7      0x88d Src/esp82xx_driver.o
 .debug_info    0x0000000000001864      0xb46 Src/esp82xx_lib.o
 .debug_info    0x00000000000023aa      0x9dc Src/main.o
 .debug_info    0x0000000000002d86      0xa25 Src/sysmem.o
 .debug_info    0x00000000000037ab       0x22 Startup/startup_stm32f411retx.o

.debug_abbrev   0x0000000000000000      0xaeb
 .debug_abbrev  0x0000000000000000      0x36f Src/circular_buffer.o
 .debug_abbrev  0x000000000000036f      0x1f6 Src/esp82xx_driver.o
 .debug_abbrev  0x0000000000000565      0x21a Src/esp82xx_lib.o
 .debug_abbrev  0x000000000000077f      0x19b Src/main.o
 .debug_abbrev  0x000000000000091a      0x1bf Src/sysmem.o
 .debug_abbrev  0x0000000000000ad9       0x12 Startup/startup_stm32f411retx.o

.debug_aranges  0x0000000000000000      0x1b8
 .debug_aranges
                0x0000000000000000       0x98 Src/circular_buffer.o
 .debug_aranges
                0x0000000000000098       0x50 Src/esp82xx_driver.o
 .debug_aranges
                0x00000000000000e8       0x68 Src/esp82xx_lib.o
 .debug_aranges
                0x0000000000000150       0x20 Src/main.o
 .debug_aranges
                0x0000000000000170       0x20 Src/sysmem.o
 .debug_aranges
                0x0000000000000190       0x28 Startup/startup_stm32f411retx.o

.debug_ranges   0x0000000000000000      0x160
 .debug_ranges  0x0000000000000000       0x88 Src/circular_buffer.o
 .debug_ranges  0x0000000000000088       0x40 Src/esp82xx_driver.o
 .debug_ranges  0x00000000000000c8       0x58 Src/esp82xx_lib.o
 .debug_ranges  0x0000000000000120       0x10 Src/main.o
 .debug_ranges  0x0000000000000130       0x10 Src/sysmem.o
 .debug_ranges  0x0000000000000140       0x20 Startup/startup_stm32f411retx.o

.debug_macro    0x0000000000000000     0xf61e
 .debug_macro   0x0000000000000000      0x1c2 Src/circular_buffer.o
 .debug_macro   0x00000000000001c2      0xab4 Src/circular_buffer.o
 .debug_macro   0x0000000000000c76       0x22 Src/circular_buffer.o
 .debug_macro   0x0000000000000c98       0x4c Src/circular_buffer.o
 .debug_macro   0x0000000000000ce4       0x18 Src/circular_buffer.o
 .debug_macro   0x0000000000000cfc       0x94 Src/circular_buffer.o
 .debug_macro   0x0000000000000d90       0x3c Src/circular_buffer.o
 .debug_macro   0x0000000000000dcc       0x34 Src/circular_buffer.o
 .debug_macro   0x0000000000000e00      0x174 Src/circular_buffer.o
 .debug_macro   0x0000000000000f74       0x16 Src/circular_buffer.o
 .debug_macro   0x0000000000000f8a       0x43 Src/circular_buffer.o
 .debug_macro   0x0000000000000fcd       0x57 Src/circular_buffer.o
 .debug_macro   0x0000000000001024       0x34 Src/circular_buffer.o
 .debug_macro   0x0000000000001058       0x10 Src/circular_buffer.o
 .debug_macro   0x0000000000001068       0x58 Src/circular_buffer.o
 .debug_macro   0x00000000000010c0       0x71 Src/circular_buffer.o
 .debug_macro   0x0000000000001131       0x1c Src/circular_buffer.o
 .debug_macro   0x000000000000114d      0x12a Src/circular_buffer.o
 .debug_macro   0x0000000000001277      0x339 Src/circular_buffer.o
 .debug_macro   0x00000000000015b0       0x10 Src/circular_buffer.o
 .debug_macro   0x00000000000015c0       0x35 Src/circular_buffer.o
 .debug_macro   0x00000000000015f5       0x20 Src/circular_buffer.o
 .debug_macro   0x0000000000001615      0x103 Src/circular_buffer.o
 .debug_macro   0x0000000000001718       0x6a Src/circular_buffer.o
 .debug_macro   0x0000000000001782      0x1df Src/circular_buffer.o
 .debug_macro   0x0000000000001961       0x28 Src/circular_buffer.o
 .debug_macro   0x0000000000001989       0x28 Src/circular_buffer.o
 .debug_macro   0x00000000000019b1       0x1c Src/circular_buffer.o
 .debug_macro   0x00000000000019cd       0x22 Src/circular_buffer.o
 .debug_macro   0x00000000000019ef       0xd9 Src/circular_buffer.o
 .debug_macro   0x0000000000001ac8     0x102d Src/circular_buffer.o
 .debug_macro   0x0000000000002af5      0x11f Src/circular_buffer.o
 .debug_macro   0x0000000000002c14     0xb937 Src/circular_buffer.o
 .debug_macro   0x000000000000e54b       0x43 Src/circular_buffer.o
 .debug_macro   0x000000000000e58e       0x10 Src/circular_buffer.o
 .debug_macro   0x000000000000e59e      0x131 Src/esp82xx_driver.o
 .debug_macro   0x000000000000e6cf       0x8e Src/esp82xx_driver.o
 .debug_macro   0x000000000000e75d       0x51 Src/esp82xx_driver.o
 .debug_macro   0x000000000000e7ae       0xdf Src/esp82xx_driver.o
 .debug_macro   0x000000000000e88d       0x10 Src/esp82xx_driver.o
 .debug_macro   0x000000000000e89d      0x274 Src/esp82xx_lib.o
 .debug_macro   0x000000000000eb11       0x16 Src/esp82xx_lib.o
 .debug_macro   0x000000000000eb27       0x97 Src/esp82xx_lib.o
 .debug_macro   0x000000000000ebbe       0xfd Src/esp82xx_lib.o
 .debug_macro   0x000000000000ecbb       0x10 Src/esp82xx_lib.o
 .debug_macro   0x000000000000eccb       0x10 Src/esp82xx_lib.o
 .debug_macro   0x000000000000ecdb       0x1c Src/esp82xx_lib.o
 .debug_macro   0x000000000000ecf7       0x52 Src/esp82xx_lib.o
 .debug_macro   0x000000000000ed49       0x22 Src/esp82xx_lib.o
 .debug_macro   0x000000000000ed6b       0x10 Src/esp82xx_lib.o
 .debug_macro   0x000000000000ed7b       0x40 Src/esp82xx_lib.o
 .debug_macro   0x000000000000edbb       0xd5 Src/esp82xx_lib.o
 .debug_macro   0x000000000000ee90       0x1c Src/esp82xx_lib.o
 .debug_macro   0x000000000000eeac       0x3d Src/esp82xx_lib.o
 .debug_macro   0x000000000000eee9       0x16 Src/esp82xx_lib.o
 .debug_macro   0x000000000000eeff      0x145 Src/esp82xx_lib.o
 .debug_macro   0x000000000000f044       0x16 Src/esp82xx_lib.o
 .debug_macro   0x000000000000f05a       0x16 Src/esp82xx_lib.o
 .debug_macro   0x000000000000f070      0x25e Src/main.o
 .debug_macro   0x000000000000f2ce       0x16 Src/main.o
 .debug_macro   0x000000000000f2e4       0xff Src/sysmem.o
 .debug_macro   0x000000000000f3e3      0x23b Src/sysmem.o

.debug_line     0x0000000000000000     0x27d8
 .debug_line    0x0000000000000000      0xbf5 Src/circular_buffer.o
 .debug_line    0x0000000000000bf5      0x677 Src/esp82xx_driver.o
 .debug_line    0x000000000000126c      0x8d6 Src/esp82xx_lib.o
 .debug_line    0x0000000000001b42      0x71f Src/main.o
 .debug_line    0x0000000000002261      0x4f3 Src/sysmem.o
 .debug_line    0x0000000000002754       0x84 Startup/startup_stm32f411retx.o

.debug_str      0x0000000000000000    0x5482c
 .debug_str     0x0000000000000000    0x52b76 Src/circular_buffer.o
                                      0x52e36 (size before relaxing)
 .debug_str     0x0000000000052b76      0x6e1 Src/esp82xx_driver.o
                                      0x4fd8e (size before relaxing)
 .debug_str     0x0000000000053257     0x1019 Src/esp82xx_lib.o
                                      0x53c51 (size before relaxing)
 .debug_str     0x0000000000054270       0x58 Src/main.o
                                      0x53b1d (size before relaxing)
 .debug_str     0x00000000000542c8      0x4e4 Src/sysmem.o
                                       0x62ba (size before relaxing)
 .debug_str     0x00000000000547ac       0x80 Startup/startup_stm32f411retx.o

.comment        0x0000000000000000       0x53
 .comment       0x0000000000000000       0x53 Src/circular_buffer.o
                                         0x54 (size before relaxing)
 .comment       0x0000000000000053       0x54 Src/esp82xx_driver.o
 .comment       0x0000000000000053       0x54 Src/esp82xx_lib.o
 .comment       0x0000000000000053       0x54 Src/main.o
 .comment       0x0000000000000053       0x54 Src/sysmem.o

.debug_frame    0x0000000000000000      0x954
 .debug_frame   0x0000000000000000      0x264 Src/circular_buffer.o
 .debug_frame   0x0000000000000264      0x10c Src/esp82xx_driver.o
 .debug_frame   0x0000000000000370      0x140 Src/esp82xx_lib.o
 .debug_frame   0x00000000000004b0       0x2c Src/main.o
 .debug_frame   0x00000000000004dc       0x34 Src/sysmem.o
 .debug_frame   0x0000000000000510       0x20 c:/st/stm32cubeide_1.6.1/stm32cubeide/plugins/com.st.stm32cube.ide.mcu.externaltools.gnu-tools-for-stm32.9-2020-q2-update.win32_1.5.0.202011040924/tools/bin/../lib/gcc/arm-none-eabi/9.3.1/../../../../arm-none-eabi/lib/thumb/v7e-m+fp/hard\libc_nano.a(lib_a-errno.o)
 .debug_frame   0x0000000000000530       0x2c c:/st/stm32cubeide_1.6.1/stm32cubeide/plugins/com.st.stm32cube.ide.mcu.externaltools.gnu-tools-for-stm32.9-2020-q2-update.win32_1.5.0.202011040924/tools/bin/../lib/gcc/arm-none-eabi/9.3.1/../../../../arm-none-eabi/lib/thumb/v7e-m+fp/hard\libc_nano.a(lib_a-init.o)
 .debug_frame   0x000000000000055c       0x20 c:/st/stm32cubeide_1.6.1/stm32cubeide/plugins/com.st.stm32cube.ide.mcu.externaltools.gnu-tools-for-stm32.9-2020-q2-update.win32_1.5.0.202011040924/tools/bin/../lib/gcc/arm-none-eabi/9.3.1/../../../../arm-none-eabi/lib/thumb/v7e-m+fp/hard\libc_nano.a(lib_a-memset.o)
 .debug_frame   0x000000000000057c       0x6c c:/st/stm32cubeide_1.6.1/stm32cubeide/plugins/com.st.stm32cube.ide.mcu.externaltools.gnu-tools-for-stm32.9-2020-q2-update.win32_1.5.0.202011040924/tools/bin/../lib/gcc/arm-none-eabi/9.3.1/../../../../arm-none-eabi/lib/thumb/v7e-m+fp/hard\libc_nano.a(lib_a-sprintf.o)
 .debug_frame   0x00000000000005e8       0x90 c:/st/stm32cubeide_1.6.1/stm32cubeide/plugins/com.st.stm32cube.ide.mcu.externaltools.gnu-tools-for-stm32.9-2020-q2-update.win32_1.5.0.202011040924/tools/bin/../lib/gcc/arm-none-eabi/9.3.1/../../../../arm-none-eabi/lib/thumb/v7e-m+fp/hard\libc_nano.a(lib_a-nano-svfprintf.o)
 .debug_frame   0x0000000000000678       0x60 c:/st/stm32cubeide_1.6.1/stm32cubeide/plugins/com.st.stm32cube.ide.mcu.externaltools.gnu-tools-for-stm32.9-2020-q2-update.win32_1.5.0.202011040924/tools/bin/../lib/gcc/arm-none-eabi/9.3.1/../../../../arm-none-eabi/lib/thumb/v7e-m+fp/hard\libc_nano.a(lib_a-nano-vfprintf_i.o)
 .debug_frame   0x00000000000006d8       0x28 c:/st/stm32cubeide_1.6.1/stm32cubeide/plugins/com.st.stm32cube.ide.mcu.externaltools.gnu-tools-for-stm32.9-2020-q2-update.win32_1.5.0.202011040924/tools/bin/../lib/gcc/arm-none-eabi/9.3.1/../../../../arm-none-eabi/lib/thumb/v7e-m+fp/hard\libc_nano.a(lib_a-memcpy-stub.o)
 .debug_frame   0x0000000000000700       0x28 c:/st/stm32cubeide_1.6.1/stm32cubeide/plugins/com.st.stm32cube.ide.mcu.externaltools.gnu-tools-for-stm32.9-2020-q2-update.win32_1.5.0.202011040924/tools/bin/../lib/gcc/arm-none-eabi/9.3.1/../../../../arm-none-eabi/lib/thumb/v7e-m+fp/hard\libc_nano.a(lib_a-memmove.o)
 .debug_frame   0x0000000000000728       0x38 c:/st/stm32cubeide_1.6.1/stm32cubeide/plugins/com.st.stm32cube.ide.mcu.externaltools.gnu-tools-for-stm32.9-2020-q2-update.win32_1.5.0.202011040924/tools/bin/../lib/gcc/arm-none-eabi/9.3.1/../../../../arm-none-eabi/lib/thumb/v7e-m+fp/hard\libc_nano.a(lib_a-nano-freer.o)
 .debug_frame   0x0000000000000760       0x30 c:/st/stm32cubeide_1.6.1/stm32cubeide/plugins/com.st.stm32cube.ide.mcu.externaltools.gnu-tools-for-stm32.9-2020-q2-update.win32_1.5.0.202011040924/tools/bin/../lib/gcc/arm-none-eabi/9.3.1/../../../../arm-none-eabi/lib/thumb/v7e-m+fp/hard\libc_nano.a(lib_a-nano-mallocr.o)
 .debug_frame   0x0000000000000790       0x3c c:/st/stm32cubeide_1.6.1/stm32cubeide/plugins/com.st.stm32cube.ide.mcu.externaltools.gnu-tools-for-stm32.9-2020-q2-update.win32_1.5.0.202011040924/tools/bin/../lib/gcc/arm-none-eabi/9.3.1/../../../../arm-none-eabi/lib/thumb/v7e-m+fp/hard\libc_nano.a(lib_a-nano-reallocr.o)
 .debug_frame   0x00000000000007cc       0x2c c:/st/stm32cubeide_1.6.1/stm32cubeide/plugins/com.st.stm32cube.ide.mcu.externaltools.gnu-tools-for-stm32.9-2020-q2-update.win32_1.5.0.202011040924/tools/bin/../lib/gcc/arm-none-eabi/9.3.1/../../../../arm-none-eabi/lib/thumb/v7e-m+fp/hard\libc_nano.a(lib_a-sbrkr.o)
 .debug_frame   0x00000000000007f8       0x30 c:/st/stm32cubeide_1.6.1/stm32cubeide/plugins/com.st.stm32cube.ide.mcu.externaltools.gnu-tools-for-stm32.9-2020-q2-update.win32_1.5.0.202011040924/tools/bin/../lib/gcc/arm-none-eabi/9.3.1/../../../../arm-none-eabi/lib/thumb/v7e-m+fp/hard\libc_nano.a(lib_a-mlock.o)
 .debug_frame   0x0000000000000828       0x20 c:/st/stm32cubeide_1.6.1/stm32cubeide/plugins/com.st.stm32cube.ide.mcu.externaltools.gnu-tools-for-stm32.9-2020-q2-update.win32_1.5.0.202011040924/tools/bin/../lib/gcc/arm-none-eabi/9.3.1/../../../../arm-none-eabi/lib/thumb/v7e-m+fp/hard\libc_nano.a(lib_a-nano-msizer.o)
 .debug_frame   0x0000000000000848       0x5c c:/st/stm32cubeide_1.6.1/stm32cubeide/plugins/com.st.stm32cube.ide.mcu.externaltools.gnu-tools-for-stm32.9-2020-q2-update.win32_1.5.0.202011040924/tools/bin/../lib/gcc/arm-none-eabi/9.3.1/../../../../arm-none-eabi/lib/thumb/v7e-m+fp/hard\libc_nano.a(lib_a-reent.o)
 .debug_frame   0x00000000000008a4       0xb0 c:/st/stm32cubeide_1.6.1/stm32cubeide/plugins/com.st.stm32cube.ide.mcu.externaltools.gnu-tools-for-stm32.9-2020-q2-update.win32_1.5.0.202011040924/tools/bin/../lib/gcc/arm-none-eabi/9.3.1/../../../../arm-none-eabi/lib/thumb/v7e-m+fp/hard\libc_nano.a(lib_a-lock.o)
