Archive member included to satisfy reference by file (symbol)

/Applications/STM32CubeIDE.app/Contents/Eclipse/plugins/com.st.stm32cube.ide.mcu.externaltools.gnu-tools-for-stm32.10.3-2021.10.macos64_1.0.200.202301161003/tools/bin/../lib/gcc/arm-none-eabi/10.3.1/../../../../arm-none-eabi/lib/thumb/v7e-m+fp/hard/libc_nano.a(lib_a-errno.o)
                              ./Src/syscalls.o (__errno)
/Applications/STM32CubeIDE.app/Contents/Eclipse/plugins/com.st.stm32cube.ide.mcu.externaltools.gnu-tools-for-stm32.10.3-2021.10.macos64_1.0.200.202301161003/tools/bin/../lib/gcc/arm-none-eabi/10.3.1/../../../../arm-none-eabi/lib/thumb/v7e-m+fp/hard/libc_nano.a(lib_a-exit.o)
                              /Applications/STM32CubeIDE.app/Contents/Eclipse/plugins/com.st.stm32cube.ide.mcu.externaltools.gnu-tools-for-stm32.10.3-2021.10.macos64_1.0.200.202301161003/tools/bin/../lib/gcc/arm-none-eabi/10.3.1/../../../../arm-none-eabi/lib/thumb/v7e-m+fp/hard/crt0.o (exit)
/Applications/STM32CubeIDE.app/Contents/Eclipse/plugins/com.st.stm32cube.ide.mcu.externaltools.gnu-tools-for-stm32.10.3-2021.10.macos64_1.0.200.202301161003/tools/bin/../lib/gcc/arm-none-eabi/10.3.1/../../../../arm-none-eabi/lib/thumb/v7e-m+fp/hard/libc_nano.a(lib_a-impure.o)
                              /Applications/STM32CubeIDE.app/Contents/Eclipse/plugins/com.st.stm32cube.ide.mcu.externaltools.gnu-tools-for-stm32.10.3-2021.10.macos64_1.0.200.202301161003/tools/bin/../lib/gcc/arm-none-eabi/10.3.1/../../../../arm-none-eabi/lib/thumb/v7e-m+fp/hard/libc_nano.a(lib_a-exit.o) (_global_impure_ptr)
/Applications/STM32CubeIDE.app/Contents/Eclipse/plugins/com.st.stm32cube.ide.mcu.externaltools.gnu-tools-for-stm32.10.3-2021.10.macos64_1.0.200.202301161003/tools/bin/../lib/gcc/arm-none-eabi/10.3.1/../../../../arm-none-eabi/lib/thumb/v7e-m+fp/hard/libc_nano.a(lib_a-init.o)
                              /Applications/STM32CubeIDE.app/Contents/Eclipse/plugins/com.st.stm32cube.ide.mcu.externaltools.gnu-tools-for-stm32.10.3-2021.10.macos64_1.0.200.202301161003/tools/bin/../lib/gcc/arm-none-eabi/10.3.1/../../../../arm-none-eabi/lib/thumb/v7e-m+fp/hard/crt0.o (__libc_init_array)
/Applications/STM32CubeIDE.app/Contents/Eclipse/plugins/com.st.stm32cube.ide.mcu.externaltools.gnu-tools-for-stm32.10.3-2021.10.macos64_1.0.200.202301161003/tools/bin/../lib/gcc/arm-none-eabi/10.3.1/../../../../arm-none-eabi/lib/thumb/v7e-m+fp/hard/libc_nano.a(lib_a-memset.o)
                              /Applications/STM32CubeIDE.app/Contents/Eclipse/plugins/com.st.stm32cube.ide.mcu.externaltools.gnu-tools-for-stm32.10.3-2021.10.macos64_1.0.200.202301161003/tools/bin/../lib/gcc/arm-none-eabi/10.3.1/../../../../arm-none-eabi/lib/thumb/v7e-m+fp/hard/crt0.o (memset)
/Applications/STM32CubeIDE.app/Contents/Eclipse/plugins/com.st.stm32cube.ide.mcu.externaltools.gnu-tools-for-stm32.10.3-2021.10.macos64_1.0.200.202301161003/tools/bin/../lib/gcc/arm-none-eabi/10.3.1/../../../../arm-none-eabi/lib/thumb/v7e-m+fp/hard/libc_nano.a(lib_a-sprintf.o)
                              ./Src/esp82xx_lib.o (sprintf)
/Applications/STM32CubeIDE.app/Contents/Eclipse/plugins/com.st.stm32cube.ide.mcu.externaltools.gnu-tools-for-stm32.10.3-2021.10.macos64_1.0.200.202301161003/tools/bin/../lib/gcc/arm-none-eabi/10.3.1/../../../../arm-none-eabi/lib/thumb/v7e-m+fp/hard/libc_nano.a(lib_a-strlen.o)
                              ./Src/circular_buffer.o (strlen)
/Applications/STM32CubeIDE.app/Contents/Eclipse/plugins/com.st.stm32cube.ide.mcu.externaltools.gnu-tools-for-stm32.10.3-2021.10.macos64_1.0.200.202301161003/tools/bin/../lib/gcc/arm-none-eabi/10.3.1/../../../../arm-none-eabi/lib/thumb/v7e-m+fp/hard/libc_nano.a(lib_a-nano-svfprintf.o)
                              /Applications/STM32CubeIDE.app/Contents/Eclipse/plugins/com.st.stm32cube.ide.mcu.externaltools.gnu-tools-for-stm32.10.3-2021.10.macos64_1.0.200.202301161003/tools/bin/../lib/gcc/arm-none-eabi/10.3.1/../../../../arm-none-eabi/lib/thumb/v7e-m+fp/hard/libc_nano.a(lib_a-sprintf.o) (_svfprintf_r)
/Applications/STM32CubeIDE.app/Contents/Eclipse/plugins/com.st.stm32cube.ide.mcu.externaltools.gnu-tools-for-stm32.10.3-2021.10.macos64_1.0.200.202301161003/tools/bin/../lib/gcc/arm-none-eabi/10.3.1/../../../../arm-none-eabi/lib/thumb/v7e-m+fp/hard/libc_nano.a(lib_a-nano-vfprintf_i.o)
                              /Applications/STM32CubeIDE.app/Contents/Eclipse/plugins/com.st.stm32cube.ide.mcu.externaltools.gnu-tools-for-stm32.10.3-2021.10.macos64_1.0.200.202301161003/tools/bin/../lib/gcc/arm-none-eabi/10.3.1/../../../../arm-none-eabi/lib/thumb/v7e-m+fp/hard/libc_nano.a(lib_a-nano-svfprintf.o) (_printf_i)
/Applications/STM32CubeIDE.app/Contents/Eclipse/plugins/com.st.stm32cube.ide.mcu.externaltools.gnu-tools-for-stm32.10.3-2021.10.macos64_1.0.200.202301161003/tools/bin/../lib/gcc/arm-none-eabi/10.3.1/../../../../arm-none-eabi/lib/thumb/v7e-m+fp/hard/libc_nano.a(lib_a-memchr.o)
[...]
Memory Configuration

Name             Origin             Length             Attributes
RAM              0x0000000020000000 0x0000000000020000 xrw
FLASH            0x0000000008000000 0x0000000000080000 xr
*default*        0x0000000000000000 0xffffffffffffffff

Linker script and memory map

LOAD /Applications/STM32CubeIDE.app/Contents/Eclipse/plugins/com.st.stm32cube.ide.mcu.externaltools.gnu-tools-for-stm32.10.3-2021.10.macos64_1.0.200.202301161003/tools/bin/../lib/gcc/arm-none-eabi/10.3.1/thumb/v7e-m+fp/hard/crti.o
LOAD /Applications/STM32CubeIDE.app/Contents/Eclipse/plugins/com.st.stm32cube.ide.mcu.externaltools.gnu-tools-for-stm32.10.3-2021.10.macos64_1.0.200.202301161003/tools/bin/../lib/gcc/arm-none-eabi/10.3.1/thumb/v7e-m+fp/hard/crtbegin.o
LOAD /Applications/STM32CubeIDE.app/Contents/Eclipse/plugins/com.st.stm32cube.ide.mcu.externaltools.gnu-tools-for-stm32.10.3-2021.10.macos64_1.0.200.202301161003/tools/bin/../lib/gcc/arm-none-eabi/10.3.1/../../../../arm-none-eabi/lib/thumb/v7e-m+fp/hard/crt0.o
LOAD ./Src/circular_buffer.o
LOAD ./Src/esp82xx_driver.o
LOAD ./Src/esp82xx_lib.o
LOAD ./Src/fifo.o
LOAD ./Src/main.o
LOAD ./Src/syscalls.o
LOAD ./Src/sysmem.o
LOAD ./Startup/startup_stm32f411retx.o
START GROUP
LOAD /Applications/STM32CubeIDE.app/Contents/Eclipse/plugins/com.st.stm32cube.ide.mcu.externaltools.gnu-tools-for-stm32.10.3-2021.10.macos64_1.0.200.202301161003/tools/bin/../lib/gcc/arm-none-eabi/10.3.1/../../../../arm-none-eabi/lib/thumb/v7e-m+fp/hard/libc_nano.a
LOAD /Applications/STM32CubeIDE.app/Contents/Eclipse/plugins/com.st.stm32cube.ide.mcu.externaltools.gnu-tools-for-stm32.10.3-2021.10.macos64_1.0.200.202301161003/tools/bin/../lib/gcc/arm-none-eabi/10.3.1/../../../../arm-none-eabi/lib/thumb/v7e-m+fp/hard/libm.a
END GROUP
START GROUP
LOAD /Applications/STM32CubeIDE.app/Contents/Eclipse/plugins/com.st.stm32cube.ide.mcu.externaltools.gnu-tools-for-stm32.10.3-2021.10.macos64_1.0.200.202301161003/tools/bin/../lib/gcc/arm-none-eabi/10.3.1/thumb/v7e-m+fp/hard/libgcc.a
LOAD /Applications/STM32CubeIDE.app/Contents/Eclipse/plugins/com.st.stm32cube.ide.mcu.externaltools.gnu-tools-for-stm32.10.3-2021.10.macos64_1.0.200.202301161003/tools/bin/../lib/gcc/arm-none-eabi/10.3.1/../../../../arm-none-eabi/lib/thumb/v7e-m+fp/hard/libc_nano.a
END GROUP
START GROUP
LOAD /Applications/STM32CubeIDE.app/Contents/Eclipse/plugins/com.st.stm32cube.ide.mcu.externaltools.gnu-tools-for-stm32.10.3-2021.10.macos64_1.0.200.202301161003/tools/bin/../lib/gcc/arm-none-eabi/10.3.1/thumb/v7e-m+fp/hard/libgcc.a
LOAD /Applications/STM32CubeIDE.app/Contents/Eclipse/plugins/com.st.stm32cube.ide.mcu.externaltools.gnu-tools-for-stm32.10.3-2021.10.macos64_1.0.200.202301161003/tools/bin/../lib/gcc/arm-none-eabi/10.3.1/../../../../arm-none-eabi/lib/thumb/v7e-m+fp/hard/libc_nano.a
LOAD /Applications/STM32CubeIDE.app/Contents/Eclipse/plugins/com.st.stm32cube.ide.mcu.externaltools.gnu-tools-for-stm32.10.3-2021.10.macos64_1.0.200.202301161003/tools/bin/../lib/gcc/arm-none-eabi/10.3.1/../../../../arm-none-eabi/lib/thumb/v7e-m+fp/hard/libnosys.a
END GROUP
START GROUP
LOAD /Applications/STM32CubeIDE.app/Contents/Eclipse/plugins/com.st.stm32cube.ide.mcu.externaltools.gnu-tools-for-stm32.10.3-2021.10.macos64_1.0.200.202301161003/tools/bin/../lib/gcc/arm-none-eabi/10.3.1/thumb/v7e-m+fp/hard/libgcc.a
LOAD /Applications/STM32CubeIDE.app/Contents/Eclipse/plugins/com.st.stm32cube.ide.mcu.externaltools.gnu-tools-for-stm32.10.3-2021.10.macos64_1.0.200.202301161003/tools/bin/../lib/gcc/arm-none-eabi/10.3.1/../../../../arm-none-eabi/lib/thumb/v7e-m+fp/hard/libc_nano.a
LOAD /Applications/STM32CubeIDE.app/Contents/Eclipse/plugins/com.st.stm32cube.ide.mcu.externaltools.gnu-tools-for-stm32.10.3-2021.10.macos64_1.0.200.202301161003/tools/bin/../lib/gcc/arm-none-eabi/10.3.1/../../../../arm-none-eabi/lib/thumb/v7e-m+fp/hard/libnosys.a
END GROUP
LOAD /Applications/STM32CubeIDE.app/Contents/Eclipse/plugins/com.st.stm32cube.ide.mcu.externaltools.gnu-tools-for-stm32.10.3-2021.10.macos64_1.0.200.202301161003/tools/bin/../lib/gcc/arm-none-eabi/10.3.1/thumb/v7e-m+fp/hard/crtend.o
LOAD /Applications/STM32CubeIDE.app/Contents/Eclipse/plugins/com.st.stm32cube.ide.mcu.externaltools.gnu-tools-for-stm32.10.3-2021.10.macos64_1.0.200.202301161003/tools/bin/../lib/gcc/arm-none-eabi/10.3.1/thumb/v7e-m+fp/hard/crtn.o
                0x0000000020020000                _estack = (ORIGIN (RAM) + LENGTH (RAM))
                0x0000000000000200                _Min_Heap_Size = 0x200
                0x0000000000000400                _Min_Stack_Size = 0x400

.isr_vector     0x0000000008000000      0x198
                0x0000000008000000                . = ALIGN (0x4)
 *(.isr_vector)
 .isr_vector    0x0000000008000000      0x198 ./Startup/startup_stm32f411retx.o
                0x0000000008000000                g_pfnVectors
                0x0000000008000198                . = ALIGN (0x4)

.text           0x00000000080001a0     0x1a10
                0x00000000080001a0                . = ALIGN (0x4)
 *(.text)
 .text          0x00000000080001a0       0x40 /Applications/STM32CubeIDE.app/Contents/Eclipse/plugins/com.st.stm32cube.ide.mcu.externaltools.gnu-tools-for-stm32.10.3-2021.10.macos64_1.0.200.202301161003/tools/bin/../lib/gcc/arm-none-eabi/10.3.1/thumb/v7e-m+fp/hard/crtbegin.o
 .text          0x00000000080001e0       0x10 /Applications/STM32CubeIDE.app/Contents/Eclipse/plugins/com.st.stm32cube.ide.mcu.externaltools.gnu-tools-for-stm32.10.3-2021.10.macos64_1.0.200.202301161003/tools/bin/../lib/gcc/arm-none-eabi/10.3.1/../../../../arm-none-eabi/lib/thumb/v7e-m+fp/hard/libc_nano.a(lib_a-strlen.o)
                0x00000000080001e0                strlen
 .text          0x00000000080001f0       0xa0 /Applications/STM32CubeIDE.app/Contents/Eclipse/plugins/com.st.stm32cube.ide.mcu.externaltools.gnu-tools-for-stm32.10.3-2021.10.macos64_1.0.200.202301161003/tools/bin/../lib/gcc/arm-none-eabi/10.3.1/../../../../arm-none-eabi/lib/thumb/v7e-m+fp/hard/libc_nano.a(lib_a-memchr.o)
                0x00000000080001f0                memchr
 *(.text*)
 .text.circular_buffer_init
                0x0000000008000290       0x68 ./Src/circular_buffer.o
                0x0000000008000290                circular_buffer_init
 .text.buff_store_char
                0x00000000080002f8       0x46 ./Src/circular_buffer.o
 *fill*         0x000000000800033e        0x2 
 .text.buffer_clear
                0x0000000008000340       0x6c ./Src/circular_buffer.o
                0x0000000008000340                buffer_clear
 .text.buffer_peek
                0x00000000080003ac       0x94 ./Src/circular_buffer.o
                0x00000000080003ac                buffer_peek
 .text.buffer_read
                0x0000000008000440       0xc8 ./Src/circular_buffer.o
                0x0000000008000440                buffer_read
 .text.buffer_write
                0x0000000008000508       0xd4 ./Src/circular_buffer.o
                0x0000000008000508                buffer_write
 .text.is_data  0x00000000080005dc       0x88 ./Src/circular_buffer.o
                0x00000000080005dc                is_data
 .text.get_first_char
                0x0000000008000664       0x70 ./Src/circular_buffer.o
 .text.is_response
                0x00000000080006d4       0x90 ./Src/circular_buffer.o
                0x00000000080006d4                is_response
 .text.get_next_strs
                0x0000000008000764       0x68 ./Src/circular_buffer.o
                0x0000000008000764                get_next_strs
 .text.buffer_send_string
                0x00000000080007cc       0x32 ./Src/circular_buffer.o
                0x00000000080007cc                buffer_send_string
 *fill*         0x00000000080007fe        0x2 
 .text.process_copy
                0x0000000008000800      0x124 ./Src/circular_buffer.o
 .text.copy_up_to_string
                0x0000000008000924       0x1e ./Src/circular_buffer.o
                0x0000000008000924                copy_up_to_string
 *fill*         0x0000000008000942        0x2 
 .text.esp82_uart_callback
                0x0000000008000944       0xa0 ./Src/circular_buffer.o
                0x0000000008000944                esp82_uart_callback
 .text.debug_uart_callback
                0x00000000080009e4       0xa0 ./Src/circular_buffer.o
                0x00000000080009e4                debug_uart_callback
 .text.__NVIC_EnableIRQ
                0x0000000008000a84       0x3c ./Src/esp82xx_driver.o
 .text.debug_uart_init
                0x0000000008000ac0       0xf8 ./Src/esp82xx_driver.o
                0x0000000008000ac0                debug_uart_init
 .text.esp_rs_pin_init
                0x0000000008000bb8       0x3c ./Src/esp82xx_driver.o
                0x0000000008000bb8                esp_rs_pin_init
 .text.esp_rs_pin_enable
                0x0000000008000bf4       0x20 ./Src/esp82xx_driver.o
                0x0000000008000bf4                esp_rs_pin_enable
 .text.esp_uart_init
                0x0000000008000c14       0xf8 ./Src/esp82xx_driver.o
                0x0000000008000c14                esp_uart_init
 .text.systick_delay_ms
                0x0000000008000d0c       0x54 ./Src/esp82xx_driver.o
                0x0000000008000d0c                systick_delay_ms
 .text.compute_uart_bd
                0x0000000008000d60       0x26 ./Src/esp82xx_driver.o
 .text.esp82xx_sever_init
                0x0000000008000d86       0x36 ./Src/esp82xx_lib.o
                0x0000000008000d86                esp82xx_sever_init
 .text.esp82xx_reset
                0x0000000008000dbc       0x4c ./Src/esp82xx_lib.o
 .text.esp82xx_startup_test
                0x0000000008000e08       0x4c ./Src/esp82xx_lib.o
 .text.esp82xx_sta_mode
                0x0000000008000e54       0x4c ./Src/esp82xx_lib.o
 .text.esp82xx_ap_connect
                0x0000000008000ea0       0x8c ./Src/esp82xx_lib.o
 .text.esp82xx_get_local_ip
                0x0000000008000f2c       0xa8 ./Src/esp82xx_lib.o
 .text.esp82xx_multi_conn_en
                0x0000000008000fd4       0x4c ./Src/esp82xx_lib.o
 .text.esp82xx_create_tcp_server
                0x0000000008001020       0x4c ./Src/esp82xx_lib.o
 .text.send_server_data
                0x000000000800106c       0xa8 ./Src/esp82xx_lib.o
 .text.server_begin
                0x0000000008001114       0x40 ./Src/esp82xx_lib.o
                0x0000000008001114                server_begin
 .text.USART1_IRQHandler
                0x0000000008001154        0xc ./Src/esp82xx_lib.o
                0x0000000008001154                USART1_IRQHandler
 .text.USART2_IRQHandler
                0x0000000008001160        0xc ./Src/esp82xx_lib.o
                0x0000000008001160                USART2_IRQHandler
 .text.main     0x000000000800116c       0x2c ./Src/main.o
                0x000000000800116c                main
 .text._sbrk    0x0000000008001198       0x6c ./Src/sysmem.o
                0x0000000008001198                _sbrk
 .text.Reset_Handler
                0x0000000008001204       0x50 ./Startup/startup_stm32f411retx.o
                0x0000000008001204                Reset_Handler
 .text.Default_Handler
                0x0000000008001254        0x2 ./Startup/startup_stm32f411retx.o
                0x0000000008001254                DMA1_Stream3_IRQHandler
                0x0000000008001254                EXTI2_IRQHandler
                0x0000000008001254                DebugMon_Handler
                0x0000000008001254                SPI4_IRQHandler
                0x0000000008001254                TIM1_CC_IRQHandler
                0x0000000008001254                DMA2_Stream5_IRQHandler
                0x0000000008001254                HardFault_Handler
                0x0000000008001254                DMA1_Stream5_IRQHandler
                0x0000000008001254                SysTick_Handler
                0x0000000008001254                PVD_IRQHandler
                0x0000000008001254                SDIO_IRQHandler
                0x0000000008001254                TAMP_STAMP_IRQHandler
                0x0000000008001254                PendSV_Handler
                0x0000000008001254                NMI_Handler
                0x0000000008001254                EXTI3_IRQHandler
                0x0000000008001254                TIM1_UP_TIM10_IRQHandler
                0x0000000008001254                I2C3_ER_IRQHandler
                0x0000000008001254                EXTI0_IRQHandler
                0x0000000008001254                I2C2_EV_IRQHandler
                0x0000000008001254                DMA1_Stream2_IRQHandler
                0x0000000008001254                FPU_IRQHandler
                0x0000000008001254                UsageFault_Handler
                0x0000000008001254                DMA2_Stream2_IRQHandler
                0x0000000008001254                SPI1_IRQHandler
                0x0000000008001254                TIM1_BRK_TIM9_IRQHandler
                0x0000000008001254                DMA2_Stream3_IRQHandler
                0x0000000008001254                USART6_IRQHandler
                0x0000000008001254                DMA2_Stream0_IRQHandler
                0x0000000008001254                TIM4_IRQHandler
                0x0000000008001254                I2C1_EV_IRQHandler
                0x0000000008001254                DMA1_Stream6_IRQHandler
                0x0000000008001254                DMA1_Stream1_IRQHandler
                0x0000000008001254                TIM3_IRQHandler
                0x0000000008001254                RCC_IRQHandler
                0x0000000008001254                Default_Handler
                0x0000000008001254                EXTI15_10_IRQHandler
                0x0000000008001254                ADC_IRQHandler
                0x0000000008001254                DMA1_Stream7_IRQHandler
                0x0000000008001254                SPI5_IRQHandler
                0x0000000008001254                TIM5_IRQHandler
                0x0000000008001254                DMA2_Stream7_IRQHandler
                0x0000000008001254                I2C3_EV_IRQHandler
                0x0000000008001254                EXTI9_5_IRQHandler
                0x0000000008001254                RTC_WKUP_IRQHandler
                0x0000000008001254                SPI2_IRQHandler
                0x0000000008001254                MemManage_Handler
                0x0000000008001254                DMA1_Stream0_IRQHandler
                0x0000000008001254                SVC_Handler
                0x0000000008001254                EXTI4_IRQHandler
                0x0000000008001254                WWDG_IRQHandler
                0x0000000008001254                TIM2_IRQHandler
                0x0000000008001254                OTG_FS_WKUP_IRQHandler
                0x0000000008001254                TIM1_TRG_COM_TIM11_IRQHandler
                0x0000000008001254                EXTI1_IRQHandler
                0x0000000008001254                I2C2_ER_IRQHandler
                0x0000000008001254                DMA2_Stream1_IRQHandler
                0x0000000008001254                FLASH_IRQHandler
                0x0000000008001254                DMA2_Stream4_IRQHandler
                0x0000000008001254                BusFault_Handler
                0x0000000008001254                OTG_FS_IRQHandler
                0x0000000008001254                SPI3_IRQHandler
                0x0000000008001254                DMA1_Stream4_IRQHandler
                0x0000000008001254                I2C1_ER_IRQHandler
                0x0000000008001254                DMA2_Stream6_IRQHandler
                0x0000000008001254                RTC_Alarm_IRQHandler
 *fill*         0x0000000008001256        0x2 
 .text.__errno  0x0000000008001258        0xc /Applications/STM32CubeIDE.app/Contents/Eclipse/plugins/com.st.stm32cube.ide.mcu.externaltools.gnu-tools-for-stm32.10.3-2021.10.macos64_1.0.200.202301161003/tools/bin/../lib/gcc/arm-none-eabi/10.3.1/../../../../arm-none-eabi/lib/thumb/v7e-m+fp/hard/libc_nano.a(lib_a-errno.o)
                0x0000000008001258                __errno
 .text.__libc_init_array
                0x0000000008001264       0x48 /Applications/STM32CubeIDE.app/Contents/Eclipse/plugins/com.st.stm32cube.ide.mcu.externaltools.gnu-tools-for-stm32.10.3-2021.10.macos64_1.0.200.202301161003/tools/bin/../lib/gcc/arm-none-eabi/10.3.1/../../../../arm-none-eabi/lib/thumb/v7e-m+fp/hard/libc_nano.a(lib_a-init.o)
                0x0000000008001264                __libc_init_array
 .text.memset   0x00000000080012ac       0x10 /Applications/STM32CubeIDE.app/Contents/Eclipse/plugins/com.st.stm32cube.ide.mcu.externaltools.gnu-tools-for-stm32.10.3-2021.10.macos64_1.0.200.202301161003/tools/bin/../lib/gcc/arm-none-eabi/10.3.1/../../../../arm-none-eabi/lib/thumb/v7e-m+fp/hard/libc_nano.a(lib_a-memset.o)
                0x00000000080012ac                memset
 .text.sprintf  0x00000000080012bc       0x40 /Applications/STM32CubeIDE.app/Contents/Eclipse/plugins/com.st.stm32cube.ide.mcu.externaltools.gnu-tools-for-stm32.10.3-2021.10.macos64_1.0.200.202301161003/tools/bin/../lib/gcc/arm-none-eabi/10.3.1/../../../../arm-none-eabi/lib/thumb/v7e-m+fp/hard/libc_nano.a(lib_a-sprintf.o)
                0x00000000080012bc                sprintf
                0x00000000080012bc                siprintf
 .text.__ssputs_r
                0x00000000080012fc       0xb6 /Applications/STM32CubeIDE.app/Contents/Eclipse/plugins/com.st.stm32cube.ide.mcu.externaltools.gnu-tools-for-stm32.10.3-2021.10.macos64_1.0.200.202301161003/tools/bin/../lib/gcc/arm-none-eabi/10.3.1/../../../../arm-none-eabi/lib/thumb/v7e-m+fp/hard/libc_nano.a(lib_a-nano-svfprintf.o)
                0x00000000080012fc                __ssputs_r
 *fill*         0x00000000080013b2        0x2 
 .text._svfprintf_r
                0x00000000080013b4      0x200 /Applications/STM32CubeIDE.app/Contents/Eclipse/plugins/com.st.stm32cube.ide.mcu.externaltools.gnu-tools-for-stm32.10.3-2021.10.macos64_1.0.200.202301161003/tools/bin/../lib/gcc/arm-none-eabi/10.3.1/../../../../arm-none-eabi/lib/thumb/v7e-m+fp/hard/libc_nano.a(lib_a-nano-svfprintf.o)
                0x00000000080013b4                _svfprintf_r
                0x00000000080013b4                _svfiprintf_r
 .text._printf_common
                0x00000000080015b4       0xda /Applications/STM32CubeIDE.app/Contents/Eclipse/plugins/com.st.stm32cube.ide.mcu.externaltools.gnu-tools-for-stm32.10.3-2021.10.macos64_1.0.200.202301161003/tools/bin/../lib/gcc/arm-none-eabi/10.3.1/../../../../arm-none-eabi/lib/thumb/v7e-m+fp/hard/libc_nano.a(lib_a-nano-vfprintf_i.o)
                0x00000000080015b4                _printf_common
 *fill*         0x000000000800168e        0x2 
 .text._printf_i
                0x0000000008001690      0x24c /Applications/STM32CubeIDE.app/Contents/Eclipse/plugins/com.st.stm32cube.ide.mcu.externaltools.gnu-tools-for-stm32.10.3-2021.10.macos64_1.0.200.202301161003/tools/bin/../lib/gcc/arm-none-eabi/10.3.1/../../../../arm-none-eabi/lib/thumb/v7e-m+fp/hard/libc_nano.a(lib_a-nano-vfprintf_i.o)
                0x0000000008001690                _printf_i
 .text.memcpy   0x00000000080018dc       0x1c /Applications/STM32CubeIDE.app/Contents/Eclipse/plugins/com.st.stm32cube.ide.mcu.externaltools.gnu-tools-for-stm32.10.3-2021.10.macos64_1.0.200.202301161003/tools/bin/../lib/gcc/arm-none-eabi/10.3.1/../../../../arm-none-eabi/lib/thumb/v7e-m+fp/hard/libc_nano.a(lib_a-memcpy-stub.o)
                0x00000000080018dc                memcpy
 .text.memmove  0x00000000080018f8       0x34 /Applications/STM32CubeIDE.app/Contents/Eclipse/plugins/com.st.stm32cube.ide.mcu.externaltools.gnu-tools-for-stm32.10.3-2021.10.macos64_1.0.200.202301161003/tools/bin/../lib/gcc/arm-none-eabi/10.3.1/../../../../arm-none-eabi/lib/thumb/v7e-m+fp/hard/libc_nano.a(lib_a-memmove.o)
                0x00000000080018f8                memmove
 .text._free_r  0x000000000800192c       0x98 /Applications/STM32CubeIDE.app/Contents/Eclipse/plugins/com.st.stm32cube.ide.mcu.externaltools.gnu-tools-for-stm32.10.3-2021.10.macos64_1.0.200.202301161003/tools/bin/../lib/gcc/arm-none-eabi/10.3.1/../../../../arm-none-eabi/lib/thumb/v7e-m+fp/hard/libc_nano.a(lib_a-nano-freer.o)
                0x000000000800192c                _free_r
 .text.sbrk_aligned
                0x00000000080019c4       0x40 /Applications/STM32CubeIDE.app/Contents/Eclipse/plugins/com.st.stm32cube.ide.mcu.externaltools.gnu-tools-for-stm32.10.3-2021.10.macos64_1.0.200.202301161003/tools/bin/../lib/gcc/arm-none-eabi/10.3.1/../../../../arm-none-eabi/lib/thumb/v7e-m+fp/hard/libc_nano.a(lib_a-nano-mallocr.o)
 .text._malloc_r
                0x0000000008001a04       0xe8 /Applications/STM32CubeIDE.app/Contents/Eclipse/plugins/com.st.stm32cube.ide.mcu.externaltools.gnu-tools-for-stm32.10.3-2021.10.macos64_1.0.200.202301161003/tools/bin/../lib/gcc/arm-none-eabi/10.3.1/../../../../arm-none-eabi/lib/thumb/v7e-m+fp/hard/libc_nano.a(lib_a-nano-mallocr.o)
                0x0000000008001a04                _malloc_r
 .text._realloc_r
                0x0000000008001aec       0x5e /Applications/STM32CubeIDE.app/Contents/Eclipse/plugins/com.st.stm32cube.ide.mcu.externaltools.gnu-tools-for-stm32.10.3-2021.10.macos64_1.0.200.202301161003/tools/bin/../lib/gcc/arm-none-eabi/10.3.1/../../../../arm-none-eabi/lib/thumb/v7e-m+fp/hard/libc_nano.a(lib_a-nano-reallocr.o)
                0x0000000008001aec                _realloc_r
 *fill*         0x0000000008001b4a        0x2 
 .text._sbrk_r  0x0000000008001b4c       0x20 /Applications/STM32CubeIDE.app/Contents/Eclipse/plugins/com.st.stm32cube.ide.mcu.externaltools.gnu-tools-for-stm32.10.3-2021.10.macos64_1.0.200.202301161003/tools/bin/../lib/gcc/arm-none-eabi/10.3.1/../../../../arm-none-eabi/lib/thumb/v7e-m+fp/hard/libc_nano.a(lib_a-sbrkr.o)
                0x0000000008001b4c                _sbrk_r
 .text.__malloc_lock
                0x0000000008001b6c        0xc /Applications/STM32CubeIDE.app/Contents/Eclipse/plugins/com.st.stm32cube.ide.mcu.externaltools.gnu-tools-for-stm32.10.3-2021.10.macos64_1.0.200.202301161003/tools/bin/../lib/gcc/arm-none-eabi/10.3.1/../../../../arm-none-eabi/lib/thumb/v7e-m+fp/hard/libc_nano.a(lib_a-mlock.o)
                0x0000000008001b6c                __malloc_lock
 .text.__malloc_unlock
                0x0000000008001b78        0xc /Applications/STM32CubeIDE.app/Contents/Eclipse/plugins/com.st.stm32cube.ide.mcu.externaltools.gnu-tools-for-stm32.10.3-2021.10.macos64_1.0.200.202301161003/tools/bin/../lib/gcc/arm-none-eabi/10.3.1/../../../../arm-none-eabi/lib/thumb/v7e-m+fp/hard/libc_nano.a(lib_a-mlock.o)
                0x0000000008001b78                __malloc_unlock
 .text._malloc_usable_size_r
                0x0000000008001b84       0x10 /Applications/STM32CubeIDE.app/Contents/Eclipse/plugins/com.st.stm32cube.ide.mcu.externaltools.gnu-tools-for-stm32.10.3-2021.10.macos64_1.0.200.202301161003/tools/bin/../lib/gcc/arm-none-eabi/10.3.1/../../../../arm-none-eabi/lib/thumb/v7e-m+fp/hard/libc_nano.a(lib_a-nano-msizer.o)
                0x0000000008001b84                _malloc_usable_size_r
 .text.__retarget_lock_acquire_recursive
                0x0000000008001b94        0x2 /Applications/STM32CubeIDE.app/Contents/Eclipse/plugins/com.st.stm32cube.ide.mcu.externaltools.gnu-tools-for-stm32.10.3-2021.10.macos64_1.0.200.202301161003/tools/bin/../lib/gcc/arm-none-eabi/10.3.1/../../../../arm-none-eabi/lib/thumb/v7e-m+fp/hard/libc_nano.a(lib_a-lock.o)
                0x0000000008001b94                __retarget_lock_acquire_recursive
 .text.__retarget_lock_release_recursive
                0x0000000008001b96        0x2 /Applications/STM32CubeIDE.app/Contents/Eclipse/plugins/com.st.stm32cube.ide.mcu.externaltools.gnu-tools-for-stm32.10.3-2021.10.macos64_1.0.200.202301161003/tools/bin/../lib/gcc/arm-none-eabi/10.3.1/../../../../arm-none-eabi/lib/thumb/v7e-m+fp/hard/libc_nano.a(lib_a-lock.o)
                0x0000000008001b96                __retarget_lock_release_recursive
 *(.glue_7)
 .glue_7        0x0000000008001b98        0x0 linker stubs
 *(.glue_7t)
 .glue_7t       0x0000000008001b98        0x0 linker stubs
 *(.eh_frame)
 .eh_frame      0x0000000008001b98        0x0 /Applications/STM32CubeIDE.app/Contents/Eclipse/plugins/com.st.stm32cube.ide.mcu.externaltools.gnu-tools-for-stm32.10.3-2021.10.macos64_1.0.200.202301161003/tools/bin/../lib/gcc/arm-none-eabi/10.3.1/thumb/v7e-m+fp/hard/crtbegin.o
 *(.init)
 .init          0x0000000008001b98        0x4 /Applications/STM32CubeIDE.app/Contents/Eclipse/plugins/com.st.stm32cube.ide.mcu.externaltools.gnu-tools-for-stm32.10.3-2021.10.macos64_1.0.200.202301161003/tools/bin/../lib/gcc/arm-none-eabi/10.3.1/thumb/v7e-m+fp/hard/crti.o
                0x0000000008001b98                _init
 .init          0x0000000008001b9c        0x8 /Applications/STM32CubeIDE.app/Contents/Eclipse/plugins/com.st.stm32cube.ide.mcu.externaltools.gnu-tools-for-stm32.10.3-2021.10.macos64_1.0.200.202301161003/tools/bin/../lib/gcc/arm-none-eabi/10.3.1/thumb/v7e-m+fp/hard/crtn.o
 *(.fini)
 .fini          0x0000000008001ba4        0x4 /Applications/STM32CubeIDE.app/Contents/Eclipse/plugins/com.st.stm32cube.ide.mcu.externaltools.gnu-tools-for-stm32.10.3-2021.10.macos64_1.0.200.202301161003/tools/bin/../lib/gcc/arm-none-eabi/10.3.1/thumb/v7e-m+fp/hard/crti.o
                0x0000000008001ba4                _fini
 .fini          0x0000000008001ba8        0x8 /Applications/STM32CubeIDE.app/Contents/Eclipse/plugins/com.st.stm32cube.ide.mcu.externaltools.gnu-tools-for-stm32.10.3-2021.10.macos64_1.0.200.202301161003/tools/bin/../lib/gcc/arm-none-eabi/10.3.1/thumb/v7e-m+fp/hard/crtn.o
                0x0000000008001bb0                . = ALIGN (0x4)
                0x0000000008001bb0                _etext = .

.vfp11_veneer   0x0000000008001bb0        0x0
 .vfp11_veneer  0x0000000008001bb0        0x0 linker stubs

.v4_bx          0x0000000008001bb0        0x0
 .v4_bx         0x0000000008001bb0        0x0 linker stubs

.iplt           0x0000000008001bb0        0x0
 .iplt          0x0000000008001bb0        0x0 /Applications/STM32CubeIDE.app/Contents/Eclipse/plugins/com.st.stm32cube.ide.mcu.externaltools.gnu-tools-for-stm32.10.3-2021.10.macos64_1.0.200.202301161003/tools/bin/../lib/gcc/arm-none-eabi/10.3.1/thumb/v7e-m+fp/hard/crtbegin.o

.rodata         0x0000000008001bb0      0x744
                0x0000000008001bb0                . = ALIGN (0x4)
 *(.rodata)
 .rodata        0x0000000008001bb0      0x6de ./Src/esp82xx_lib.o
 *fill*         0x000000000800228e        0x2 
 .rodata        0x0000000008002290       0x30 ./Src/main.o
 *(.rodata*)
 .rodata._svfprintf_r.str1.1
                0x00000000080022c0       0x11 /Applications/STM32CubeIDE.app/Contents/Eclipse/plugins/com.st.stm32cube.ide.mcu.externaltools.gnu-tools-for-stm32.10.3-2021.10.macos64_1.0.200.202301161003/tools/bin/../lib/gcc/arm-none-eabi/10.3.1/../../../../arm-none-eabi/lib/thumb/v7e-m+fp/hard/libc_nano.a(lib_a-nano-svfprintf.o)
 .rodata._printf_i.str1.1
                0x00000000080022d1       0x22 /Applications/STM32CubeIDE.app/Contents/Eclipse/plugins/com.st.stm32cube.ide.mcu.externaltools.gnu-tools-for-stm32.10.3-2021.10.macos64_1.0.200.202301161003/tools/bin/../lib/gcc/arm-none-eabi/10.3.1/../../../../arm-none-eabi/lib/thumb/v7e-m+fp/hard/libc_nano.a(lib_a-nano-vfprintf_i.o)
                0x00000000080022f4                . = ALIGN (0x4)
 *fill*         0x00000000080022f3        0x1 

.rel.dyn        0x00000000080022f4        0x0
 .rel.iplt      0x00000000080022f4        0x0 /Applications/STM32CubeIDE.app/Contents/Eclipse/plugins/com.st.stm32cube.ide.mcu.externaltools.gnu-tools-for-stm32.10.3-2021.10.macos64_1.0.200.202301161003/tools/bin/../lib/gcc/arm-none-eabi/10.3.1/thumb/v7e-m+fp/hard/crtbegin.o

.ARM.extab      0x00000000080022f4        0x0
                0x00000000080022f4                . = ALIGN (0x4)
 *(.ARM.extab* .gnu.linkonce.armextab.*)
                0x00000000080022f4                . = ALIGN (0x4)

.ARM            0x00000000080022f4        0x0
                0x00000000080022f4                . = ALIGN (0x4)
                0x00000000080022f4                __exidx_start = .
 *(.ARM.exidx*)
                0x00000000080022f4                __exidx_end = .
                0x00000000080022f4                . = ALIGN (0x4)

.preinit_array  0x00000000080022f4        0x0
                0x00000000080022f4                . = ALIGN (0x4)
                0x00000000080022f4                PROVIDE (__preinit_array_start = .)
 *(.preinit_array*)
                0x00000000080022f4                PROVIDE (__preinit_array_end = .)
                0x00000000080022f4                . = ALIGN (0x4)

.init_array     0x00000000080022f4        0x4
                0x00000000080022f4                . = ALIGN (0x4)
                0x00000000080022f4                PROVIDE (__init_array_start = .)
 *(SORT_BY_NAME(.init_array.*))
 *(.init_array*)
 .init_array    0x00000000080022f4        0x4 /Applications/STM32CubeIDE.app/Contents/Eclipse/plugins/com.st.stm32cube.ide.mcu.externaltools.gnu-tools-for-stm32.10.3-2021.10.macos64_1.0.200.202301161003/tools/bin/../lib/gcc/arm-none-eabi/10.3.1/thumb/v7e-m+fp/hard/crtbegin.o
                0x00000000080022f8                PROVIDE (__init_array_end = .)
                0x00000000080022f8                . = ALIGN (0x4)

.fini_array     0x00000000080022f8        0x4
                0x00000000080022f8                . = ALIGN (0x4)
                [!provide]                        PROVIDE (__fini_array_start = .)
 *(SORT_BY_NAME(.fini_array.*))
 *(.fini_array*)
 .fini_array    0x00000000080022f8        0x4 /Applications/STM32CubeIDE.app/Contents/Eclipse/plugins/com.st.stm32cube.ide.mcu.externaltools.gnu-tools-for-stm32.10.3-2021.10.macos64_1.0.200.202301161003/tools/bin/../lib/gcc/arm-none-eabi/10.3.1/thumb/v7e-m+fp/hard/crtbegin.o
                [!provide]                        PROVIDE (__fini_array_end = .)
                0x00000000080022fc                . = ALIGN (0x4)
                0x00000000080022fc                _sidata = LOADADDR (.data)

.data           0x0000000020000000       0x6c load address 0x00000000080022fc
                0x0000000020000000                . = ALIGN (0x4)
                0x0000000020000000                _sdata = .
 *(.data)
 *(.data*)
 .data.esp82xx_port
                0x0000000020000000        0x1 ./Src/circular_buffer.o
                0x0000000020000000                esp82xx_port
 *fill*         0x0000000020000001        0x3 
 .data.home     0x0000000020000004        0x4 ./Src/esp82xx_lib.o
                0x0000000020000004                home
 .data._impure_ptr
                0x0000000020000008        0x4 /Applications/STM32CubeIDE.app/Contents/Eclipse/plugins/com.st.stm32cube.ide.mcu.externaltools.gnu-tools-for-stm32.10.3-2021.10.macos64_1.0.200.202301161003/tools/bin/../lib/gcc/arm-none-eabi/10.3.1/../../../../arm-none-eabi/lib/thumb/v7e-m+fp/hard/libc_nano.a(lib_a-impure.o)
                0x0000000020000008                _impure_ptr
 .data.impure_data
                0x000000002000000c       0x60 /Applications/STM32CubeIDE.app/Contents/Eclipse/plugins/com.st.stm32cube.ide.mcu.externaltools.gnu-tools-for-stm32.10.3-2021.10.macos64_1.0.200.202301161003/tools/bin/../lib/gcc/arm-none-eabi/10.3.1/../../../../arm-none-eabi/lib/thumb/v7e-m+fp/hard/libc_nano.a(lib_a-impure.o)
 *(.RamFunc)
 *(.RamFunc*)
                0x000000002000006c                . = ALIGN (0x4)
                0x000000002000006c                _edata = .

.igot.plt       0x000000002000006c        0x0 load address 0x0000000008002368
 .igot.plt      0x000000002000006c        0x0 /Applications/STM32CubeIDE.app/Contents/Eclipse/plugins/com.st.stm32cube.ide.mcu.externaltools.gnu-tools-for-stm32.10.3-2021.10.macos64_1.0.200.202301161003/tools/bin/../lib/gcc/arm-none-eabi/10.3.1/thumb/v7e-m+fp/hard/crtbegin.o
                0x000000002000006c                . = ALIGN (0x4)

.bss            0x000000002000006c      0x864 load address 0x0000000008002368
                0x000000002000006c                _sbss = .
                0x000000002000006c                __bss_start__ = _sbss
 *(.bss)
 .bss           0x000000002000006c       0x1c /Applications/STM32CubeIDE.app/Contents/Eclipse/plugins/com.st.stm32cube.ide.mcu.externaltools.gnu-tools-for-stm32.10.3-2021.10.macos64_1.0.200.202301161003/tools/bin/../lib/gcc/arm-none-eabi/10.3.1/thumb/v7e-m+fp/hard/crtbegin.o
 *(.bss*)
 .bss.debug_port
                0x0000000020000088        0x1 ./Src/circular_buffer.o
                0x0000000020000088                debug_port
 *fill*         0x0000000020000089        0x3 
 .bss.rx_buffer1
                0x000000002000008c      0x208 ./Src/circular_buffer.o
                0x000000002000008c                rx_buffer1
 .bss.tx_buffer1
                0x0000000020000294      0x208 ./Src/circular_buffer.o
                0x0000000020000294                tx_buffer1
 .bss.rx_buffer2
                0x000000002000049c      0x208 ./Src/circular_buffer.o
                0x000000002000049c                rx_buffer2
 .bss.tx_buffer2
                0x00000000200006a4      0x208 ./Src/circular_buffer.o
                0x00000000200006a4                tx_buffer2
 .bss._rx_buffer1
                0x00000000200008ac        0x4 ./Src/circular_buffer.o
                0x00000000200008ac                _rx_buffer1
 .bss._tx_buffer1
                0x00000000200008b0        0x4 ./Src/circular_buffer.o
                0x00000000200008b0                _tx_buffer1
 .bss._rx_buffer2
                0x00000000200008b4        0x4 ./Src/circular_buffer.o
                0x00000000200008b4                _rx_buffer2
 .bss._tx_buffer2
                0x00000000200008b8        0x4 ./Src/circular_buffer.o
                0x00000000200008b8                _tx_buffer2
 .bss.__sbrk_heap_end
                0x00000000200008bc        0x4 ./Src/sysmem.o
 .bss.__malloc_free_list
                0x00000000200008c0        0x4 /Applications/STM32CubeIDE.app/Contents/Eclipse/plugins/com.st.stm32cube.ide.mcu.externaltools.gnu-tools-for-stm32.10.3-2021.10.macos64_1.0.200.202301161003/tools/bin/../lib/gcc/arm-none-eabi/10.3.1/../../../../arm-none-eabi/lib/thumb/v7e-m+fp/hard/libc_nano.a(lib_a-nano-mallocr.o)
                0x00000000200008c0                __malloc_free_list
 .bss.__malloc_sbrk_start
                0x00000000200008c4        0x4 /Applications/STM32CubeIDE.app/Contents/Eclipse/plugins/com.st.stm32cube.ide.mcu.externaltools.gnu-tools-for-stm32.10.3-2021.10.macos64_1.0.200.202301161003/tools/bin/../lib/gcc/arm-none-eabi/10.3.1/../../../../arm-none-eabi/lib/thumb/v7e-m+fp/hard/libc_nano.a(lib_a-nano-mallocr.o)
                0x00000000200008c4                __malloc_sbrk_start
 .bss.errno     0x00000000200008c8        0x4 /Applications/STM32CubeIDE.app/Contents/Eclipse/plugins/com.st.stm32cube.ide.mcu.externaltools.gnu-tools-for-stm32.10.3-2021.10.macos64_1.0.200.202301161003/tools/bin/../lib/gcc/arm-none-eabi/10.3.1/../../../../arm-none-eabi/lib/thumb/v7e-m+fp/hard/libc_nano.a(lib_a-reent.o)
                0x00000000200008c8                errno
 .bss.__lock___malloc_recursive_mutex
                0x00000000200008cc        0x1 /Applications/STM32CubeIDE.app/Contents/Eclipse/plugins/com.st.stm32cube.ide.mcu.externaltools.gnu-tools-for-stm32.10.3-2021.10.macos64_1.0.200.202301161003/tools/bin/../lib/gcc/arm-none-eabi/10.3.1/../../../../arm-none-eabi/lib/thumb/v7e-m+fp/hard/libc_nano.a(lib_a-lock.o)
                0x00000000200008cc                __lock___malloc_recursive_mutex
 *(COMMON)
                0x00000000200008d0                . = ALIGN (0x4)
 *fill*         0x00000000200008cd        0x3 
                0x00000000200008d0                _ebss = .
                0x00000000200008d0                __bss_end__ = _ebss

._user_heap_stack
                0x00000000200008d0      0x600 load address 0x0000000008002368
                0x00000000200008d0                . = ALIGN (0x8)
                [!provide]                        PROVIDE (end = .)
                0x00000000200008d0                PROVIDE (_end = .)
                0x0000000020000ad0                . = (. + _Min_Heap_Size)
 *fill*         0x00000000200008d0      0x200 
                0x0000000020000ed0                . = (. + _Min_Stack_Size)
 *fill*         0x0000000020000ad0      0x400 
                0x0000000020000ed0                . = ALIGN (0x8)

/DISCARD/
 libc.a(*)
 libm.a(*)
 libgcc.a(*)

.ARM.attributes
                0x0000000000000000       0x30
 *(.ARM.attributes)
 .ARM.attributes
                0x0000000000000000       0x1e /Applications/STM32CubeIDE.app/Contents/Eclipse/plugins/com.st.stm32cube.ide.mcu.externaltools.gnu-tools-for-stm32.10.3-2021.10.macos64_1.0.200.202301161003/tools/bin/../lib/gcc/arm-none-eabi/10.3.1/thumb/v7e-m+fp/hard/crti.o
 .ARM.attributes
                0x000000000000001e       0x34 /Applications/STM32CubeIDE.app/Contents/Eclipse/plugins/com.st.stm32cube.ide.mcu.externaltools.gnu-tools-for-stm32.10.3-2021.10.macos64_1.0.200.202301161003/tools/bin/../lib/gcc/arm-none-eabi/10.3.1/thumb/v7e-m+fp/hard/crtbegin.o
 .ARM.attributes
                0x0000000000000052       0x34 ./Src/circular_buffer.o
 .ARM.attributes
                0x0000000000000086       0x34 ./Src/esp82xx_driver.o
 .ARM.attributes
                0x00000000000000ba       0x34 ./Src/esp82xx_lib.o
 .ARM.attributes
                0x00000000000000ee       0x34 ./Src/main.o
 .ARM.attributes
                0x0000000000000122       0x34 ./Src/sysmem.o
 .ARM.attributes
                0x0000000000000156       0x21 ./Startup/startup_stm32f411retx.o
 .ARM.attributes
                0x0000000000000177       0x34 /Applications/STM32CubeIDE.app/Contents/Eclipse/plugins/com.st.stm32cube.ide.mcu.externaltools.gnu-tools-for-stm32.10.3-2021.10.macos64_1.0.200.202301161003/tools/bin/../lib/gcc/arm-none-eabi/10.3.1/../../../../arm-none-eabi/lib/thumb/v7e-m+fp/hard/libc_nano.a(lib_a-errno.o)
 .ARM.attributes
                0x00000000000001ab       0x34 /Applications/STM32CubeIDE.app/Contents/Eclipse/plugins/com.st.stm32cube.ide.mcu.externaltools.gnu-tools-for-stm32.10.3-2021.10.macos64_1.0.200.202301161003/tools/bin/../lib/gcc/arm-none-eabi/10.3.1/../../../../arm-none-eabi/lib/thumb/v7e-m+fp/hard/libc_nano.a(lib_a-impure.o)
 .ARM.attributes
                0x00000000000001df       0x34 /Applications/STM32CubeIDE.app/Contents/Eclipse/plugins/com.st.stm32cube.ide.mcu.externaltools.gnu-tools-for-stm32.10.3-2021.10.macos64_1.0.200.202301161003/tools/bin/../lib/gcc/arm-none-eabi/10.3.1/../../../../arm-none-eabi/lib/thumb/v7e-m+fp/hard/libc_nano.a(lib_a-init.o)
 .ARM.attributes
                0x0000000000000213       0x34 /Applications/STM32CubeIDE.app/Contents/Eclipse/plugins/com.st.stm32cube.ide.mcu.externaltools.gnu-tools-for-stm32.10.3-2021.10.macos64_1.0.200.202301161003/tools/bin/../lib/gcc/arm-none-eabi/10.3.1/../../../../arm-none-eabi/lib/thumb/v7e-m+fp/hard/libc_nano.a(lib_a-memset.o)
 .ARM.attributes
                0x0000000000000247       0x34 /Applications/STM32CubeIDE.app/Contents/Eclipse/plugins/com.st.stm32cube.ide.mcu.externaltools.gnu-tools-for-stm32.10.3-2021.10.macos64_1.0.200.202301161003/tools/bin/../lib/gcc/arm-none-eabi/10.3.1/../../../../arm-none-eabi/lib/thumb/v7e-m+fp/hard/libc_nano.a(lib_a-sprintf.o)
 .ARM.attributes
                0x000000000000027b       0x17 /Applications/STM32CubeIDE.app/Contents/Eclipse/plugins/com.st.stm32cube.ide.mcu.externaltools.gnu-tools-for-stm32.10.3-2021.10.macos64_1.0.200.202301161003/tools/bin/../lib/gcc/arm-none-eabi/10.3.1/../../../../arm-none-eabi/lib/thumb/v7e-m+fp/hard/libc_nano.a(lib_a-strlen.o)
 .ARM.attributes
                0x0000000000000292       0x34 /Applications/STM32CubeIDE.app/Contents/Eclipse/plugins/com.st.stm32cube.ide.mcu.externaltools.gnu-tools-for-stm32.10.3-2021.10.macos64_1.0.200.202301161003/tools/bin/../lib/gcc/arm-none-eabi/10.3.1/../../../../arm-none-eabi/lib/thumb/v7e-m+fp/hard/libc_nano.a(lib_a-nano-svfprintf.o)
 .ARM.attributes
                0x00000000000002c6       0x34 /Applications/STM32CubeIDE.app/Contents/Eclipse/plugins/com.st.stm32cube.ide.mcu.externaltools.gnu-tools-for-stm32.10.3-2021.10.macos64_1.0.200.202301161003/tools/bin/../lib/gcc/arm-none-eabi/10.3.1/../../../../arm-none-eabi/lib/thumb/v7e-m+fp/hard/libc_nano.a(lib_a-nano-vfprintf_i.o)
 .ARM.attributes
                0x00000000000002fa       0x1c /Applications/STM32CubeIDE.app/Contents/Eclipse/plugins/com.st.stm32cube.ide.mcu.externaltools.gnu-tools-for-stm32.10.3-2021.10.macos64_1.0.200.202301161003/tools/bin/../lib/gcc/arm-none-eabi/10.3.1/../../../../arm-none-eabi/lib/thumb/v7e-m+fp/hard/libc_nano.a(lib_a-memchr.o)
 .ARM.attributes
                0x0000000000000316       0x34 /Applications/STM32CubeIDE.app/Contents/Eclipse/plugins/com.st.stm32cube.ide.mcu.externaltools.gnu-tools-for-stm32.10.3-2021.10.macos64_1.0.200.202301161003/tools/bin/../lib/gcc/arm-none-eabi/10.3.1/../../../../arm-none-eabi/lib/thumb/v7e-m+fp/hard/libc_nano.a(lib_a-memcpy-stub.o)
 .ARM.attributes
                0x000000000000034a       0x34 /Applications/STM32CubeIDE.app/Contents/Eclipse/plugins/com.st.stm32cube.ide.mcu.externaltools.gnu-tools-for-stm32.10.3-2021.10.macos64_1.0.200.202301161003/tools/bin/../lib/gcc/arm-none-eabi/10.3.1/../../../../arm-none-eabi/lib/thumb/v7e-m+fp/hard/libc_nano.a(lib_a-memmove.o)
 .ARM.attributes
                0x000000000000037e       0x34 /Applications/STM32CubeIDE.app/Contents/Eclipse/plugins/com.st.stm32cube.ide.mcu.externaltools.gnu-tools-for-stm32.10.3-2021.10.macos64_1.0.200.202301161003/tools/bin/../lib/gcc/arm-none-eabi/10.3.1/../../../../arm-none-eabi/lib/thumb/v7e-m+fp/hard/libc_nano.a(lib_a-nano-freer.o)
 .ARM.attributes
                0x00000000000003b2       0x34 /Applications/STM32CubeIDE.app/Contents/Eclipse/plugins/com.st.stm32cube.ide.mcu.externaltools.gnu-tools-for-stm32.10.3-2021.10.macos64_1.0.200.202301161003/tools/bin/../lib/gcc/arm-none-eabi/10.3.1/../../../../arm-none-eabi/lib/thumb/v7e-m+fp/hard/libc_nano.a(lib_a-nano-mallocr.o)
 .ARM.attributes
                0x00000000000003e6       0x34 /Applications/STM32CubeIDE.app/Contents/Eclipse/plugins/com.st.stm32cube.ide.mcu.externaltools.gnu-tools-for-stm32.10.3-2021.10.macos64_1.0.200.202301161003/tools/bin/../lib/gcc/arm-none-eabi/10.3.1/../../../../arm-none-eabi/lib/thumb/v7e-m+fp/hard/libc_nano.a(lib_a-nano-reallocr.o)
 .ARM.attributes
                0x000000000000041a       0x34 /Applications/STM32CubeIDE.app/Contents/Eclipse/plugins/com.st.stm32cube.ide.mcu.externaltools.gnu-tools-for-stm32.10.3-2021.10.macos64_1.0.200.202301161003/tools/bin/../lib/gcc/arm-none-eabi/10.3.1/../../../../arm-none-eabi/lib/thumb/v7e-m+fp/hard/libc_nano.a(lib_a-sbrkr.o)
 .ARM.attributes
                0x000000000000044e       0x34 /Applications/STM32CubeIDE.app/Contents/Eclipse/plugins/com.st.stm32cube.ide.mcu.externaltools.gnu-tools-for-stm32.10.3-2021.10.macos64_1.0.200.202301161003/tools/bin/../lib/gcc/arm-none-eabi/10.3.1/../../../../arm-none-eabi/lib/thumb/v7e-m+fp/hard/libc_nano.a(lib_a-mlock.o)
 .ARM.attributes
                0x0000000000000482       0x34 /Applications/STM32CubeIDE.app/Contents/Eclipse/plugins/com.st.stm32cube.ide.mcu.externaltools.gnu-tools-for-stm32.10.3-2021.10.macos64_1.0.200.202301161003/tools/bin/../lib/gcc/arm-none-eabi/10.3.1/../../../../arm-none-eabi/lib/thumb/v7e-m+fp/hard/libc_nano.a(lib_a-nano-msizer.o)
 .ARM.attributes
                0x00000000000004b6       0x34 /Applications/STM32CubeIDE.app/Contents/Eclipse/plugins/com.st.stm32cube.ide.mcu.externaltools.gnu-tools-for-stm32.10.3-2021.10.macos64_1.0.200.202301161003/tools/bin/../lib/gcc/arm-none-eabi/10.3.1/../../../../arm-none-eabi/lib/thumb/v7e-m+fp/hard/libc_nano.a(lib_a-reent.o)
 .ARM.attributes
                0x00000000000004ea       0x34 /Applications/STM32CubeIDE.app/Contents/Eclipse/plugins/com.st.stm32cube.ide.mcu.externaltools.gnu-tools-for-stm32.10.3-2021.10.macos64_1.0.200.202301161003/tools/bin/../lib/gcc/arm-none-eabi/10.3.1/../../../../arm-none-eabi/lib/thumb/v7e-m+fp/hard/libc_nano.a(lib_a-lock.o)
 .ARM.attributes
                0x000000000000051e       0x1e /Applications/STM32CubeIDE.app/Contents/Eclipse/plugins/com.st.stm32cube.ide.mcu.externaltools.gnu-tools-for-stm32.10.3-2021.10.macos64_1.0.200.202301161003/tools/bin/../lib/gcc/arm-none-eabi/10.3.1/thumb/v7e-m+fp/hard/crtn.o
OUTPUT(7_esp82xx_lib_webserver_test.elf elf32-littlearm)
LOAD linker stubs
LOAD /Applications/STM32CubeIDE.app/Contents/Eclipse/plugins/com.st.stm32cube.ide.mcu.externaltools.gnu-tools-for-stm32.10.3-2021.10.macos64_1.0.200.202301161003/tools/bin/../lib/gcc/arm-none-eabi/10.3.1/../../../../arm-none-eabi/lib/thumb/v7e-m+fp/hard/libc.a
LOAD /Applications/STM32CubeIDE.app/Contents/Eclipse/plugins/com.st.stm32cube.ide.mcu.externaltools.gnu-tools-for-stm32.10.3-2021.10.macos64_1.0.200.202301161003/tools/bin/../lib/gcc/arm-none-eabi/10.3.1/../../../../arm-none-eabi/lib/thumb/v7e-m+fp/hard/libm.a
LOAD /Applications/STM32CubeIDE.app/Contents/Eclipse/plugins/com.st.stm32cube.ide.mcu.externaltools.gnu-tools-for-stm32.10.3-2021.10.macos64_1.0.200.202301161003/tools/bin/../lib/gcc/arm-none-eabi/10.3.1/thumb/v7e-m+fp/hard/libgcc.a

.debug_info     0x0000000000000000     0x15b0
 .debug_info    0x0000000000000000      0x72c ./Src/circular_buffer.o
 .debug_info    0x000000000000072c      0x84c ./Src/esp82xx_driver.o
 .debug_info    0x0000000000000f78      0x3cc ./Src/esp82xx_lib.o
 .debug_info    0x0000000000001344       0xd9 ./Src/main.o
 .debug_info    0x000000000000141d      0x171 ./Src/sysmem.o
 .debug_info    0x000000000000158e       0x22 ./Startup/startup_stm32f411retx.o

.debug_abbrev   0x0000000000000000      0x7c3
 .debug_abbrev  0x0000000000000000      0x2c2 ./Src/circular_buffer.o
 .debug_abbrev  0x00000000000002c2      0x1ea ./Src/esp82xx_driver.o
 .debug_abbrev  0x00000000000004ac      0x1cb ./Src/esp82xx_lib.o
 .debug_abbrev  0x0000000000000677       0x7f ./Src/main.o
 .debug_abbrev  0x00000000000006f6       0xbb ./Src/sysmem.o
 .debug_abbrev  0x00000000000007b1       0x12 ./Startup/startup_stm32f411retx.o

.debug_aranges  0x0000000000000000      0x1d8
 .debug_aranges
                0x0000000000000000       0x98 ./Src/circular_buffer.o
 .debug_aranges
                0x0000000000000098       0x60 ./Src/esp82xx_driver.o
 .debug_aranges
                0x00000000000000f8       0x78 ./Src/esp82xx_lib.o
 .debug_aranges
                0x0000000000000170       0x20 ./Src/main.o
 .debug_aranges
                0x0000000000000190       0x20 ./Src/sysmem.o
 .debug_aranges
                0x00000000000001b0       0x28 ./Startup/startup_stm32f411retx.o

.debug_ranges   0x0000000000000000      0x180
 .debug_ranges  0x0000000000000000       0x88 ./Src/circular_buffer.o
 .debug_ranges  0x0000000000000088       0x50 ./Src/esp82xx_driver.o
 .debug_ranges  0x00000000000000d8       0x68 ./Src/esp82xx_lib.o
 .debug_ranges  0x0000000000000140       0x10 ./Src/main.o
 .debug_ranges  0x0000000000000150       0x10 ./Src/sysmem.o
 .debug_ranges  0x0000000000000160       0x20 ./Startup/startup_stm32f411retx.o

.debug_macro    0x0000000000000000     0xf52f
 .debug_macro   0x0000000000000000      0x1c2 ./Src/circular_buffer.o
 .debug_macro   0x00000000000001c2      0xa84 ./Src/circular_buffer.o
 .debug_macro   0x0000000000000c46       0x22 ./Src/circular_buffer.o
 .debug_macro   0x0000000000000c68       0x4c ./Src/circular_buffer.o
 .debug_macro   0x0000000000000cb4       0x1e ./Src/circular_buffer.o
 .debug_macro   0x0000000000000cd2       0x94 ./Src/circular_buffer.o
 .debug_macro   0x0000000000000d66       0x3c ./Src/circular_buffer.o
 .debug_macro   0x0000000000000da2       0x34 ./Src/circular_buffer.o
 .debug_macro   0x0000000000000dd6      0x174 ./Src/circular_buffer.o
 .debug_macro   0x0000000000000f4a       0x16 ./Src/circular_buffer.o
 .debug_macro   0x0000000000000f60       0x43 ./Src/circular_buffer.o
 .debug_macro   0x0000000000000fa3       0x57 ./Src/circular_buffer.o
 .debug_macro   0x0000000000000ffa       0x34 ./Src/circular_buffer.o
 .debug_macro   0x000000000000102e       0x10 ./Src/circular_buffer.o
 .debug_macro   0x000000000000103e       0x58 ./Src/circular_buffer.o
 .debug_macro   0x0000000000001096       0x71 ./Src/circular_buffer.o
 .debug_macro   0x0000000000001107       0x1c ./Src/circular_buffer.o
 .debug_macro   0x0000000000001123      0x12a ./Src/circular_buffer.o
 .debug_macro   0x000000000000124d      0x341 ./Src/circular_buffer.o
 .debug_macro   0x000000000000158e       0x10 ./Src/circular_buffer.o
 .debug_macro   0x000000000000159e       0x35 ./Src/circular_buffer.o
 .debug_macro   0x00000000000015d3       0x20 ./Src/circular_buffer.o
 .debug_macro   0x00000000000015f3      0x103 ./Src/circular_buffer.o
 .debug_macro   0x00000000000016f6       0x6a ./Src/circular_buffer.o
 .debug_macro   0x0000000000001760      0x1df ./Src/circular_buffer.o
 .debug_macro   0x000000000000193f       0x28 ./Src/circular_buffer.o
 .debug_macro   0x0000000000001967       0x28 ./Src/circular_buffer.o
 .debug_macro   0x000000000000198f       0x1c ./Src/circular_buffer.o
 .debug_macro   0x00000000000019ab       0x22 ./Src/circular_buffer.o
 .debug_macro   0x00000000000019cd       0xd9 ./Src/circular_buffer.o
 .debug_macro   0x0000000000001aa6     0x102d ./Src/circular_buffer.o
 .debug_macro   0x0000000000002ad3      0x11f ./Src/circular_buffer.o
 .debug_macro   0x0000000000002bf2     0xb937 ./Src/circular_buffer.o
 .debug_macro   0x000000000000e529       0x43 ./Src/circular_buffer.o
 .debug_macro   0x000000000000e56c       0x10 ./Src/circular_buffer.o
 .debug_macro   0x000000000000e57c      0x131 ./Src/esp82xx_driver.o
 .debug_macro   0x000000000000e6ad       0x8e ./Src/esp82xx_driver.o
 .debug_macro   0x000000000000e73b       0x51 ./Src/esp82xx_driver.o
 .debug_macro   0x000000000000e78c       0x10 ./Src/esp82xx_driver.o
 .debug_macro   0x000000000000e79c      0x274 ./Src/esp82xx_lib.o
 .debug_macro   0x000000000000ea10       0x16 ./Src/esp82xx_lib.o
 .debug_macro   0x000000000000ea26       0x97 ./Src/esp82xx_lib.o
 .debug_macro   0x000000000000eabd       0xfd ./Src/esp82xx_lib.o
 .debug_macro   0x000000000000ebba       0x10 ./Src/esp82xx_lib.o
 .debug_macro   0x000000000000ebca       0x10 ./Src/esp82xx_lib.o
 .debug_macro   0x000000000000ebda       0x1c ./Src/esp82xx_lib.o
 .debug_macro   0x000000000000ebf6       0x52 ./Src/esp82xx_lib.o
 .debug_macro   0x000000000000ec48       0x22 ./Src/esp82xx_lib.o
 .debug_macro   0x000000000000ec6a       0x10 ./Src/esp82xx_lib.o
 .debug_macro   0x000000000000ec7a       0x52 ./Src/esp82xx_lib.o
 .debug_macro   0x000000000000eccc       0xd5 ./Src/esp82xx_lib.o
 .debug_macro   0x000000000000eda1       0x1c ./Src/esp82xx_lib.o
 .debug_macro   0x000000000000edbd       0x3d ./Src/esp82xx_lib.o
 .debug_macro   0x000000000000edfa       0x16 ./Src/esp82xx_lib.o
 .debug_macro   0x000000000000ee10      0x145 ./Src/esp82xx_lib.o
 .debug_macro   0x000000000000ef55       0x16 ./Src/esp82xx_lib.o
 .debug_macro   0x000000000000ef6b       0x16 ./Src/esp82xx_lib.o
 .debug_macro   0x000000000000ef81      0x25e ./Src/main.o
 .debug_macro   0x000000000000f1df       0x16 ./Src/main.o
 .debug_macro   0x000000000000f1f5       0xff ./Src/sysmem.o
 .debug_macro   0x000000000000f2f4      0x23b ./Src/sysmem.o

.debug_line     0x0000000000000000     0x2a05
 .debug_line    0x0000000000000000      0xc46 ./Src/circular_buffer.o
 .debug_line    0x0000000000000c46      0x6f4 ./Src/esp82xx_driver.o
 .debug_line    0x000000000000133a      0x9af ./Src/esp82xx_lib.o
 .debug_line    0x0000000000001ce9      0x772 ./Src/main.o
 .debug_line    0x000000000000245b      0x526 ./Src/sysmem.o
 .debug_line    0x0000000000002981       0x84 ./Startup/startup_stm32f411retx.o

.debug_str      0x0000000000000000    0x544b4
 .debug_str     0x0000000000000000    0x5272a ./Src/circular_buffer.o
                                      0x5296f (size before relaxing)
 .debug_str     0x000000000005272a      0x6ee ./Src/esp82xx_driver.o
                                      0x4fcad (size before relaxing)
 .debug_str     0x0000000000052e18     0x10c6 ./Src/esp82xx_lib.o
                                      0x538c8 (size before relaxing)
 .debug_str     0x0000000000053ede       0x6f ./Src/main.o
                                      0x536f2 (size before relaxing)
 .debug_str     0x0000000000053f4d      0x4d5 ./Src/sysmem.o
                                       0x5df2 (size before relaxing)
 .debug_str     0x0000000000054422       0x92 ./Startup/startup_stm32f411retx.o

.comment        0x0000000000000000       0x50
 .comment       0x0000000000000000       0x50 ./Src/circular_buffer.o
                                         0x51 (size before relaxing)
 .comment       0x0000000000000050       0x51 ./Src/esp82xx_driver.o
 .comment       0x0000000000000050       0x51 ./Src/esp82xx_lib.o
 .comment       0x0000000000000050       0x51 ./Src/main.o
 .comment       0x0000000000000050       0x51 ./Src/sysmem.o

.debug_frame    0x0000000000000000      0x9f8
 .debug_frame   0x0000000000000000      0x264 ./Src/circular_buffer.o
 .debug_frame   0x0000000000000264      0x14c ./Src/esp82xx_driver.o
 .debug_frame   0x00000000000003b0      0x188 ./Src/esp82xx_lib.o
 .debug_frame   0x0000000000000538       0x2c ./Src/main.o
 .debug_frame   0x0000000000000564       0x34 ./Src/sysmem.o
 .debug_frame   0x0000000000000598       0x20 /Applications/STM32CubeIDE.app/Contents/Eclipse/plugins/com.st.stm32cube.ide.mcu.externaltools.gnu-tools-for-stm32.10.3-2021.10.macos64_1.0.200.202301161003/tools/bin/../lib/gcc/arm-none-eabi/10.3.1/../../../../arm-none-eabi/lib/thumb/v7e-m+fp/hard/libc_nano.a(lib_a-errno.o)
 .debug_frame   0x00000000000005b8       0x2c /Applications/STM32CubeIDE.app/Contents/Eclipse/plugins/com.st.stm32cube.ide.mcu.externaltools.gnu-tools-for-stm32.10.3-2021.10.macos64_1.0.200.202301161003/tools/bin/../lib/gcc/arm-none-eabi/10.3.1/../../../../arm-none-eabi/lib/thumb/v7e-m+fp/hard/libc_nano.a(lib_a-init.o)
 .debug_frame   0x00000000000005e4       0x20 /Applications/STM32CubeIDE.app/Contents/Eclipse/plugins/com.st.stm32cube.ide.mcu.externaltools.gnu-tools-for-stm32.10.3-2021.10.macos64_1.0.200.202301161003/tools/bin/../lib/gcc/arm-none-eabi/10.3.1/../../../../arm-none-eabi/lib/thumb/v7e-m+fp/hard/libc_nano.a(lib_a-memset.o)
 .debug_frame   0x0000000000000604       0x6c /Applications/STM32CubeIDE.app/Contents/Eclipse/plugins/com.st.stm32cube.ide.mcu.externaltools.gnu-tools-for-stm32.10.3-2021.10.macos64_1.0.200.202301161003/tools/bin/../lib/gcc/arm-none-eabi/10.3.1/../../../../arm-none-eabi/lib/thumb/v7e-m+fp/hard/libc_nano.a(lib_a-sprintf.o)
 .debug_frame   0x0000000000000670       0x90 /Applications/STM32CubeIDE.app/Contents/Eclipse/plugins/com.st.stm32cube.ide.mcu.externaltools.gnu-tools-for-stm32.10.3-2021.10.macos64_1.0.200.202301161003/tools/bin/../lib/gcc/arm-none-eabi/10.3.1/../../../../arm-none-eabi/lib/thumb/v7e-m+fp/hard/libc_nano.a(lib_a-nano-svfprintf.o)
 .debug_frame   0x0000000000000700       0x60 /Applications/STM32CubeIDE.app/Contents/Eclipse/plugins/com.st.stm32cube.ide.mcu.externaltools.gnu-tools-for-stm32.10.3-2021.10.macos64_1.0.200.202301161003/tools/bin/../lib/gcc/arm-none-eabi/10.3.1/../../../../arm-none-eabi/lib/thumb/v7e-m+fp/hard/libc_nano.a(lib_a-nano-vfprintf_i.o)
 .debug_frame   0x0000000000000760       0x28 /Applications/STM32CubeIDE.app/Contents/Eclipse/plugins/com.st.stm32cube.ide.mcu.externaltools.gnu-tools-for-stm32.10.3-2021.10.macos64_1.0.200.202301161003/tools/bin/../lib/gcc/arm-none-eabi/10.3.1/../../../../arm-none-eabi/lib/thumb/v7e-m+fp/hard/libc_nano.a(lib_a-memcpy-stub.o)
 .debug_frame   0x0000000000000788       0x28 /Applications/STM32CubeIDE.app/Contents/Eclipse/plugins/com.st.stm32cube.ide.mcu.externaltools.gnu-tools-for-stm32.10.3-2021.10.macos64_1.0.200.202301161003/tools/bin/../lib/gcc/arm-none-eabi/10.3.1/../../../../arm-none-eabi/lib/thumb/v7e-m+fp/hard/libc_nano.a(lib_a-memmove.o)
 .debug_frame   0x00000000000007b0       0x38 /Applications/STM32CubeIDE.app/Contents/Eclipse/plugins/com.st.stm32cube.ide.mcu.externaltools.gnu-tools-for-stm32.10.3-2021.10.macos64_1.0.200.202301161003/tools/bin/../lib/gcc/arm-none-eabi/10.3.1/../../../../arm-none-eabi/lib/thumb/v7e-m+fp/hard/libc_nano.a(lib_a-nano-freer.o)
 .debug_frame   0x00000000000007e8       0x4c /Applications/STM32CubeIDE.app/Contents/Eclipse/plugins/com.st.stm32cube.ide.mcu.externaltools.gnu-tools-for-stm32.10.3-2021.10.macos64_1.0.200.202301161003/tools/bin/../lib/gcc/arm-none-eabi/10.3.1/../../../../arm-none-eabi/lib/thumb/v7e-m+fp/hard/libc_nano.a(lib_a-nano-mallocr.o)
 .debug_frame   0x0000000000000834       0x3c /Applications/STM32CubeIDE.app/Contents/Eclipse/plugins/com.st.stm32cube.ide.mcu.externaltools.gnu-tools-for-stm32.10.3-2021.10.macos64_1.0.200.202301161003/tools/bin/../lib/gcc/arm-none-eabi/10.3.1/../../../../arm-none-eabi/lib/thumb/v7e-m+fp/hard/libc_nano.a(lib_a-nano-reallocr.o)
 .debug_frame   0x0000000000000870       0x2c /Applications/STM32CubeIDE.app/Contents/Eclipse/plugins/com.st.stm32cube.ide.mcu.externaltools.gnu-tools-for-stm32.10.3-2021.10.macos64_1.0.200.202301161003/tools/bin/../lib/gcc/arm-none-eabi/10.3.1/../../../../arm-none-eabi/lib/thumb/v7e-m+fp/hard/libc_nano.a(lib_a-sbrkr.o)
 .debug_frame   0x000000000000089c       0x30 /Applications/STM32CubeIDE.app/Contents/Eclipse/plugins/com.st.stm32cube.ide.mcu.externaltools.gnu-tools-for-stm32.10.3-2021.10.macos64_1.0.200.202301161003/tools/bin/../lib/gcc/arm-none-eabi/10.3.1/../../../../arm-none-eabi/lib/thumb/v7e-m+fp/hard/libc_nano.a(lib_a-mlock.o)
 .debug_frame   0x00000000000008cc       0x20 /Applications/STM32CubeIDE.app/Contents/Eclipse/plugins/com.st.stm32cube.ide.mcu.externaltools.gnu-tools-for-stm32.10.3-2021.10.macos64_1.0.200.202301161003/tools/bin/../lib/gcc/arm-none-eabi/10.3.1/../../../../arm-none-eabi/lib/thumb/v7e-m+fp/hard/libc_nano.a(lib_a-nano-msizer.o)
 .debug_frame   0x00000000000008ec       0x5c /Applications/STM32CubeIDE.app/Contents/Eclipse/plugins/com.st.stm32cube.ide.mcu.externaltools.gnu-tools-for-stm32.10.3-2021.10.macos64_1.0.200.202301161003/tools/bin/../lib/gcc/arm-none-eabi/10.3.1/../../../../arm-none-eabi/lib/thumb/v7e-m+fp/hard/libc_nano.a(lib_a-reent.o)
 .debug_frame   0x0000000000000948       0xb0 /Applications/STM32CubeIDE.app/Contents/Eclipse/plugins/com.st.stm32cube.ide.mcu.externaltools.gnu-tools-for-stm32.10.3-2021.10.macos64_1.0.200.202301161003/tools/bin/../lib/gcc/arm-none-eabi/10.3.1/../../../../arm-none-eabi/lib/thumb/v7e-m+fp/hard/libc_nano.a(lib_a-lock.o)
