/Users/moafk22/mwafa2/STM32CubeIDE/Embedded-STM32-WIFI/8_esp82xx_lib_with_fifo/chip_headers/CMSIS/Include/core_cm4.h:1688:22:__NVIC_EnableIRQ	16	static
../Src/esp82xx_lib.c:58:6:esp82xx_init	16	static
../Src/esp82xx_lib.c:126:16:esp82xx_reset	16	static
../Src/esp82xx_lib.c:169:16:esp82xx_set_wifi_mode	24	static
../Src/esp82xx_lib.c:195:16:esp82xx_list_access_points	16	static
../Src/esp82xx_lib.c:220:16:exp82xx_join_wifi_access_point	24	static
../Src/esp82xx_lib.c:245:16:esp82xx_get_local_ip_addr	16	static
../Src/esp82xx_lib.c:273:9:esp82xx_create_tcp_conn	24	static
../Src/esp82xx_lib.c:298:9:esp82xx_send_tcp_pckt	16	static
../Src/esp82xx_lib.c:332:9:esp82xx_close_tcp_conn	16	static
../Src/esp82xx_lib.c:356:16:esp82xx_dns_get_ip	24	static
../Src/esp82xx_lib.c:379:13:esp_server_resp_srch_strt	4	static
../Src/esp82xx_lib.c:391:13:wait_resp	16	static
../Src/esp82xx_lib.c:401:6:lc	16	static
../Src/esp82xx_lib.c:410:13:search_check	24	static
../Src/esp82xx_lib.c:434:13:esp_server_resp_srch_check	24	static
../Src/esp82xx_lib.c:488:13:copy_software_to_hardware	16	static
../Src/esp82xx_lib.c:498:13:uart_output_char	16	static
../Src/esp82xx_lib.c:508:14:esp82xx_process_data	16	static
../Src/esp82xx_lib.c:534:13:esp_uart_callback	8	static
../Src/esp82xx_lib.c:540:6:USART1_IRQHandler	8	static
../Src/esp82xx_lib.c:547:13:esp82xx_send_cmd	24	static
