../Src/esp82xx_lib.c:21:6:esp82xx_sever_init	16	static
../Src/esp82xx_lib.c:38:14:esp82xx_reset	8	static
../Src/esp82xx_lib.c:54:14:esp82xx_startup_test	8	static
../Src/esp82xx_lib.c:72:15:esp82xx_sta_mode	8	static
../Src/esp82xx_lib.c:90:15:esp82xx_ap_connect	96	static
../Src/esp82xx_lib.c:116:14:esp82xx_get_local_ip	112	static
../Src/esp82xx_lib.c:149:14:esp82xx_multi_conn_en	8	static
../Src/esp82xx_lib.c:167:14:esp82xx_create_tcp_server	8	static
../Src/esp82xx_lib.c:185:9:send_server_data	104	static
../Src/esp82xx_lib.c:216:6:USART1_IRQHandler	8	static
../Src/esp82xx_lib.c:222:6:USART2_IRQHandler	8	static
