07:29:08 **** Build of configuration Debug for project esp_uart_driver2 ****
make -j7 all 
arm-none-eabi-gcc "../Src/esp82xx_driver.c" -mcpu=cortex-m4 -std=gnu11 -g3 -DDEBUG -DSTM32 -DSTM32F4 -DSTM32F411RETx -DSTM32F411xE -c -I../Inc -I"/Users/moafk22/mwafa2/STM32CubeIDE/Embedded-STM32-WIFI/esp_uart_driver2/chip_headers/CMSIS/Include" -I"/Users/moafk22/mwafa2/STM32CubeIDE/Embedded-STM32-WIFI/esp_uart_driver2/chip_headers/CMSIS/Device/ST/STM32F4xx/Include" -O0 -ffunction-sections -fdata-sections -Wall -fstack-usage -fcyclomatic-complexity -MMD -MP -MF"Src/esp82xx_driver.d" -MT"Src/esp82xx_driver.o" --specs=nano.specs -mfpu=fpv4-sp-d16 -mfloat-abi=hard -mthumb -o "Src/esp82xx_driver.o"
arm-none-eabi-gcc "../Src/main.c" -mcpu=cortex-m4 -std=gnu11 -g3 -DDEBUG -DSTM32 -DSTM32F4 -DSTM32F411RETx -DSTM32F411xE -c -I../Inc -I"/Users/moafk22/mwafa2/STM32CubeIDE/Embedded-STM32-WIFI/esp_uart_driver2/chip_headers/CMSIS/Include" -I"/Users/moafk22/mwafa2/STM32CubeIDE/Embedded-STM32-WIFI/esp_uart_driver2/chip_headers/CMSIS/Device/ST/STM32F4xx/Include" -O0 -ffunction-sections -fdata-sections -Wall -fstack-usage -fcyclomatic-complexity -MMD -MP -MF"Src/main.d" -MT"Src/main.o" --specs=nano.specs -mfpu=fpv4-sp-d16 -mfloat-abi=hard -mthumb -o "Src/main.o"
arm-none-eabi-gcc "../Src/syscalls.c" -mcpu=cortex-m4 -std=gnu11 -g3 -DDEBUG -DSTM32 -DSTM32F4 -DSTM32F411RETx -DSTM32F411xE -c -I../Inc -I"/Users/moafk22/mwafa2/STM32CubeIDE/Embedded-STM32-WIFI/esp_uart_driver2/chip_headers/CMSIS/Include" -I"/Users/moafk22/mwafa2/STM32CubeIDE/Embedded-STM32-WIFI/esp_uart_driver2/chip_headers/CMSIS/Device/ST/STM32F4xx/Include" -O0 -ffunction-sections -fdata-sections -Wall -fstack-usage -fcyclomatic-complexity -MMD -MP -MF"Src/syscalls.d" -MT"Src/syscalls.o" --specs=nano.specs -mfpu=fpv4-sp-d16 -mfloat-abi=hard -mthumb -o "Src/syscalls.o"
arm-none-eabi-gcc "../Src/sysmem.c" -mcpu=cortex-m4 -std=gnu11 -g3 -DDEBUG -DSTM32 -DSTM32F4 -DSTM32F411RETx -DSTM32F411xE -c -I../Inc -I"/Users/moafk22/mwafa2/STM32CubeIDE/Embedded-STM32-WIFI/esp_uart_driver2/chip_headers/CMSIS/Include" -I"/Users/moafk22/mwafa2/STM32CubeIDE/Embedded-STM32-WIFI/esp_uart_driver2/chip_headers/CMSIS/Device/ST/STM32F4xx/Include" -O0 -ffunction-sections -fdata-sections -Wall -fstack-usage -fcyclomatic-complexity -MMD -MP -MF"Src/sysmem.d" -MT"Src/sysmem.o" --specs=nano.specs -mfpu=fpv4-sp-d16 -mfloat-abi=hard -mthumb -o "Src/sysmem.o"
arm-none-eabi-gcc -o "esp_uart_driver2.elf" @"objects.list"   -mcpu=cortex-m4 -T"/Users/moafk22/mwafa2/STM32CubeIDE/Embedded-STM32-WIFI/esp_uart_driver2/STM32F411RETX_FLASH.ld" --specs=nosys.specs -Wl,-Map="esp_uart_driver2.map" -Wl,--gc-sections -static --specs=nano.specs -mfpu=fpv4-sp-d16 -mfloat-abi=hard -mthumb -Wl,--start-group -lc -lm -Wl,--end-group
Finished building target: esp_uart_driver2.elf
 
arm-none-eabi-size   esp_uart_driver2.elf 
arm-none-eabi-objdump -h -S  esp_uart_driver2.elf  > "esp_uart_driver2.list"
   text	   data	    bss	    dec	    hex	filename
   5588	    108	   1588	   7284	   1c74	esp_uart_driver2.elf
Finished building: default.size.stdout
 
Finished building: esp_uart_driver2.list
 

07:29:09 Build Finished. 0 errors, 0 warnings. (took 551ms)

